Archive member included to satisfy reference by file (symbol)

/usr/lib/gcc/arm-none-eabi/13.2.1/../../../arm-none-eabi/lib/thumb/v7e-m+fp/hard/libc_nano.a(libc_a-impure.o)
                              /home/hexin/code/MA/RIOT/examples/timecast/bin/nrf52840dk/newlib_syscalls_default/syscalls.o (_impure_ptr)
/usr/lib/gcc/arm-none-eabi/13.2.1/../../../arm-none-eabi/lib/thumb/v7e-m+fp/hard/libc_nano.a(libc_a-init.o)
                              /home/hexin/code/MA/RIOT/examples/timecast/bin/nrf52840dk/cortexm_common/vectors_cortexm.o (__libc_init_array)
/usr/lib/gcc/arm-none-eabi/13.2.1/../../../arm-none-eabi/lib/thumb/v7e-m+fp/hard/libc_nano.a(libc_a-puts.o)
                              /home/hexin/code/MA/RIOT/examples/timecast/bin/nrf52840dk/application_timecast/main.o (puts)
/usr/lib/gcc/arm-none-eabi/13.2.1/../../../arm-none-eabi/lib/thumb/v7e-m+fp/hard/libc_nano.a(libc_a-findfp.o)
                              /home/hexin/code/MA/RIOT/examples/timecast/bin/nrf52840dk/newlib_syscalls_default/syscalls.o (__sinit)
/usr/lib/gcc/arm-none-eabi/13.2.1/../../../arm-none-eabi/lib/thumb/v7e-m+fp/hard/libc_nano.a(libc_a-memset.o)
                              /home/hexin/code/MA/RIOT/examples/timecast/bin/nrf52840dk/application_timecast/main.o (memset)
/usr/lib/gcc/arm-none-eabi/13.2.1/../../../arm-none-eabi/lib/thumb/v7e-m+fp/hard/libc_nano.a(libc_a-fflush.o)
                              /usr/lib/gcc/arm-none-eabi/13.2.1/../../../arm-none-eabi/lib/thumb/v7e-m+fp/hard/libc_nano.a(libc_a-findfp.o) (_fflush_r)
/usr/lib/gcc/arm-none-eabi/13.2.1/../../../arm-none-eabi/lib/thumb/v7e-m+fp/hard/libc_nano.a(libc_a-errno.o)
                              /home/hexin/code/MA/RIOT/examples/timecast/bin/nrf52840dk/newlib_syscalls_default/syscalls.o (__errno)
/usr/lib/gcc/arm-none-eabi/13.2.1/../../../arm-none-eabi/lib/thumb/v7e-m+fp/hard/libc_nano.a(libc_a-realloc.o)
                              /home/hexin/code/MA/RIOT/examples/timecast/bin/nrf52840dk/malloc_thread_safe/malloc_wrappers.o (realloc)
/usr/lib/gcc/arm-none-eabi/13.2.1/../../../arm-none-eabi/lib/thumb/v7e-m+fp/hard/libc_nano.a(libc_a-mstats.o)
                              /home/hexin/code/MA/RIOT/examples/timecast/bin/nrf52840dk/newlib_syscalls_default/syscalls.o (mallinfo)
/usr/lib/gcc/arm-none-eabi/13.2.1/../../../arm-none-eabi/lib/thumb/v7e-m+fp/hard/libc_nano.a(libc_a-mallocr.o)
                              /usr/lib/gcc/arm-none-eabi/13.2.1/../../../arm-none-eabi/lib/thumb/v7e-m+fp/hard/libc_nano.a(libc_a-findfp.o) (_malloc_r)
/usr/lib/gcc/arm-none-eabi/13.2.1/../../../arm-none-eabi/lib/thumb/v7e-m+fp/hard/libc_nano.a(libc_a-freer.o)
                              /usr/lib/gcc/arm-none-eabi/13.2.1/../../../arm-none-eabi/lib/thumb/v7e-m+fp/hard/libc_nano.a(libc_a-fflush.o) (_free_r)
/usr/lib/gcc/arm-none-eabi/13.2.1/../../../arm-none-eabi/lib/thumb/v7e-m+fp/hard/libc_nano.a(libc_a-fwalk.o)
                              /usr/lib/gcc/arm-none-eabi/13.2.1/../../../arm-none-eabi/lib/thumb/v7e-m+fp/hard/libc_nano.a(libc_a-findfp.o) (_fwalk_sglue)
/usr/lib/gcc/arm-none-eabi/13.2.1/../../../arm-none-eabi/lib/thumb/v7e-m+fp/hard/libc_nano.a(libc_a-wsetup.o)
                              /usr/lib/gcc/arm-none-eabi/13.2.1/../../../arm-none-eabi/lib/thumb/v7e-m+fp/hard/libc_nano.a(libc_a-puts.o) (__swsetup_r)
/usr/lib/gcc/arm-none-eabi/13.2.1/../../../arm-none-eabi/lib/thumb/v7e-m+fp/hard/libc_nano.a(libc_a-memcpy.o)
                              /home/hexin/code/MA/RIOT/examples/timecast/bin/nrf52840dk/application_timecast/packet.o (memcpy)
/usr/lib/gcc/arm-none-eabi/13.2.1/../../../arm-none-eabi/lib/thumb/v7e-m+fp/hard/libc_nano.a(libc_a-malloc.o)
                              /home/hexin/code/MA/RIOT/examples/timecast/bin/nrf52840dk/malloc_thread_safe/malloc_wrappers.o (malloc)
/usr/lib/gcc/arm-none-eabi/13.2.1/../../../arm-none-eabi/lib/thumb/v7e-m+fp/hard/libc_nano.a(libc_a-fprintf.o)
                              /usr/lib/gcc/arm-none-eabi/13.2.1/../../../arm-none-eabi/lib/thumb/v7e-m+fp/hard/libc_nano.a(libc_a-mstats.o) (fiprintf)
/usr/lib/gcc/arm-none-eabi/13.2.1/../../../arm-none-eabi/lib/thumb/v7e-m+fp/hard/libc_nano.a(libc_a-reallocr.o)
                              /usr/lib/gcc/arm-none-eabi/13.2.1/../../../arm-none-eabi/lib/thumb/v7e-m+fp/hard/libc_nano.a(libc_a-realloc.o) (_realloc_r)
/usr/lib/gcc/arm-none-eabi/13.2.1/../../../arm-none-eabi/lib/thumb/v7e-m+fp/hard/libc_nano.a(libc_a-mlock.o)
                              /usr/lib/gcc/arm-none-eabi/13.2.1/../../../arm-none-eabi/lib/thumb/v7e-m+fp/hard/libc_nano.a(libc_a-mallocr.o) (__malloc_lock)
/usr/lib/gcc/arm-none-eabi/13.2.1/../../../arm-none-eabi/lib/thumb/v7e-m+fp/hard/libc_nano.a(libc_a-makebuf.o)
                              /usr/lib/gcc/arm-none-eabi/13.2.1/../../../arm-none-eabi/lib/thumb/v7e-m+fp/hard/libc_nano.a(libc_a-wsetup.o) (__smakebuf_r)
/usr/lib/gcc/arm-none-eabi/13.2.1/../../../arm-none-eabi/lib/thumb/v7e-m+fp/hard/libc_nano.a(libc_a-mallinfor.o)
[...]
Memory Configuration

Name             Origin             Length             Attributes
rom              0x00000000         0x00100000         xr
ram              0x20000000         0x00040000         w!xr
bkup_ram         0x00000000         0x00000000         w!xr
rom_aux          0x00100000         0x00000000         xr
*default*        0x00000000         0xffffffff

Linker script and memory map

LOAD /home/hexin/code/MA/RIOT/examples/timecast/bin/nrf52840dk/application_timecast/main.o
LOAD /home/hexin/code/MA/RIOT/examples/timecast/bin/nrf52840dk/application_timecast/packet.o
LOAD /home/hexin/code/MA/RIOT/examples/timecast/bin/nrf52840dk/application_timecast/protocol.o
LOAD /home/hexin/code/MA/RIOT/examples/timecast/bin/nrf52840dk/application_timecast/radio_util.o
LOAD /home/hexin/code/MA/RIOT/examples/timecast/bin/nrf52840dk/application_timecast/store.o
LOAD /home/hexin/code/MA/RIOT/examples/timecast/bin/nrf52840dk/application_timecast/tta_driver.o
LOAD /home/hexin/code/MA/RIOT/examples/timecast/bin/nrf52840dk/auto_init/auto_init.o
LOAD /home/hexin/code/MA/RIOT/examples/timecast/bin/nrf52840dk/board/mtd.o
LOAD /home/hexin/code/MA/RIOT/examples/timecast/bin/nrf52840dk/board_common_init/board_common.o
LOAD /home/hexin/code/MA/RIOT/examples/timecast/bin/nrf52840dk/core/cond.o
LOAD /home/hexin/code/MA/RIOT/examples/timecast/bin/nrf52840dk/core/msg.o
LOAD /home/hexin/code/MA/RIOT/examples/timecast/bin/nrf52840dk/core/mutex.o
LOAD /home/hexin/code/MA/RIOT/examples/timecast/bin/nrf52840dk/core/sched.o
LOAD /home/hexin/code/MA/RIOT/examples/timecast/bin/nrf52840dk/core/thread.o
LOAD /home/hexin/code/MA/RIOT/examples/timecast/bin/nrf52840dk/core_lib/assert.o
LOAD /home/hexin/code/MA/RIOT/examples/timecast/bin/nrf52840dk/core_lib/atomic_c11.o
LOAD /home/hexin/code/MA/RIOT/examples/timecast/bin/nrf52840dk/core_lib/atomic_sync.o
LOAD /home/hexin/code/MA/RIOT/examples/timecast/bin/nrf52840dk/core_lib/bitarithm.o
LOAD /home/hexin/code/MA/RIOT/examples/timecast/bin/nrf52840dk/core_lib/clist.o
LOAD /home/hexin/code/MA/RIOT/examples/timecast/bin/nrf52840dk/core_lib/init.o
LOAD /home/hexin/code/MA/RIOT/examples/timecast/bin/nrf52840dk/core_lib/panic.o
LOAD /home/hexin/code/MA/RIOT/examples/timecast/bin/nrf52840dk/core_lib/priority_queue.o
LOAD /home/hexin/code/MA/RIOT/examples/timecast/bin/nrf52840dk/core_lib/ringbuffer.o
LOAD /home/hexin/code/MA/RIOT/examples/timecast/bin/nrf52840dk/core_lib/rmutex.o
LOAD /home/hexin/code/MA/RIOT/examples/timecast/bin/nrf52840dk/cortexm_common/cortexm_init.o
LOAD /home/hexin/code/MA/RIOT/examples/timecast/bin/nrf52840dk/cortexm_common/mpu.o
LOAD /home/hexin/code/MA/RIOT/examples/timecast/bin/nrf52840dk/cortexm_common/panic.o
LOAD /home/hexin/code/MA/RIOT/examples/timecast/bin/nrf52840dk/cortexm_common/thread_arch.o
LOAD /home/hexin/code/MA/RIOT/examples/timecast/bin/nrf52840dk/cortexm_common/vectors_cortexm.o
LOAD /home/hexin/code/MA/RIOT/examples/timecast/bin/nrf52840dk/cortexm_common_periph/pm.o
LOAD /home/hexin/code/MA/RIOT/examples/timecast/bin/nrf52840dk/cpu/cpu.o
LOAD /home/hexin/code/MA/RIOT/examples/timecast/bin/nrf52840dk/cpu/spi_twi_irq.o
LOAD /home/hexin/code/MA/RIOT/examples/timecast/bin/nrf52840dk/cpu_common/clock.o
LOAD /home/hexin/code/MA/RIOT/examples/timecast/bin/nrf52840dk/div/div.o
LOAD /home/hexin/code/MA/RIOT/examples/timecast/bin/nrf52840dk/libc/string.o
LOAD /home/hexin/code/MA/RIOT/examples/timecast/bin/nrf52840dk/malloc_thread_safe/malloc_wrappers.o
LOAD /home/hexin/code/MA/RIOT/examples/timecast/bin/nrf52840dk/newlib_syscalls_default/syscalls.o
LOAD /home/hexin/code/MA/RIOT/examples/timecast/bin/nrf52840dk/nrf52_vectors/vectors_nrf52840xxaa.o
LOAD /home/hexin/code/MA/RIOT/examples/timecast/bin/nrf52840dk/nrf5x_common_periph/gpio.o
LOAD /home/hexin/code/MA/RIOT/examples/timecast/bin/nrf52840dk/nrf5x_common_periph/pm.o
LOAD /home/hexin/code/MA/RIOT/examples/timecast/bin/nrf52840dk/nrf5x_common_periph/uart.o
LOAD /home/hexin/code/MA/RIOT/examples/timecast/bin/nrf52840dk/periph_common/gpio.o
LOAD /home/hexin/code/MA/RIOT/examples/timecast/bin/nrf52840dk/periph_common/init.o
LOAD /home/hexin/code/MA/RIOT/examples/timecast/bin/nrf52840dk/periph_common/init_leds.o
LOAD /home/hexin/code/MA/RIOT/examples/timecast/bin/nrf52840dk/periph_common/pm.o
LOAD /home/hexin/code/MA/RIOT/examples/timecast/bin/nrf52840dk/stdio/stdio.o
LOAD /home/hexin/code/MA/RIOT/examples/timecast/bin/nrf52840dk/stdio_uart/stdio_uart.o
LOAD /usr/lib/gcc/arm-none-eabi/13.2.1/../../../arm-none-eabi/lib/thumb/v7e-m+fp/hard/libm.a
LOAD /usr/lib/gcc/arm-none-eabi/13.2.1/thumb/v7e-m+fp/hard/libgcc.a
                0x00000000                        _rom_start_addr = 0x0
                0x20000000                        _ram_start_addr = 0x20000000
                0x00100000                        _rom_length = 0x100000
                0x00040000                        _ram_length = 0x40000
LOAD /usr/lib/gcc/arm-none-eabi/13.2.1/../../../arm-none-eabi/lib/thumb/v7e-m+fp/hard/libc_nano.a
                0x00100000                        _slot_aux_offset = 0x100000
                0x00000000                        _slot_aux_len = 0x0
START GROUP
LOAD /usr/lib/gcc/arm-none-eabi/13.2.1/thumb/v7e-m+fp/hard/libgcc.a
LOAD /usr/lib/gcc/arm-none-eabi/13.2.1/../../../arm-none-eabi/lib/thumb/v7e-m+fp/hard/libg_nano.a
LOAD /usr/lib/gcc/arm-none-eabi/13.2.1/../../../arm-none-eabi/lib/thumb/v7e-m+fp/hard/libc_nano.a
END GROUP
START GROUP
LOAD /usr/lib/gcc/arm-none-eabi/13.2.1/thumb/v7e-m+fp/hard/libgcc.a
LOAD /usr/lib/gcc/arm-none-eabi/13.2.1/../../../arm-none-eabi/lib/thumb/v7e-m+fp/hard/libc_nano.a
END GROUP
                0x00000000                        _rom_offset = DEFINED (_rom_offset)?_rom_offset:0x0
                0x00000000                        _slot_aux_len = DEFINED (_slot_aux_len)?_slot_aux_len:0x0
                0x00100000                        _fw_rom_length = DEFINED (_fw_rom_length)?_fw_rom_length:((_rom_length - _rom_offset) - _slot_aux_len)
                0x00000001                        ASSERT ((_fw_rom_length <= ((_rom_length - _rom_offset) - _slot_aux_len)), Specified firmware size does not fit in ROM)
                0x00000001                        ASSERT ((_fw_rom_length <= _rom_length), Specified firmware size does not fit in ROM)
                0x00000000                        _backup_ram_start_addr = DEFINED (_backup_ram_start_addr)?_backup_ram_start_addr:0x0
                0x00000000                        _backup_ram_len = DEFINED (_backup_ram_len)?_backup_ram_len:0x0

.text           0x00000000     0x4688
                0x00000000                        . = ALIGN (0x4)
                0x00000000                        _sfixed = .
                0x00000000                        _isr_vectors = DEFINED (_isr_vectors)?_isr_vectors:.
 *(SORT_BY_NAME(.vectors*))
 .vectors.0     0x00000000       0x40 /home/hexin/code/MA/RIOT/examples/timecast/bin/nrf52840dk/cortexm_common/vectors_cortexm.o
                0x00000000                cortex_vector_base
 .vectors.1     0x00000040       0xc0 /home/hexin/code/MA/RIOT/examples/timecast/bin/nrf52840dk/nrf52_vectors/vectors_nrf52840xxaa.o
                0x00000040                vector_cpu
 *(.text .text.* .gnu.linkonce.t.*)
 .text._drain_tx_until_done
                0x00000100       0x38 /home/hexin/code/MA/RIOT/examples/timecast/bin/nrf52840dk/application_timecast/main.o
 .text._wait_until_ticks
                0x00000138       0x28 /home/hexin/code/MA/RIOT/examples/timecast/bin/nrf52840dk/application_timecast/main.o
 .text._refresh_local_payload
                0x00000160       0x48 /home/hexin/code/MA/RIOT/examples/timecast/bin/nrf52840dk/application_timecast/main.o
 .text._try_rx_enable
                0x000001a8       0x24 /home/hexin/code/MA/RIOT/examples/timecast/bin/nrf52840dk/application_timecast/main.o
 .text._current_p2_start_ticks
                0x000001cc       0x18 /home/hexin/code/MA/RIOT/examples/timecast/bin/nrf52840dk/application_timecast/main.o
 .text._on_tta_event
                0x000001e4      0x13c /home/hexin/code/MA/RIOT/examples/timecast/bin/nrf52840dk/application_timecast/main.o
 .text._drain_rx_until_idle.isra.0
                0x00000320       0x30 /home/hexin/code/MA/RIOT/examples/timecast/bin/nrf52840dk/application_timecast/main.o
 .text._estimated_p2_slot_ticks.constprop.0
                0x00000350       0x74 /home/hexin/code/MA/RIOT/examples/timecast/bin/nrf52840dk/application_timecast/main.o
 .text.startup.main
                0x000003c4      0x870 /home/hexin/code/MA/RIOT/examples/timecast/bin/nrf52840dk/application_timecast/main.o
                0x000003c4                main
 .text.timecast_packet_encode_p1_sync
                0x00000c34       0x3e /home/hexin/code/MA/RIOT/examples/timecast/bin/nrf52840dk/application_timecast/packet.o
                0x00000c34                timecast_packet_encode_p1_sync
 .text.timecast_packet_decode_p1_sync
                0x00000c72       0x50 /home/hexin/code/MA/RIOT/examples/timecast/bin/nrf52840dk/application_timecast/packet.o
                0x00000c72                timecast_packet_decode_p1_sync
 .text.timecast_packet_encode_p2_data
                0x00000cc2       0x58 /home/hexin/code/MA/RIOT/examples/timecast/bin/nrf52840dk/application_timecast/packet.o
                0x00000cc2                timecast_packet_encode_p2_data
 .text.timecast_packet_decode_p2_data
                0x00000d1a       0x56 /home/hexin/code/MA/RIOT/examples/timecast/bin/nrf52840dk/application_timecast/packet.o
                0x00000d1a                timecast_packet_decode_p2_data
 .text.timecast_packet_encode_pre_p2_ctrl
                0x00000d70        0xe /home/hexin/code/MA/RIOT/examples/timecast/bin/nrf52840dk/application_timecast/packet.o
                0x00000d70                timecast_packet_encode_pre_p2_ctrl
 .text.timecast_packet_decode_pre_p2_ctrl
                0x00000d7e       0x14 /home/hexin/code/MA/RIOT/examples/timecast/bin/nrf52840dk/application_timecast/packet.o
                0x00000d7e                timecast_packet_decode_pre_p2_ctrl
 .text._pre_p2_store_p2_payload_len
                0x00000d92       0x40 /home/hexin/code/MA/RIOT/examples/timecast/bin/nrf52840dk/application_timecast/protocol.o
 .text.timecast_protocol_init
                0x00000dd2       0x24 /home/hexin/code/MA/RIOT/examples/timecast/bin/nrf52840dk/application_timecast/protocol.o
                0x00000dd2                timecast_protocol_init
 .text.timecast_protocol_p1_start
                0x00000df6       0x78 /home/hexin/code/MA/RIOT/examples/timecast/bin/nrf52840dk/application_timecast/protocol.o
                0x00000df6                timecast_protocol_p1_start
 .text.timecast_protocol_p1_is_active
                0x00000e6e       0x16 /home/hexin/code/MA/RIOT/examples/timecast/bin/nrf52840dk/application_timecast/protocol.o
                0x00000e6e                timecast_protocol_p1_is_active
 .text.timecast_protocol_p1_has_tref
                0x00000e84        0xc /home/hexin/code/MA/RIOT/examples/timecast/bin/nrf52840dk/application_timecast/protocol.o
                0x00000e84                timecast_protocol_p1_has_tref
 .text.timecast_protocol_p1_should_tx
                0x00000e90       0x14 /home/hexin/code/MA/RIOT/examples/timecast/bin/nrf52840dk/application_timecast/protocol.o
                0x00000e90                timecast_protocol_p1_should_tx
 .text.timecast_protocol_p1_get_slot_idx
                0x00000ea4        0x8 /home/hexin/code/MA/RIOT/examples/timecast/bin/nrf52840dk/application_timecast/protocol.o
                0x00000ea4                timecast_protocol_p1_get_slot_idx
 .text.timecast_protocol_p1_get_slot_start_local_ticks
                0x00000eac       0x20 /home/hexin/code/MA/RIOT/examples/timecast/bin/nrf52840dk/application_timecast/protocol.o
                0x00000eac                timecast_protocol_p1_get_slot_start_local_ticks
 .text.timecast_protocol_p1_prepare_tx
                0x00000ecc       0x5a /home/hexin/code/MA/RIOT/examples/timecast/bin/nrf52840dk/application_timecast/protocol.o
                0x00000ecc                timecast_protocol_p1_prepare_tx
 .text.timecast_protocol_p1_handle_rx
                0x00000f26       0x9c /home/hexin/code/MA/RIOT/examples/timecast/bin/nrf52840dk/application_timecast/protocol.o
                0x00000f26                timecast_protocol_p1_handle_rx
 .text.timecast_protocol_p1_finish_slot
                0x00000fc2       0x64 /home/hexin/code/MA/RIOT/examples/timecast/bin/nrf52840dk/application_timecast/protocol.o
                0x00000fc2                timecast_protocol_p1_finish_slot
 .text.timecast_protocol_p1_get_tref_local_ticks
                0x00001026        0x6 /home/hexin/code/MA/RIOT/examples/timecast/bin/nrf52840dk/application_timecast/protocol.o
                0x00001026                timecast_protocol_p1_get_tref_local_ticks
 .text.timecast_protocol_p1_get_next_phase_start_local_ticks
                0x0000102c        0x6 /home/hexin/code/MA/RIOT/examples/timecast/bin/nrf52840dk/application_timecast/protocol.o
                0x0000102c                timecast_protocol_p1_get_next_phase_start_local_ticks
 .text.timecast_protocol_pre_p2_start
                0x00001032       0x8e /home/hexin/code/MA/RIOT/examples/timecast/bin/nrf52840dk/application_timecast/protocol.o
                0x00001032                timecast_protocol_pre_p2_start
 .text.timecast_protocol_pre_p2_is_active
                0x000010c0       0x16 /home/hexin/code/MA/RIOT/examples/timecast/bin/nrf52840dk/application_timecast/protocol.o
                0x000010c0                timecast_protocol_pre_p2_is_active
 .text.timecast_protocol_pre_p2_is_complete
                0x000010d6        0xc /home/hexin/code/MA/RIOT/examples/timecast/bin/nrf52840dk/application_timecast/protocol.o
                0x000010d6                timecast_protocol_pre_p2_is_complete
 .text.timecast_protocol_pre_p2_is_tx_slot
                0x000010e2       0x14 /home/hexin/code/MA/RIOT/examples/timecast/bin/nrf52840dk/application_timecast/protocol.o
                0x000010e2                timecast_protocol_pre_p2_is_tx_slot
 .text.timecast_protocol_pre_p2_get_slot_idx
                0x000010f6        0x8 /home/hexin/code/MA/RIOT/examples/timecast/bin/nrf52840dk/application_timecast/protocol.o
                0x000010f6                timecast_protocol_pre_p2_get_slot_idx
 .text.timecast_protocol_pre_p2_get_subslot_idx
                0x000010fe        0x8 /home/hexin/code/MA/RIOT/examples/timecast/bin/nrf52840dk/application_timecast/protocol.o
                0x000010fe                timecast_protocol_pre_p2_get_subslot_idx
 .text.timecast_protocol_pre_p2_get_owner_node_id
                0x00001106       0x1e /home/hexin/code/MA/RIOT/examples/timecast/bin/nrf52840dk/application_timecast/protocol.o
                0x00001106                timecast_protocol_pre_p2_get_owner_node_id
 .text.timecast_protocol_pre_p2_get_subslot_start_local_ticks
                0x00001124       0x22 /home/hexin/code/MA/RIOT/examples/timecast/bin/nrf52840dk/application_timecast/protocol.o
                0x00001124                timecast_protocol_pre_p2_get_subslot_start_local_ticks
 .text.timecast_protocol_pre_p2_get_p2_start_local_ticks
                0x00001146        0x6 /home/hexin/code/MA/RIOT/examples/timecast/bin/nrf52840dk/application_timecast/protocol.o
                0x00001146                timecast_protocol_pre_p2_get_p2_start_local_ticks
 .text.timecast_protocol_pre_p2_has_p2_payload_len
                0x0000114c       0x1c /home/hexin/code/MA/RIOT/examples/timecast/bin/nrf52840dk/application_timecast/protocol.o
                0x0000114c                timecast_protocol_pre_p2_has_p2_payload_len
 .text.timecast_protocol_pre_p2_prepare_tx
                0x00001168       0x36 /home/hexin/code/MA/RIOT/examples/timecast/bin/nrf52840dk/application_timecast/protocol.o
                0x00001168                timecast_protocol_pre_p2_prepare_tx
 .text.timecast_protocol_pre_p2_handle_rx
                0x0000119e       0x86 /home/hexin/code/MA/RIOT/examples/timecast/bin/nrf52840dk/application_timecast/protocol.o
                0x0000119e                timecast_protocol_pre_p2_handle_rx
 .text.timecast_protocol_pre_p2_finish_subslot
                0x00001224       0x66 /home/hexin/code/MA/RIOT/examples/timecast/bin/nrf52840dk/application_timecast/protocol.o
                0x00001224                timecast_protocol_pre_p2_finish_subslot
 .text.timecast_protocol_p2_start
                0x0000128a       0xba /home/hexin/code/MA/RIOT/examples/timecast/bin/nrf52840dk/application_timecast/protocol.o
                0x0000128a                timecast_protocol_p2_start
 .text.timecast_protocol_p2_is_active
                0x00001344       0x16 /home/hexin/code/MA/RIOT/examples/timecast/bin/nrf52840dk/application_timecast/protocol.o
                0x00001344                timecast_protocol_p2_is_active
 .text.timecast_protocol_p2_is_tx_slot
                0x0000135a       0x14 /home/hexin/code/MA/RIOT/examples/timecast/bin/nrf52840dk/application_timecast/protocol.o
                0x0000135a                timecast_protocol_p2_is_tx_slot
 .text.timecast_protocol_p2_get_slot_idx
                0x0000136e        0x8 /home/hexin/code/MA/RIOT/examples/timecast/bin/nrf52840dk/application_timecast/protocol.o
                0x0000136e                timecast_protocol_p2_get_slot_idx
 .text.timecast_protocol_p2_get_subslot_idx
                0x00001376        0x8 /home/hexin/code/MA/RIOT/examples/timecast/bin/nrf52840dk/application_timecast/protocol.o
                0x00001376                timecast_protocol_p2_get_subslot_idx
 .text.timecast_protocol_p2_get_node_list_len
                0x0000137e        0x8 /home/hexin/code/MA/RIOT/examples/timecast/bin/nrf52840dk/application_timecast/protocol.o
                0x0000137e                timecast_protocol_p2_get_node_list_len
 .text.timecast_protocol_p2_get_owner_node_id
                0x00001386       0x1e /home/hexin/code/MA/RIOT/examples/timecast/bin/nrf52840dk/application_timecast/protocol.o
                0x00001386                timecast_protocol_p2_get_owner_node_id
 .text.timecast_protocol_p2_get_subslot_start_local_ticks
                0x000013a4       0x38 /home/hexin/code/MA/RIOT/examples/timecast/bin/nrf52840dk/application_timecast/protocol.o
                0x000013a4                timecast_protocol_p2_get_subslot_start_local_ticks
 .text.timecast_protocol_p2_get_subslot_ticks
                0x000013dc       0x26 /home/hexin/code/MA/RIOT/examples/timecast/bin/nrf52840dk/application_timecast/protocol.o
                0x000013dc                timecast_protocol_p2_get_subslot_ticks
 .text.timecast_protocol_p2_prepare_tx
                0x00001402       0x7c /home/hexin/code/MA/RIOT/examples/timecast/bin/nrf52840dk/application_timecast/protocol.o
                0x00001402                timecast_protocol_p2_prepare_tx
 .text.timecast_protocol_p2_handle_rx
                0x0000147e       0xfe /home/hexin/code/MA/RIOT/examples/timecast/bin/nrf52840dk/application_timecast/protocol.o
                0x0000147e                timecast_protocol_p2_handle_rx
 .text.timecast_protocol_p2_finish_subslot
                0x0000157c       0x6a /home/hexin/code/MA/RIOT/examples/timecast/bin/nrf52840dk/application_timecast/protocol.o
                0x0000157c                timecast_protocol_p2_finish_subslot
 *fill*         0x000015e6        0x2 
 .text.radio_util_ppi_anchor_init
                0x000015e8       0x6c /home/hexin/code/MA/RIOT/examples/timecast/bin/nrf52840dk/application_timecast/radio_util.o
                0x000015e8                radio_util_ppi_anchor_init
 .text.radio_util_init
                0x00001654        0x4 /home/hexin/code/MA/RIOT/examples/timecast/bin/nrf52840dk/application_timecast/radio_util.o
                0x00001654                radio_util_init
 .text.radio_util_get_last_address_time_ticks
                0x00001658        0xc /home/hexin/code/MA/RIOT/examples/timecast/bin/nrf52840dk/application_timecast/radio_util.o
                0x00001658                radio_util_get_last_address_time_ticks
 .text.radio_util_ppi_anchor_arm
                0x00001664       0x40 /home/hexin/code/MA/RIOT/examples/timecast/bin/nrf52840dk/application_timecast/radio_util.o
                0x00001664                radio_util_ppi_anchor_arm
 .text.timecast_store_clear
                0x000016a4       0x1a /home/hexin/code/MA/RIOT/examples/timecast/bin/nrf52840dk/application_timecast/store.o
                0x000016a4                timecast_store_clear
 .text.timecast_store_init
                0x000016be        0xa /home/hexin/code/MA/RIOT/examples/timecast/bin/nrf52840dk/application_timecast/store.o
                0x000016be                timecast_store_init
 .text.timecast_store_mark_participant
                0x000016c8       0x26 /home/hexin/code/MA/RIOT/examples/timecast/bin/nrf52840dk/application_timecast/store.o
                0x000016c8                timecast_store_mark_participant
 .text.timecast_store_write
                0x000016ee       0x4e /home/hexin/code/MA/RIOT/examples/timecast/bin/nrf52840dk/application_timecast/store.o
                0x000016ee                timecast_store_write
 .text.timecast_store_import
                0x0000173c       0x4e /home/hexin/code/MA/RIOT/examples/timecast/bin/nrf52840dk/application_timecast/store.o
                0x0000173c                timecast_store_import
 .text.timecast_store_get
                0x0000178a       0x14 /home/hexin/code/MA/RIOT/examples/timecast/bin/nrf52840dk/application_timecast/store.o
                0x0000178a                timecast_store_get
 .text.timecast_store_has_data
                0x0000179e       0x14 /home/hexin/code/MA/RIOT/examples/timecast/bin/nrf52840dk/application_timecast/store.o
                0x0000179e                timecast_store_has_data
 .text.timecast_store_present_count
                0x000017b2        0x6 /home/hexin/code/MA/RIOT/examples/timecast/bin/nrf52840dk/application_timecast/store.o
                0x000017b2                timecast_store_present_count
 .text.timecast_store_participant_count
                0x000017b8        0x6 /home/hexin/code/MA/RIOT/examples/timecast/bin/nrf52840dk/application_timecast/store.o
                0x000017b8                timecast_store_participant_count
 *fill*         0x000017be        0x2 
 .text._defer_event_from_isr
                0x000017c0       0x7c /home/hexin/code/MA/RIOT/examples/timecast/bin/nrf52840dk/application_timecast/tta_driver.o
 .text._wait_radio_disabled.constprop.0
                0x0000183c       0x34 /home/hexin/code/MA/RIOT/examples/timecast/bin/nrf52840dk/application_timecast/tta_driver.o
 .text.isr_radio
                0x00001870       0xd0 /home/hexin/code/MA/RIOT/examples/timecast/bin/nrf52840dk/application_timecast/tta_driver.o
                0x00001870                isr_radio
 .text.tta_driver_init
                0x00001940       0x7c /home/hexin/code/MA/RIOT/examples/timecast/bin/nrf52840dk/application_timecast/tta_driver.o
                0x00001940                tta_driver_init
 .text.tta_driver_set_event_cb
                0x000019bc       0x14 /home/hexin/code/MA/RIOT/examples/timecast/bin/nrf52840dk/application_timecast/tta_driver.o
                0x000019bc                tta_driver_set_event_cb
 .text.tta_driver_start
                0x000019d0       0xbc /home/hexin/code/MA/RIOT/examples/timecast/bin/nrf52840dk/application_timecast/tta_driver.o
                0x000019d0                tta_driver_start
 .text.tta_driver_rx_enable
                0x00001a8c       0x6c /home/hexin/code/MA/RIOT/examples/timecast/bin/nrf52840dk/application_timecast/tta_driver.o
                0x00001a8c                tta_driver_rx_enable
 .text.tta_driver_rx_disable
                0x00001af8       0x40 /home/hexin/code/MA/RIOT/examples/timecast/bin/nrf52840dk/application_timecast/tta_driver.o
                0x00001af8                tta_driver_rx_disable
 .text.tta_driver_tx
                0x00001b38      0x154 /home/hexin/code/MA/RIOT/examples/timecast/bin/nrf52840dk/application_timecast/tta_driver.o
                0x00001b38                tta_driver_tx
 .text.tta_driver_process
                0x00001c8c       0x74 /home/hexin/code/MA/RIOT/examples/timecast/bin/nrf52840dk/application_timecast/tta_driver.o
                0x00001c8c                tta_driver_process
 .text.tta_driver_get_stats
                0x00001d00       0x38 /home/hexin/code/MA/RIOT/examples/timecast/bin/nrf52840dk/application_timecast/tta_driver.o
                0x00001d00                tta_driver_get_stats
 .text.auto_init
                0x00001d38       0x24 /home/hexin/code/MA/RIOT/examples/timecast/bin/nrf52840dk/auto_init/auto_init.o
                0x00001d38                auto_init
 .text.board_init
                0x00001d5c        0x2 /home/hexin/code/MA/RIOT/examples/timecast/bin/nrf52840dk/board_common_init/board_common.o
                0x00001d5c                board_init
 .text.clist_remove.isra.0
                0x00001d5e       0x3c /home/hexin/code/MA/RIOT/examples/timecast/bin/nrf52840dk/core/sched.o
 *fill*         0x00001d9a        0x2 
 .text.sched_run
                0x00001d9c       0x74 /home/hexin/code/MA/RIOT/examples/timecast/bin/nrf52840dk/core/sched.o
                0x00001d9c                sched_run
 .text.sched_set_status
                0x00001e10       0x78 /home/hexin/code/MA/RIOT/examples/timecast/bin/nrf52840dk/core/sched.o
                0x00001e10                sched_set_status
 .text.sched_switch
                0x00001e88       0x3c /home/hexin/code/MA/RIOT/examples/timecast/bin/nrf52840dk/core/sched.o
                0x00001e88                sched_switch
 .text.sched_task_exit
                0x00001ec4       0x40 /home/hexin/code/MA/RIOT/examples/timecast/bin/nrf52840dk/core/sched.o
                0x00001ec4                sched_task_exit
 .text.thread_create
                0x00001f04       0xc0 /home/hexin/code/MA/RIOT/examples/timecast/bin/nrf52840dk/core/thread.o
                0x00001f04                thread_create
 .text.main_trampoline
                0x00001fc4       0x18 /home/hexin/code/MA/RIOT/examples/timecast/bin/nrf52840dk/core_lib/init.o
 .text.kernel_init
                0x00001fdc       0x34 /home/hexin/code/MA/RIOT/examples/timecast/bin/nrf52840dk/core_lib/init.o
                0x00001fdc                kernel_init
 .text.early_init
                0x00002010        0xe /home/hexin/code/MA/RIOT/examples/timecast/bin/nrf52840dk/core_lib/init.o
                0x00002010                early_init
 .text.panic_app
                0x0000201e        0x2 /home/hexin/code/MA/RIOT/examples/timecast/bin/nrf52840dk/core_lib/panic.o
                0x0000201e                panic_app
 .text.core_panic
                0x00002020       0x3c /home/hexin/code/MA/RIOT/examples/timecast/bin/nrf52840dk/core_lib/panic.o
                0x00002020                core_panic
 .text.cortexm_init
                0x0000205c       0x40 /home/hexin/code/MA/RIOT/examples/timecast/bin/nrf52840dk/cortexm_common/cortexm_init.o
                0x0000205c                cortexm_init
 .text.panic_arch
                0x0000209c        0x2 /home/hexin/code/MA/RIOT/examples/timecast/bin/nrf52840dk/cortexm_common/panic.o
                0x0000209c                panic_arch
 *fill*         0x0000209e        0x2 
 .text.thread_stack_init
                0x000020a0       0x68 /home/hexin/code/MA/RIOT/examples/timecast/bin/nrf52840dk/cortexm_common/thread_arch.o
                0x000020a0                thread_stack_init
 .text.cpu_switch_context_exit
                0x00002108       0x2c /home/hexin/code/MA/RIOT/examples/timecast/bin/nrf52840dk/cortexm_common/thread_arch.o
                0x00002108                cpu_switch_context_exit
 .text.isr_pendsv
                0x00002134       0x4c /home/hexin/code/MA/RIOT/examples/timecast/bin/nrf52840dk/cortexm_common/thread_arch.o
                0x00002134                isr_pendsv
 .text.isr_svc  0x00002180       0x10 /home/hexin/code/MA/RIOT/examples/timecast/bin/nrf52840dk/cortexm_common/thread_arch.o
                0x00002180                isr_svc
 .text.sched_arch_idle
                0x00002190        0xc /home/hexin/code/MA/RIOT/examples/timecast/bin/nrf52840dk/cortexm_common/thread_arch.o
                0x00002190                sched_arch_idle
 .text.nmi_handler
                0x0000219c       0x10 /home/hexin/code/MA/RIOT/examples/timecast/bin/nrf52840dk/cortexm_common/vectors_cortexm.o
                0x0000219c                nmi_handler
 .text.hard_fault_default
                0x000021ac       0x10 /home/hexin/code/MA/RIOT/examples/timecast/bin/nrf52840dk/cortexm_common/vectors_cortexm.o
                0x000021ac                hard_fault_default
 .text.mem_manage_default
                0x000021bc       0x10 /home/hexin/code/MA/RIOT/examples/timecast/bin/nrf52840dk/cortexm_common/vectors_cortexm.o
                0x000021bc                mem_manage_default
 .text.bus_fault_default
                0x000021cc       0x10 /home/hexin/code/MA/RIOT/examples/timecast/bin/nrf52840dk/cortexm_common/vectors_cortexm.o
                0x000021cc                bus_fault_default
 .text.usage_fault_default
                0x000021dc       0x10 /home/hexin/code/MA/RIOT/examples/timecast/bin/nrf52840dk/cortexm_common/vectors_cortexm.o
                0x000021dc                usage_fault_default
 .text.debug_mon_default
                0x000021ec       0x10 /home/hexin/code/MA/RIOT/examples/timecast/bin/nrf52840dk/cortexm_common/vectors_cortexm.o
                0x000021ec                debug_mon_default
 .text.dummy_handler_default
                0x000021fc       0x10 /home/hexin/code/MA/RIOT/examples/timecast/bin/nrf52840dk/cortexm_common/vectors_cortexm.o
                0x000021fc                dummy_handler_default
                0x000021fc                isr_systick
 .text.pre_startup
                0x0000220c        0x2 /home/hexin/code/MA/RIOT/examples/timecast/bin/nrf52840dk/cortexm_common/vectors_cortexm.o
                0x0000220c                pre_startup
 .text.post_startup
                0x0000220e        0x2 /home/hexin/code/MA/RIOT/examples/timecast/bin/nrf52840dk/cortexm_common/vectors_cortexm.o
                0x0000220e                post_startup
 .text.reset_handler_default
                0x00002210       0x78 /home/hexin/code/MA/RIOT/examples/timecast/bin/nrf52840dk/cortexm_common/vectors_cortexm.o
                0x00002210                reset_handler_default
 .text.pm_reboot
                0x00002288       0x24 /home/hexin/code/MA/RIOT/examples/timecast/bin/nrf52840dk/cortexm_common_periph/pm.o
                0x00002288                pm_reboot
 .text.ftpan_32
                0x000022ac       0x36 /home/hexin/code/MA/RIOT/examples/timecast/bin/nrf52840dk/cpu/cpu.o
 *fill*         0x000022e2        0x2 
 .text.cpu_init
                0x000022e4       0x74 /home/hexin/code/MA/RIOT/examples/timecast/bin/nrf52840dk/cpu/cpu.o
                0x000022e4                cpu_init
 .text.cortexm_isr_end
                0x00002358       0x1c /home/hexin/code/MA/RIOT/examples/timecast/bin/nrf52840dk/cpu/spi_twi_irq.o
 .text.isr_spi0_twi0
                0x00002374       0x1c /home/hexin/code/MA/RIOT/examples/timecast/bin/nrf52840dk/cpu/spi_twi_irq.o
                0x00002374                isr_spi0_twi0
 .text.isr_spi1_twi1
                0x00002390       0x1c /home/hexin/code/MA/RIOT/examples/timecast/bin/nrf52840dk/cpu/spi_twi_irq.o
                0x00002390                isr_spi1_twi1
 .text.isr_spi2
                0x000023ac       0x1c /home/hexin/code/MA/RIOT/examples/timecast/bin/nrf52840dk/cpu/spi_twi_irq.o
                0x000023ac                isr_spi2
 .text.isr_spi3
                0x000023c8       0x1c /home/hexin/code/MA/RIOT/examples/timecast/bin/nrf52840dk/cpu/spi_twi_irq.o
                0x000023c8                isr_spi3
 .text.clock_init_hf
                0x000023e4        0x2 /home/hexin/code/MA/RIOT/examples/timecast/bin/nrf52840dk/cpu_common/clock.o
                0x000023e4                clock_init_hf
 *fill*         0x000023e6        0x2 
 .text._init    0x000023e8        0xc /home/hexin/code/MA/RIOT/examples/timecast/bin/nrf52840dk/newlib_syscalls_default/syscalls.o
                0x000023e8                _init
 .text._fini    0x000023f4        0x2 /home/hexin/code/MA/RIOT/examples/timecast/bin/nrf52840dk/newlib_syscalls_default/syscalls.o
                0x000023f4                _fini
 *fill*         0x000023f6        0x2 
 .text._sbrk_r  0x000023f8       0x3c /home/hexin/code/MA/RIOT/examples/timecast/bin/nrf52840dk/newlib_syscalls_default/syscalls.o
                0x000023f8                _sbrk_r
 .text._read_r  0x00002434        0x8 /home/hexin/code/MA/RIOT/examples/timecast/bin/nrf52840dk/newlib_syscalls_default/syscalls.o
                0x00002434                _read_r
 .text._write_r
                0x0000243c        0x8 /home/hexin/code/MA/RIOT/examples/timecast/bin/nrf52840dk/newlib_syscalls_default/syscalls.o
                0x0000243c                _write_r
 .text._close_r
                0x00002444        0xa /home/hexin/code/MA/RIOT/examples/timecast/bin/nrf52840dk/newlib_syscalls_default/syscalls.o
                0x00002444                _close_r
 .text._lseek_r
                0x0000244e        0xa /home/hexin/code/MA/RIOT/examples/timecast/bin/nrf52840dk/newlib_syscalls_default/syscalls.o
                0x0000244e                _lseek_r
 .text._fstat_r
                0x00002458        0xa /home/hexin/code/MA/RIOT/examples/timecast/bin/nrf52840dk/newlib_syscalls_default/syscalls.o
                0x00002458                _fstat_r
 .text._isatty_r
                0x00002462       0x10 /home/hexin/code/MA/RIOT/examples/timecast/bin/nrf52840dk/newlib_syscalls_default/syscalls.o
                0x00002462                _isatty_r
 .text.dummy_handler
                0x00002472        0x4 /home/hexin/code/MA/RIOT/examples/timecast/bin/nrf52840dk/nrf52_vectors/vectors_nrf52840xxaa.o
                0x00002472                isr_pwm1
                0x00002472                isr_lpcomp
                0x00002472                isr_timer0
                0x00002472                isr_qspi
                0x00002472                isr_swi1
                0x00002472                isr_spi0
                0x00002472                isr_ccm_aar
                0x00002472                isr_swi5
                0x00002472                isr_pwm3
                0x00002472                isr_timer1
                0x00002472                isr_spi1_twi0
                0x00002472                isr_i2s
                0x00002472                isr_twi0
                0x00002472                isr_usbd
                0x00002472                isr_timer4
                0x00002472                dummy_handler
                0x00002472                isr_wdt
                0x00002472                isr_qdec
                0x00002472                isr_gpiote
                0x00002472                isr_rtc2
                0x00002472                isr_rtc0
                0x00002472                isr_swi2
                0x00002472                isr_cryptocell
                0x00002472                isr_pdm
                0x00002472                isr_swi4
                0x00002472                isr_timer2
                0x00002472                isr_nfct
                0x00002472                isr_pwm0
                0x00002472                isr_ecb
                0x00002472                isr_timer3
                0x00002472                isr_swi0
                0x00002472                isr_mwu
                0x00002472                isr_rtc1
                0x00002472                isr_fpu
                0x00002472                isr_rng
                0x00002472                isr_saadc
                0x00002472                isr_swi3
                0x00002472                isr_power_clock
                0x00002472                isr_pwm2
                0x00002472                isr_temp
 *fill*         0x00002476        0x2 
 .text.gpio_init
                0x00002478       0x3c /home/hexin/code/MA/RIOT/examples/timecast/bin/nrf52840dk/nrf5x_common_periph/gpio.o
                0x00002478                gpio_init
 .text.irq_handler
                0x000024b4       0x54 /home/hexin/code/MA/RIOT/examples/timecast/bin/nrf52840dk/nrf5x_common_periph/uart.o
 .text.uart_init
                0x00002508      0x1b8 /home/hexin/code/MA/RIOT/examples/timecast/bin/nrf52840dk/nrf5x_common_periph/uart.o
                0x00002508                uart_init
 .text.uart_write
                0x000026c0       0x84 /home/hexin/code/MA/RIOT/examples/timecast/bin/nrf52840dk/nrf5x_common_periph/uart.o
                0x000026c0                uart_write
 .text.isr_uart0
                0x00002744        0x6 /home/hexin/code/MA/RIOT/examples/timecast/bin/nrf52840dk/nrf5x_common_periph/uart.o
                0x00002744                isr_uart0
 .text.isr_uarte1
                0x0000274a        0x6 /home/hexin/code/MA/RIOT/examples/timecast/bin/nrf52840dk/nrf5x_common_periph/uart.o
                0x0000274a                isr_uarte1
 .text.periph_init
                0x00002750        0x2 /home/hexin/code/MA/RIOT/examples/timecast/bin/nrf52840dk/periph_common/init.o
                0x00002750                periph_init
 .text.led_init
                0x00002752       0x48 /home/hexin/code/MA/RIOT/examples/timecast/bin/nrf52840dk/periph_common/init_leds.o
                0x00002752                led_init
 .text.stdio_read
                0x0000279a        0x6 /home/hexin/code/MA/RIOT/examples/timecast/bin/nrf52840dk/stdio/stdio.o
                0x0000279a                stdio_read
 .text.stdio_init
                0x000027a0        0xe /home/hexin/code/MA/RIOT/examples/timecast/bin/nrf52840dk/stdio_uart/stdio_uart.o
                0x000027a0                stdio_init
 .text.stdio_write
                0x000027ae       0x12 /home/hexin/code/MA/RIOT/examples/timecast/bin/nrf52840dk/stdio_uart/stdio_uart.o
                0x000027ae                stdio_write
 .text          0x000027c0       0x50 /usr/lib/gcc/arm-none-eabi/13.2.1/../../../arm-none-eabi/lib/thumb/v7e-m+fp/hard/libc_nano.a(libc_a-init.o)
                0x000027c0                __libc_init_array
 .text          0x00002810       0xa0 /usr/lib/gcc/arm-none-eabi/13.2.1/../../../arm-none-eabi/lib/thumb/v7e-m+fp/hard/libc_nano.a(libc_a-puts.o)
                0x00002810                _puts_r
                0x000028a0                puts
 .text          0x000028b0      0x224 /usr/lib/gcc/arm-none-eabi/13.2.1/../../../arm-none-eabi/lib/thumb/v7e-m+fp/hard/libc_nano.a(libc_a-findfp.o)
                0x000029e0                __sfp
                0x00002a84                __sinit
                0x00002aa4                __sfp_lock_acquire
                0x00002aa8                __sfp_lock_release
                0x00002aac                __fp_lock_all
                0x00002ac0                __fp_unlock_all
 .text          0x00002ad4       0xa4 /usr/lib/gcc/arm-none-eabi/13.2.1/../../../arm-none-eabi/lib/thumb/v7e-m+fp/hard/libc_nano.a(libc_a-memset.o)
                0x00002ad4                memset
 .text          0x00002b78      0x1a8 /usr/lib/gcc/arm-none-eabi/13.2.1/../../../arm-none-eabi/lib/thumb/v7e-m+fp/hard/libc_nano.a(libc_a-fflush.o)
                0x00002b78                __sflush_r
                0x00002c9c                _fflush_r
                0x00002cd4                fflush
 .text          0x00002d20      0x148 /usr/lib/gcc/arm-none-eabi/13.2.1/../../../arm-none-eabi/lib/thumb/v7e-m+fp/hard/libc_nano.a(libc_a-mallocr.o)
                0x00002d68                _malloc_r
 .text          0x00002e68       0xbc /usr/lib/gcc/arm-none-eabi/13.2.1/../../../arm-none-eabi/lib/thumb/v7e-m+fp/hard/libc_nano.a(libc_a-freer.o)
                0x00002e68                _free_r
 .text          0x00002f24       0x44 /usr/lib/gcc/arm-none-eabi/13.2.1/../../../arm-none-eabi/lib/thumb/v7e-m+fp/hard/libc_nano.a(libc_a-fwalk.o)
                0x00002f24                _fwalk_sglue
 .text          0x00002f68       0xc4 /usr/lib/gcc/arm-none-eabi/13.2.1/../../../arm-none-eabi/lib/thumb/v7e-m+fp/hard/libc_nano.a(libc_a-wsetup.o)
                0x00002f68                __swsetup_r
 .text          0x0000302c      0x134 /usr/lib/gcc/arm-none-eabi/13.2.1/../../../arm-none-eabi/lib/thumb/v7e-m+fp/hard/libc_nano.a(libc_a-memcpy.o)
                0x0000302c                memcpy
 .text          0x00003160       0x64 /usr/lib/gcc/arm-none-eabi/13.2.1/../../../arm-none-eabi/lib/thumb/v7e-m+fp/hard/libc_nano.a(libc_a-reallocr.o)
                0x00003160                _realloc_r
 .text          0x000031c4        0x8 /usr/lib/gcc/arm-none-eabi/13.2.1/../../../arm-none-eabi/lib/thumb/v7e-m+fp/hard/libc_nano.a(libc_a-mlock.o)
                0x000031c4                __malloc_lock
                0x000031c8                __malloc_unlock
 .text          0x000031cc      0x114 /usr/lib/gcc/arm-none-eabi/13.2.1/../../../arm-none-eabi/lib/thumb/v7e-m+fp/hard/libc_nano.a(libc_a-makebuf.o)
                0x000031cc                __smakebuf_r
                0x00003290                __swhatbuf_r
 .text          0x000032e0       0x48 /usr/lib/gcc/arm-none-eabi/13.2.1/../../../arm-none-eabi/lib/thumb/v7e-m+fp/hard/libc_nano.a(libc_a-printf.o)
                0x000032e0                _printf_r
                0x000032e0                _iprintf_r
                0x00003300                printf
                0x00003300                iprintf
 .text          0x00003328      0x314 /usr/lib/gcc/arm-none-eabi/13.2.1/../../../arm-none-eabi/lib/thumb/v7e-m+fp/hard/libc_nano.a(libc_a-nano-vfprintf.o)
                0x00003364                __sfputs_r
                0x00003394                __sprint_r
                0x000033b4                _vfiprintf_r
                0x000033b4                _vfprintf_r
                0x00003620                vfiprintf
                0x00003620                vfprintf
 .text          0x0000363c       0xa0 /usr/lib/gcc/arm-none-eabi/13.2.1/../../../arm-none-eabi/lib/thumb/v7e-m+fp/hard/libc_nano.a(libc_a-wbuf.o)
                0x0000363c                __swbuf_r
                0x000036c4                __swbuf
 .text          0x000036dc       0x94 /usr/lib/gcc/arm-none-eabi/13.2.1/../../../arm-none-eabi/lib/thumb/v7e-m+fp/hard/libc_nano.a(libc_a-stdio.o)
                0x000036dc                __sread
                0x00003700                __seofread
                0x00003704                __swrite
                0x00003744                __sseek
                0x00003768                __sclose
 .text          0x00003770       0x10 /usr/lib/gcc/arm-none-eabi/13.2.1/../../../arm-none-eabi/lib/thumb/v7e-m+fp/hard/libc_nano.a(libc_a-msizer.o)
                0x00003770                _malloc_usable_size_r
 .text          0x00003780      0x300 /usr/lib/gcc/arm-none-eabi/13.2.1/../../../arm-none-eabi/lib/thumb/v7e-m+fp/hard/libc_nano.a(libc_a-fvwrite.o)
                0x00003780                __sfvwrite_r
 .text          0x00003a80      0x100 /usr/lib/gcc/arm-none-eabi/13.2.1/../../../arm-none-eabi/lib/thumb/v7e-m+fp/hard/libc_nano.a(libc_a-memmove.o)
                0x00003a80                memmove
 .text          0x00003b80       0xa0 /usr/lib/gcc/arm-none-eabi/13.2.1/../../../arm-none-eabi/lib/thumb/v7e-m+fp/hard/libc_nano.a(libc_a-memchr.o)
                0x00003b80                memchr
 .text          0x00003c20      0x3a8 /usr/lib/gcc/arm-none-eabi/13.2.1/../../../arm-none-eabi/lib/thumb/v7e-m+fp/hard/libc_nano.a(libc_a-nano-vfprintf_i.o)
                0x00003c20                _printf_common
                0x00003d44                _printf_i
 *(.glue_7t)
 .glue_7t       0x00003fc8        0x0 linker stubs
 *(.glue_7)
 .glue_7        0x00003fc8        0x0 linker stubs
 *(.rodata .rodata* .gnu.linkonce.r.*)
 .rodata._on_tta_event.str1.1
                0x00003fc8      0x674 /home/hexin/code/MA/RIOT/examples/timecast/bin/nrf52840dk/application_timecast/main.o
                                 0x18 (size before relaxing)
 .rodata.main.str1.1
                0x0000463c      0x569 /home/hexin/code/MA/RIOT/examples/timecast/bin/nrf52840dk/application_timecast/main.o
 .rodata.tta_driver_tx.str1.1
                0x0000463c        0x7 /home/hexin/code/MA/RIOT/examples/timecast/bin/nrf52840dk/application_timecast/tta_driver.o
 .rodata.main_trampoline.str1.1
                0x0000463c       0x43 /home/hexin/code/MA/RIOT/examples/timecast/bin/nrf52840dk/core_lib/init.o
 .rodata.kernel_init.str1.1
                0x0000463c        0x5 /home/hexin/code/MA/RIOT/examples/timecast/bin/nrf52840dk/core_lib/init.o
 .rodata.core_panic.str1.1
                0x0000463c       0x2e /home/hexin/code/MA/RIOT/examples/timecast/bin/nrf52840dk/core_lib/panic.o
 .rodata.nmi_handler.str1.1
                0x0000463c        0xc /home/hexin/code/MA/RIOT/examples/timecast/bin/nrf52840dk/cortexm_common/vectors_cortexm.o
 .rodata.hard_fault_default.str1.1
                0x0000463c       0x13 /home/hexin/code/MA/RIOT/examples/timecast/bin/nrf52840dk/cortexm_common/vectors_cortexm.o
 .rodata.mem_manage_default.str1.1
                0x0000463c       0x13 /home/hexin/code/MA/RIOT/examples/timecast/bin/nrf52840dk/cortexm_common/vectors_cortexm.o
 .rodata.bus_fault_default.str1.1
                0x0000463c       0x12 /home/hexin/code/MA/RIOT/examples/timecast/bin/nrf52840dk/cortexm_common/vectors_cortexm.o
 .rodata.usage_fault_default.str1.1
                0x0000463c       0x14 /home/hexin/code/MA/RIOT/examples/timecast/bin/nrf52840dk/cortexm_common/vectors_cortexm.o
 .rodata.debug_mon_default.str1.1
                0x0000463c       0x12 /home/hexin/code/MA/RIOT/examples/timecast/bin/nrf52840dk/cortexm_common/vectors_cortexm.o
 .rodata.dummy_handler_default.str1.1
                0x0000463c        0xe /home/hexin/code/MA/RIOT/examples/timecast/bin/nrf52840dk/cortexm_common/vectors_cortexm.o
 .rodata.uart_config
                0x0000463c       0x10 /home/hexin/code/MA/RIOT/examples/timecast/bin/nrf52840dk/nrf5x_common_periph/uart.o
 .rodata.str1.4
                0x0000464c       0x39 /usr/lib/gcc/arm-none-eabi/13.2.1/../../../arm-none-eabi/lib/thumb/v7e-m+fp/hard/libc_nano.a(libc_a-nano-vfprintf.o)
                                 0x13 (size before relaxing)
 .rodata.str1.4
                0x00004685       0x25 /usr/lib/gcc/arm-none-eabi/13.2.1/../../../arm-none-eabi/lib/thumb/v7e-m+fp/hard/libc_nano.a(libc_a-nano-vfprintf_i.o)
 *(SORT_BY_NAME(.roxfa.*))
 *fill*         0x00004685        0x3 
 .roxfa.auto_init_xfa.0_
                0x00004688        0x0 /home/hexin/code/MA/RIOT/examples/timecast/bin/nrf52840dk/auto_init/auto_init.o
                0x00004688                auto_init_xfa
 .roxfa.auto_init_xfa.9_
                0x00004688        0x0 /home/hexin/code/MA/RIOT/examples/timecast/bin/nrf52840dk/auto_init/auto_init.o
                0x00004688                auto_init_xfa_end
 *(.ARM.extab* .gnu.linkonce.armextab.*)
                0x00004688                        . = ALIGN (0x4)
 *(.init)
                0x00004688                        . = ALIGN (0x4)
                0x00004688                        __preinit_array_start = .
 *(.preinit_array)
                0x00004688                        __preinit_array_end = .
                0x00004688                        . = ALIGN (0x4)
                0x00004688                        __init_array_start = .
 *(SORT_BY_NAME(.init_array.*))
 *(.init_array)
                0x00004688                        __init_array_end = .
                0x00004688                        . = ALIGN (0x4)
 *crtbegin.o(.ctors)
 *(EXCLUDE_FILE(*crtend.o) .ctors)
 *(SORT_BY_NAME(.ctors.*))
 *crtend.o(.ctors)
                0x00004688                        . = ALIGN (0x4)
 *(.fini)
                0x00004688                        . = ALIGN (0x4)
                0x00004688                        __fini_array_start = .
 *(.fini_array)
 *(SORT_BY_NAME(.fini_array.*))
                0x00004688                        __fini_array_end = .
 *crtbegin.o(.dtors)
 *(EXCLUDE_FILE(*crtend.o) .dtors)
 *(SORT_BY_NAME(.dtors.*))
 *crtend.o(.dtors)
                0x00004688                        . = ALIGN (0x4)
                0x00004688                        _efixed = .

.vfp11_veneer   0x00004688        0x0
 .vfp11_veneer  0x00004688        0x0 linker stubs

.v4_bx          0x00004688        0x0
 .v4_bx         0x00004688        0x0 linker stubs

.iplt           0x00004688        0x0
 .iplt          0x00004688        0x0 /home/hexin/code/MA/RIOT/examples/timecast/bin/nrf52840dk/application_timecast/main.o

.igot.plt       0x00004688        0x0
 .igot.plt      0x00004688        0x0 /home/hexin/code/MA/RIOT/examples/timecast/bin/nrf52840dk/application_timecast/main.o

.tdata          0x00004688        0x0
                0x00004688                        __tdata_start = .
 *(.tdata .tdata.* .gnu.linkonce.td.*)
                0x00004688                        __tdata_end = .
                0x00004688                        __tdata_source = LOADADDR (.tdata)
                0x00000000                        __tdata_size = SIZEOF (.tdata)

.tbss           0x00004688        0x0
 *(.tbss .tbss.* .gnu.linkonce.tb.*)
 *(.tcommon)
                0x00004688                        __tbss_end = .
                0x00000000                        __tls_size = (__tbss_end - __tdata_start)
                0x00000000                        __tbss_size = (__tls_size - __tdata_size)
                [!provide]                        PROVIDE (__tbss_offset = (ADDR (.tbss) - ADDR (.tdata)))
                [!provide]                        PROVIDE (__tls_align = MAX (ALIGNOF (.tdata), ALIGNOF (.tbss)))
                [!provide]                        PROVIDE (__arm32_tls_tcb_offset = MAX (0x8, __tls_align))
                [!provide]                        PROVIDE (__arm64_tls_tcb_offset = MAX (0x10, __tls_align))
                [!provide]                        PROVIDE (__exidx_start = .)

.ARM.exidx      0x00004688        0x8
 *(.ARM.exidx* .gnu.linkonce.armexidx.*)
 .ARM.exidx     0x00004688        0x8 /usr/lib/gcc/arm-none-eabi/13.2.1/../../../arm-none-eabi/lib/thumb/v7e-m+fp/hard/libc_nano.a(libc_a-memcpy.o)
 .ARM.exidx     0x00004690        0x0 /usr/lib/gcc/arm-none-eabi/13.2.1/../../../arm-none-eabi/lib/thumb/v7e-m+fp/hard/libc_nano.a(libc_a-memchr.o)
                                  0x8 (size before relaxing)
                [!provide]                        PROVIDE (__exidx_end = .)
                0x00004690                        . = ALIGN (0x4)

.eh_frame       0x00004690       0x68
 *(.eh_frame)
 .eh_frame      0x00004690       0x2c /usr/lib/gcc/arm-none-eabi/13.2.1/../../../arm-none-eabi/lib/thumb/v7e-m+fp/hard/libc_nano.a(libc_a-memcpy.o)
 .eh_frame      0x000046bc       0x3c /usr/lib/gcc/arm-none-eabi/13.2.1/../../../arm-none-eabi/lib/thumb/v7e-m+fp/hard/libc_nano.a(libc_a-memchr.o)
                                 0x50 (size before relaxing)

.rel.dyn        0x000046f8        0x0
 .rel.iplt      0x000046f8        0x0 /home/hexin/code/MA/RIOT/examples/timecast/bin/nrf52840dk/application_timecast/main.o
                0x000046f8                        . = ALIGN (0x4)
                0x000046f8                        _etext = .

.stack          0x20000000      0x200
 *(.puf)
                0x20000000                        . = ALIGN (0x8)
                0x20000000                        _sstack = .
 *(.isr_stack)
 .isr_stack     0x20000000      0x200 /home/hexin/code/MA/RIOT/examples/timecast/bin/nrf52840dk/cortexm_common/vectors_cortexm.o
                0x20000000                isr_stack
                0x20000200                        . = ALIGN (0x8)
                0x20000200                        _estack = .

.relocate       0x20000200       0x98 load address 0x000046f8
                0x20000200                        . = ALIGN (0x4)
                0x20000200                        _srelocate = .
 *(.ramfunc .ramfunc.*)
 *(.data .data.*)
 .data.g_proto_cfg
                0x20000200       0x34 /home/hexin/code/MA/RIOT/examples/timecast/bin/nrf52840dk/application_timecast/main.o
 .data.heap_top
                0x20000234        0x4 /home/hexin/code/MA/RIOT/examples/timecast/bin/nrf52840dk/newlib_syscalls_default/syscalls.o
 .data          0x20000238       0x50 /usr/lib/gcc/arm-none-eabi/13.2.1/../../../arm-none-eabi/lib/thumb/v7e-m+fp/hard/libc_nano.a(libc_a-impure.o)
                0x20000238                _impure_ptr
                0x2000023c                _impure_data
 .data          0x20000288        0xc /usr/lib/gcc/arm-none-eabi/13.2.1/../../../arm-none-eabi/lib/thumb/v7e-m+fp/hard/libc_nano.a(libc_a-findfp.o)
                0x20000288                __sglue
 *(SORT_BY_NAME(.xfa.*))
 *(.openocd .openocd.*)
 .openocd       0x20000294        0x1 /home/hexin/code/MA/RIOT/examples/timecast/bin/nrf52840dk/core/sched.o
                0x20000294                max_threads
                0x20000298                        . = ALIGN (0x4)
 *fill*         0x20000295        0x3 
                0x20000298                        _erelocate = .

.bss            0x20000298     0x1eec load address 0x00004790
                0x20000298                        . = ALIGN (0x4)
                0x20000298                        _sbss = .
                0x20000298                        _szero = .
 *(.bss .bss.*)
 .bss.g_round_start_stats
                0x20000298       0x14 /home/hexin/code/MA/RIOT/examples/timecast/bin/nrf52840dk/application_timecast/main.o
 .bss.g_p1_tx_cal_pending
                0x200002ac        0x1 /home/hexin/code/MA/RIOT/examples/timecast/bin/nrf52840dk/application_timecast/main.o
 *fill*         0x200002ad        0x3 
 .bss.g_p1_tx_slot_start_ticks
                0x200002b0        0x4 /home/hexin/code/MA/RIOT/examples/timecast/bin/nrf52840dk/application_timecast/main.o
 .bss.g_p1_offset_sample_count
                0x200002b4        0x4 /home/hexin/code/MA/RIOT/examples/timecast/bin/nrf52840dk/application_timecast/main.o
 .bss.g_round_tx_tick_overflow
                0x200002b8        0x4 /home/hexin/code/MA/RIOT/examples/timecast/bin/nrf52840dk/application_timecast/main.o
 .bss.g_round_tx_tick_count
                0x200002bc        0x2 /home/hexin/code/MA/RIOT/examples/timecast/bin/nrf52840dk/application_timecast/main.o
 *fill*         0x200002be        0x2 
 .bss.g_round_count
                0x200002c0        0x4 /home/hexin/code/MA/RIOT/examples/timecast/bin/nrf52840dk/application_timecast/main.o
 .bss.g_proto   0x200002c4       0xd8 /home/hexin/code/MA/RIOT/examples/timecast/bin/nrf52840dk/application_timecast/main.o
 .bss.g_store   0x2000039c      0x1ca /home/hexin/code/MA/RIOT/examples/timecast/bin/nrf52840dk/application_timecast/main.o
 *fill*         0x20000566        0x2 
 .bss._ppi_anchor_inited
                0x20000568        0x4 /home/hexin/code/MA/RIOT/examples/timecast/bin/nrf52840dk/application_timecast/radio_util.o
 .bss._evt_tail
                0x2000056c        0x4 /home/hexin/code/MA/RIOT/examples/timecast/bin/nrf52840dk/application_timecast/tta_driver.o
 .bss._evt_head
                0x20000570        0x4 /home/hexin/code/MA/RIOT/examples/timecast/bin/nrf52840dk/application_timecast/tta_driver.o
 .bss._evt_queue
                0x20000574     0x1180 /home/hexin/code/MA/RIOT/examples/timecast/bin/nrf52840dk/application_timecast/tta_driver.o
 .bss._stat_evt_drop
                0x200016f4        0x4 /home/hexin/code/MA/RIOT/examples/timecast/bin/nrf52840dk/application_timecast/tta_driver.o
 .bss._stat_tx_done
                0x200016f8        0x4 /home/hexin/code/MA/RIOT/examples/timecast/bin/nrf52840dk/application_timecast/tta_driver.o
 .bss._stat_rx_crc_fail
                0x200016fc        0x4 /home/hexin/code/MA/RIOT/examples/timecast/bin/nrf52840dk/application_timecast/tta_driver.o
 .bss._stat_rx_crc_ok
                0x20001700        0x4 /home/hexin/code/MA/RIOT/examples/timecast/bin/nrf52840dk/application_timecast/tta_driver.o
 .bss._stat_rx_address
                0x20001704        0x4 /home/hexin/code/MA/RIOT/examples/timecast/bin/nrf52840dk/application_timecast/tta_driver.o
 .bss._tx_armed_at_ticks
                0x20001708        0x4 /home/hexin/code/MA/RIOT/examples/timecast/bin/nrf52840dk/application_timecast/tta_driver.o
 .bss._rx_address_seen
                0x2000170c        0x4 /home/hexin/code/MA/RIOT/examples/timecast/bin/nrf52840dk/application_timecast/tta_driver.o
 .bss._rx_active
                0x20001710        0x4 /home/hexin/code/MA/RIOT/examples/timecast/bin/nrf52840dk/application_timecast/tta_driver.o
 .bss._tx_active
                0x20001714        0x4 /home/hexin/code/MA/RIOT/examples/timecast/bin/nrf52840dk/application_timecast/tta_driver.o
 .bss._tx_scheduled
                0x20001718        0x4 /home/hexin/code/MA/RIOT/examples/timecast/bin/nrf52840dk/application_timecast/tta_driver.o
 .bss._rx_packet
                0x2000171c      0x104 /home/hexin/code/MA/RIOT/examples/timecast/bin/nrf52840dk/application_timecast/tta_driver.o
 .bss._radio_packet
                0x20001820      0x104 /home/hexin/code/MA/RIOT/examples/timecast/bin/nrf52840dk/application_timecast/tta_driver.o
 .bss._started  0x20001924        0x4 /home/hexin/code/MA/RIOT/examples/timecast/bin/nrf52840dk/application_timecast/tta_driver.o
 .bss._event_arg
                0x20001928        0x4 /home/hexin/code/MA/RIOT/examples/timecast/bin/nrf52840dk/application_timecast/tta_driver.o
 .bss._event_cb
                0x2000192c        0x4 /home/hexin/code/MA/RIOT/examples/timecast/bin/nrf52840dk/application_timecast/tta_driver.o
 .bss.runqueue_bitcache
                0x20001930        0x4 /home/hexin/code/MA/RIOT/examples/timecast/bin/nrf52840dk/core/sched.o
 .bss.sched_runqueues
                0x20001934       0x40 /home/hexin/code/MA/RIOT/examples/timecast/bin/nrf52840dk/core/sched.o
                0x20001934                sched_runqueues
 .bss.sched_context_switch_request
                0x20001974        0x4 /home/hexin/code/MA/RIOT/examples/timecast/bin/nrf52840dk/core/sched.o
                0x20001974                sched_context_switch_request
 .bss.sched_active_thread
                0x20001978        0x4 /home/hexin/code/MA/RIOT/examples/timecast/bin/nrf52840dk/core/sched.o
                0x20001978                sched_active_thread
 .bss.sched_num_threads
                0x2000197c        0x4 /home/hexin/code/MA/RIOT/examples/timecast/bin/nrf52840dk/core/sched.o
                0x2000197c                sched_num_threads
 .bss.sched_threads
                0x20001980       0x84 /home/hexin/code/MA/RIOT/examples/timecast/bin/nrf52840dk/core/sched.o
                0x20001980                sched_threads
 .bss.sched_active_pid
                0x20001a04        0x2 /home/hexin/code/MA/RIOT/examples/timecast/bin/nrf52840dk/core/sched.o
                0x20001a04                sched_active_pid
 .bss.main_stack
                0x20001a06      0x600 /home/hexin/code/MA/RIOT/examples/timecast/bin/nrf52840dk/core_lib/init.o
 *fill*         0x20002006        0x2 
 .bss.crashed   0x20002008        0x4 /home/hexin/code/MA/RIOT/examples/timecast/bin/nrf52840dk/core_lib/panic.o
 .bss._irq_arg  0x2000200c       0x10 /home/hexin/code/MA/RIOT/examples/timecast/bin/nrf52840dk/cpu/spi_twi_irq.o
 .bss._irq      0x2000201c       0x10 /home/hexin/code/MA/RIOT/examples/timecast/bin/nrf52840dk/cpu/spi_twi_irq.o
 .bss.rx_buf    0x2000202c        0x2 /home/hexin/code/MA/RIOT/examples/timecast/bin/nrf52840dk/nrf5x_common_periph/uart.o
 *fill*         0x2000202e        0x2 
 .bss.isr_ctx   0x20002030       0x10 /home/hexin/code/MA/RIOT/examples/timecast/bin/nrf52840dk/nrf5x_common_periph/uart.o
 .bss           0x20002040      0x13c /usr/lib/gcc/arm-none-eabi/13.2.1/../../../arm-none-eabi/lib/thumb/v7e-m+fp/hard/libc_nano.a(libc_a-findfp.o)
                0x20002040                __sf
                0x20002178                __stdio_exit_handler
 .bss           0x2000217c        0x8 /usr/lib/gcc/arm-none-eabi/13.2.1/../../../arm-none-eabi/lib/thumb/v7e-m+fp/hard/libc_nano.a(libc_a-mallocr.o)
                0x2000217c                __malloc_sbrk_start
                0x20002180                __malloc_free_list
 *(COMMON)
                0x20002184                        . = ALIGN (0x4)
                0x20002184                        _ebss = .
                0x20002184                        _ezero = .

.noinit         0x20002184        0x0 load address 0x00004790
                0x20002184                        __noinit_start = .
 *(.noinit)
                0x20002184                        . = ALIGN (0x4)
                0x20002184                        __noinit_end = .
                0x20002184                        . = ALIGN (0x4)
                0x20002184                        _sheap = .
                0x20040000                        _eheap = (ORIGIN (ram) + LENGTH (ram))
                0x20000000                        _sram = ORIGIN (ram)
                0x20040000                        _eram = (ORIGIN (ram) + LENGTH (ram))
                0x00004790                        _sbackup_data_load = LOADADDR (.backup.data)

.backup.data    0x00000000        0x0 load address 0x00004790
                0x00000000                        _sbackup_data = .
 *(.backup.data)
                0x00000000                        _ebackup_data = .
                0x00000000                        . = ALIGN (0x4)

.backup.bss     0x00000000        0x0 load address 0x00004790
                0x00000000                        _sbackup_bss = .
 *(.backup.bss)
                0x00000000                        _ebackup_bss = .
                0x00000000                        . = ALIGN (0x4)

.heap3          0x00000000        0x0 load address 0x00004790
                0x00000000                        _sheap1 = .
                0x00000000                        _eheap1 = (ORIGIN (bkup_ram) + LENGTH (bkup_ram))

.flash_writable
 *(SORT_BY_NAME(.flash_writable.*))
OUTPUT(/home/hexin/code/MA/RIOT/examples/timecast/bin/nrf52840dk/timecast.elf elf32-littlearm)
LOAD linker stubs

.debug_info     0x00000000    0x26f7a
 .debug_info    0x00000000     0x30c9 /home/hexin/code/MA/RIOT/examples/timecast/bin/nrf52840dk/application_timecast/main.o
 .debug_info    0x000030c9      0x55a /home/hexin/code/MA/RIOT/examples/timecast/bin/nrf52840dk/application_timecast/packet.o
 .debug_info    0x00003623     0x1b69 /home/hexin/code/MA/RIOT/examples/timecast/bin/nrf52840dk/application_timecast/protocol.o
 .debug_info    0x0000518c      0xbb3 /home/hexin/code/MA/RIOT/examples/timecast/bin/nrf52840dk/application_timecast/radio_util.o
 .debug_info    0x00005d3f      0x683 /home/hexin/code/MA/RIOT/examples/timecast/bin/nrf52840dk/application_timecast/store.o
 .debug_info    0x000063c2     0x193c /home/hexin/code/MA/RIOT/examples/timecast/bin/nrf52840dk/application_timecast/tta_driver.o
 .debug_info    0x00007cfe      0x17a /home/hexin/code/MA/RIOT/examples/timecast/bin/nrf52840dk/auto_init/auto_init.o
 .debug_info    0x00007e78     0x14ee /home/hexin/code/MA/RIOT/examples/timecast/bin/nrf52840dk/board_common_init/board_common.o
 .debug_info    0x00009366      0xf58 /home/hexin/code/MA/RIOT/examples/timecast/bin/nrf52840dk/core/sched.o
 .debug_info    0x0000a2be     0x13ea /home/hexin/code/MA/RIOT/examples/timecast/bin/nrf52840dk/core/thread.o
 .debug_info    0x0000b6a8      0x3de /home/hexin/code/MA/RIOT/examples/timecast/bin/nrf52840dk/core_lib/init.o
 .debug_info    0x0000ba86      0x339 /home/hexin/code/MA/RIOT/examples/timecast/bin/nrf52840dk/core_lib/panic.o
 .debug_info    0x0000bdbf      0x7de /home/hexin/code/MA/RIOT/examples/timecast/bin/nrf52840dk/cortexm_common/cortexm_init.o
 .debug_info    0x0000c59d      0x132 /home/hexin/code/MA/RIOT/examples/timecast/bin/nrf52840dk/cortexm_common/panic.o
 .debug_info    0x0000c6cf      0x9ec /home/hexin/code/MA/RIOT/examples/timecast/bin/nrf52840dk/cortexm_common/thread_arch.o
 .debug_info    0x0000d0bb      0x66f /home/hexin/code/MA/RIOT/examples/timecast/bin/nrf52840dk/cortexm_common/vectors_cortexm.o
 .debug_info    0x0000d72a      0x4a1 /home/hexin/code/MA/RIOT/examples/timecast/bin/nrf52840dk/cortexm_common_periph/pm.o
 .debug_info    0x0000dbcb     0x1cf4 /home/hexin/code/MA/RIOT/examples/timecast/bin/nrf52840dk/cpu/cpu.o
 .debug_info    0x0000f8bf     0x135e /home/hexin/code/MA/RIOT/examples/timecast/bin/nrf52840dk/cpu/spi_twi_irq.o
 .debug_info    0x00010c1d     0x19ad /home/hexin/code/MA/RIOT/examples/timecast/bin/nrf52840dk/cpu_common/clock.o
 .debug_info    0x000125ca     0x1380 /home/hexin/code/MA/RIOT/examples/timecast/bin/nrf52840dk/newlib_syscalls_default/syscalls.o
 .debug_info    0x0001394a      0x187 /home/hexin/code/MA/RIOT/examples/timecast/bin/nrf52840dk/nrf52_vectors/vectors_nrf52840xxaa.o
 .debug_info    0x00013ad1     0x190e /home/hexin/code/MA/RIOT/examples/timecast/bin/nrf52840dk/nrf5x_common_periph/gpio.o
 .debug_info    0x000153df     0x1f92 /home/hexin/code/MA/RIOT/examples/timecast/bin/nrf52840dk/nrf5x_common_periph/uart.o
 .debug_info    0x00017371     0x14fd /home/hexin/code/MA/RIOT/examples/timecast/bin/nrf52840dk/periph_common/init.o
 .debug_info    0x0001886e     0x16b4 /home/hexin/code/MA/RIOT/examples/timecast/bin/nrf52840dk/periph_common/init_leds.o
 .debug_info    0x00019f22      0x2ab /home/hexin/code/MA/RIOT/examples/timecast/bin/nrf52840dk/stdio/stdio.o
 .debug_info    0x0001a1cd     0x1798 /home/hexin/code/MA/RIOT/examples/timecast/bin/nrf52840dk/stdio_uart/stdio_uart.o
 .debug_info    0x0001b965      0x70b /usr/lib/gcc/arm-none-eabi/13.2.1/../../../arm-none-eabi/lib/thumb/v7e-m+fp/hard/libc_nano.a(libc_a-impure.o)
 .debug_info    0x0001c070      0x10b /usr/lib/gcc/arm-none-eabi/13.2.1/../../../arm-none-eabi/lib/thumb/v7e-m+fp/hard/libc_nano.a(libc_a-init.o)
 .debug_info    0x0001c17b      0x8f8 /usr/lib/gcc/arm-none-eabi/13.2.1/../../../arm-none-eabi/lib/thumb/v7e-m+fp/hard/libc_nano.a(libc_a-puts.o)
 .debug_info    0x0001ca73      0xe8c /usr/lib/gcc/arm-none-eabi/13.2.1/../../../arm-none-eabi/lib/thumb/v7e-m+fp/hard/libc_nano.a(libc_a-findfp.o)
 .debug_info    0x0001d8ff      0x135 /usr/lib/gcc/arm-none-eabi/13.2.1/../../../arm-none-eabi/lib/thumb/v7e-m+fp/hard/libc_nano.a(libc_a-memset.o)
 .debug_info    0x0001da34      0xa33 /usr/lib/gcc/arm-none-eabi/13.2.1/../../../arm-none-eabi/lib/thumb/v7e-m+fp/hard/libc_nano.a(libc_a-fflush.o)
 .debug_info    0x0001e467      0x9b6 /usr/lib/gcc/arm-none-eabi/13.2.1/../../../arm-none-eabi/lib/thumb/v7e-m+fp/hard/libc_nano.a(libc_a-mallocr.o)
 .debug_info    0x0001ee1d      0x87f /usr/lib/gcc/arm-none-eabi/13.2.1/../../../arm-none-eabi/lib/thumb/v7e-m+fp/hard/libc_nano.a(libc_a-freer.o)
 .debug_info    0x0001f69c      0x7c8 /usr/lib/gcc/arm-none-eabi/13.2.1/../../../arm-none-eabi/lib/thumb/v7e-m+fp/hard/libc_nano.a(libc_a-fwalk.o)
 .debug_info    0x0001fe64      0x7b1 /usr/lib/gcc/arm-none-eabi/13.2.1/../../../arm-none-eabi/lib/thumb/v7e-m+fp/hard/libc_nano.a(libc_a-wsetup.o)
 .debug_info    0x00020615       0x33 /usr/lib/gcc/arm-none-eabi/13.2.1/../../../arm-none-eabi/lib/thumb/v7e-m+fp/hard/libc_nano.a(libc_a-memcpy.o)
 .debug_info    0x00020648      0x8cd /usr/lib/gcc/arm-none-eabi/13.2.1/../../../arm-none-eabi/lib/thumb/v7e-m+fp/hard/libc_nano.a(libc_a-reallocr.o)
 .debug_info    0x00020f15      0x71c /usr/lib/gcc/arm-none-eabi/13.2.1/../../../arm-none-eabi/lib/thumb/v7e-m+fp/hard/libc_nano.a(libc_a-mlock.o)
 .debug_info    0x00021631      0xbe6 /usr/lib/gcc/arm-none-eabi/13.2.1/../../../arm-none-eabi/lib/thumb/v7e-m+fp/hard/libc_nano.a(libc_a-makebuf.o)
 .debug_info    0x00022217      0x837 /usr/lib/gcc/arm-none-eabi/13.2.1/../../../arm-none-eabi/lib/thumb/v7e-m+fp/hard/libc_nano.a(libc_a-printf.o)
 .debug_info    0x00022a4e     0x108a /usr/lib/gcc/arm-none-eabi/13.2.1/../../../arm-none-eabi/lib/thumb/v7e-m+fp/hard/libc_nano.a(libc_a-nano-vfprintf.o)
 .debug_info    0x00023ad8      0x863 /usr/lib/gcc/arm-none-eabi/13.2.1/../../../arm-none-eabi/lib/thumb/v7e-m+fp/hard/libc_nano.a(libc_a-wbuf.o)
 .debug_info    0x0002433b      0xa80 /usr/lib/gcc/arm-none-eabi/13.2.1/../../../arm-none-eabi/lib/thumb/v7e-m+fp/hard/libc_nano.a(libc_a-stdio.o)
 .debug_info    0x00024dbb      0x78a /usr/lib/gcc/arm-none-eabi/13.2.1/../../../arm-none-eabi/lib/thumb/v7e-m+fp/hard/libc_nano.a(libc_a-msizer.o)
 .debug_info    0x00025545      0xaf1 /usr/lib/gcc/arm-none-eabi/13.2.1/../../../arm-none-eabi/lib/thumb/v7e-m+fp/hard/libc_nano.a(libc_a-fvwrite.o)
 .debug_info    0x00026036      0x148 /usr/lib/gcc/arm-none-eabi/13.2.1/../../../arm-none-eabi/lib/thumb/v7e-m+fp/hard/libc_nano.a(libc_a-memmove.o)
 .debug_info    0x0002617e       0x25 /usr/lib/gcc/arm-none-eabi/13.2.1/../../../arm-none-eabi/lib/thumb/v7e-m+fp/hard/libc_nano.a(libc_a-memchr.o)
 .debug_info    0x000261a3      0xdd7 /usr/lib/gcc/arm-none-eabi/13.2.1/../../../arm-none-eabi/lib/thumb/v7e-m+fp/hard/libc_nano.a(libc_a-nano-vfprintf_i.o)

.debug_abbrev   0x00000000     0x7eed
 .debug_abbrev  0x00000000      0x50a /home/hexin/code/MA/RIOT/examples/timecast/bin/nrf52840dk/application_timecast/main.o
 .debug_abbrev  0x0000050a      0x1fa /home/hexin/code/MA/RIOT/examples/timecast/bin/nrf52840dk/application_timecast/packet.o
 .debug_abbrev  0x00000704      0x3f7 /home/hexin/code/MA/RIOT/examples/timecast/bin/nrf52840dk/application_timecast/protocol.o
 .debug_abbrev  0x00000afb      0x23b /home/hexin/code/MA/RIOT/examples/timecast/bin/nrf52840dk/application_timecast/radio_util.o
 .debug_abbrev  0x00000d36      0x246 /home/hexin/code/MA/RIOT/examples/timecast/bin/nrf52840dk/application_timecast/store.o
 .debug_abbrev  0x00000f7c      0x59f /home/hexin/code/MA/RIOT/examples/timecast/bin/nrf52840dk/application_timecast/tta_driver.o
 .debug_abbrev  0x0000151b      0x121 /home/hexin/code/MA/RIOT/examples/timecast/bin/nrf52840dk/auto_init/auto_init.o
 .debug_abbrev  0x0000163c      0x1c9 /home/hexin/code/MA/RIOT/examples/timecast/bin/nrf52840dk/board_common_init/board_common.o
 .debug_abbrev  0x00001805      0x4c9 /home/hexin/code/MA/RIOT/examples/timecast/bin/nrf52840dk/core/sched.o
 .debug_abbrev  0x00001cce      0x508 /home/hexin/code/MA/RIOT/examples/timecast/bin/nrf52840dk/core/thread.o
 .debug_abbrev  0x000021d6      0x28b /home/hexin/code/MA/RIOT/examples/timecast/bin/nrf52840dk/core_lib/init.o
 .debug_abbrev  0x00002461      0x224 /home/hexin/code/MA/RIOT/examples/timecast/bin/nrf52840dk/core_lib/panic.o
 .debug_abbrev  0x00002685      0x2f1 /home/hexin/code/MA/RIOT/examples/timecast/bin/nrf52840dk/cortexm_common/cortexm_init.o
 .debug_abbrev  0x00002976       0xf2 /home/hexin/code/MA/RIOT/examples/timecast/bin/nrf52840dk/cortexm_common/panic.o
 .debug_abbrev  0x00002a68      0x48d /home/hexin/code/MA/RIOT/examples/timecast/bin/nrf52840dk/cortexm_common/thread_arch.o
 .debug_abbrev  0x00002ef5      0x2f0 /home/hexin/code/MA/RIOT/examples/timecast/bin/nrf52840dk/cortexm_common/vectors_cortexm.o
 .debug_abbrev  0x000031e5      0x218 /home/hexin/code/MA/RIOT/examples/timecast/bin/nrf52840dk/cortexm_common_periph/pm.o
 .debug_abbrev  0x000033fd      0x25b /home/hexin/code/MA/RIOT/examples/timecast/bin/nrf52840dk/cpu/cpu.o
 .debug_abbrev  0x00003658      0x3cc /home/hexin/code/MA/RIOT/examples/timecast/bin/nrf52840dk/cpu/spi_twi_irq.o
 .debug_abbrev  0x00003a24      0x28b /home/hexin/code/MA/RIOT/examples/timecast/bin/nrf52840dk/cpu_common/clock.o
 .debug_abbrev  0x00003caf      0x4c9 /home/hexin/code/MA/RIOT/examples/timecast/bin/nrf52840dk/newlib_syscalls_default/syscalls.o
 .debug_abbrev  0x00004178      0x14f /home/hexin/code/MA/RIOT/examples/timecast/bin/nrf52840dk/nrf52_vectors/vectors_nrf52840xxaa.o
 .debug_abbrev  0x000042c7      0x2b5 /home/hexin/code/MA/RIOT/examples/timecast/bin/nrf52840dk/nrf5x_common_periph/gpio.o
 .debug_abbrev  0x0000457c      0x4ae /home/hexin/code/MA/RIOT/examples/timecast/bin/nrf52840dk/nrf5x_common_periph/uart.o
 .debug_abbrev  0x00004a2a      0x1e3 /home/hexin/code/MA/RIOT/examples/timecast/bin/nrf52840dk/periph_common/init.o
 .debug_abbrev  0x00004c0d      0x21b /home/hexin/code/MA/RIOT/examples/timecast/bin/nrf52840dk/periph_common/init_leds.o
 .debug_abbrev  0x00004e28      0x1ce /home/hexin/code/MA/RIOT/examples/timecast/bin/nrf52840dk/stdio/stdio.o
 .debug_abbrev  0x00004ff6      0x345 /home/hexin/code/MA/RIOT/examples/timecast/bin/nrf52840dk/stdio_uart/stdio_uart.o
 .debug_abbrev  0x0000533b      0x149 /usr/lib/gcc/arm-none-eabi/13.2.1/../../../arm-none-eabi/lib/thumb/v7e-m+fp/hard/libc_nano.a(libc_a-impure.o)
 .debug_abbrev  0x00005484       0xc9 /usr/lib/gcc/arm-none-eabi/13.2.1/../../../arm-none-eabi/lib/thumb/v7e-m+fp/hard/libc_nano.a(libc_a-init.o)
 .debug_abbrev  0x0000554d      0x29c /usr/lib/gcc/arm-none-eabi/13.2.1/../../../arm-none-eabi/lib/thumb/v7e-m+fp/hard/libc_nano.a(libc_a-puts.o)
 .debug_abbrev  0x000057e9      0x408 /usr/lib/gcc/arm-none-eabi/13.2.1/../../../arm-none-eabi/lib/thumb/v7e-m+fp/hard/libc_nano.a(libc_a-findfp.o)
 .debug_abbrev  0x00005bf1       0xb7 /usr/lib/gcc/arm-none-eabi/13.2.1/../../../arm-none-eabi/lib/thumb/v7e-m+fp/hard/libc_nano.a(libc_a-memset.o)
 .debug_abbrev  0x00005ca8      0x2e4 /usr/lib/gcc/arm-none-eabi/13.2.1/../../../arm-none-eabi/lib/thumb/v7e-m+fp/hard/libc_nano.a(libc_a-fflush.o)
 .debug_abbrev  0x00005f8c      0x24a /usr/lib/gcc/arm-none-eabi/13.2.1/../../../arm-none-eabi/lib/thumb/v7e-m+fp/hard/libc_nano.a(libc_a-mallocr.o)
 .debug_abbrev  0x000061d6      0x249 /usr/lib/gcc/arm-none-eabi/13.2.1/../../../arm-none-eabi/lib/thumb/v7e-m+fp/hard/libc_nano.a(libc_a-freer.o)
 .debug_abbrev  0x0000641f      0x19b /usr/lib/gcc/arm-none-eabi/13.2.1/../../../arm-none-eabi/lib/thumb/v7e-m+fp/hard/libc_nano.a(libc_a-fwalk.o)
 .debug_abbrev  0x000065ba      0x1e2 /usr/lib/gcc/arm-none-eabi/13.2.1/../../../arm-none-eabi/lib/thumb/v7e-m+fp/hard/libc_nano.a(libc_a-wsetup.o)
 .debug_abbrev  0x0000679c       0x28 /usr/lib/gcc/arm-none-eabi/13.2.1/../../../arm-none-eabi/lib/thumb/v7e-m+fp/hard/libc_nano.a(libc_a-memcpy.o)
 .debug_abbrev  0x000067c4      0x20c /usr/lib/gcc/arm-none-eabi/13.2.1/../../../arm-none-eabi/lib/thumb/v7e-m+fp/hard/libc_nano.a(libc_a-reallocr.o)
 .debug_abbrev  0x000069d0      0x192 /usr/lib/gcc/arm-none-eabi/13.2.1/../../../arm-none-eabi/lib/thumb/v7e-m+fp/hard/libc_nano.a(libc_a-mlock.o)
 .debug_abbrev  0x00006b62      0x29d /usr/lib/gcc/arm-none-eabi/13.2.1/../../../arm-none-eabi/lib/thumb/v7e-m+fp/hard/libc_nano.a(libc_a-makebuf.o)
 .debug_abbrev  0x00006dff      0x21a /usr/lib/gcc/arm-none-eabi/13.2.1/../../../arm-none-eabi/lib/thumb/v7e-m+fp/hard/libc_nano.a(libc_a-printf.o)
 .debug_abbrev  0x00007019      0x36e /usr/lib/gcc/arm-none-eabi/13.2.1/../../../arm-none-eabi/lib/thumb/v7e-m+fp/hard/libc_nano.a(libc_a-nano-vfprintf.o)
 .debug_abbrev  0x00007387      0x236 /usr/lib/gcc/arm-none-eabi/13.2.1/../../../arm-none-eabi/lib/thumb/v7e-m+fp/hard/libc_nano.a(libc_a-wbuf.o)
 .debug_abbrev  0x000075bd      0x224 /usr/lib/gcc/arm-none-eabi/13.2.1/../../../arm-none-eabi/lib/thumb/v7e-m+fp/hard/libc_nano.a(libc_a-stdio.o)
 .debug_abbrev  0x000077e1      0x196 /usr/lib/gcc/arm-none-eabi/13.2.1/../../../arm-none-eabi/lib/thumb/v7e-m+fp/hard/libc_nano.a(libc_a-msizer.o)
 .debug_abbrev  0x00007977      0x21b /usr/lib/gcc/arm-none-eabi/13.2.1/../../../arm-none-eabi/lib/thumb/v7e-m+fp/hard/libc_nano.a(libc_a-fvwrite.o)
 .debug_abbrev  0x00007b92       0xc3 /usr/lib/gcc/arm-none-eabi/13.2.1/../../../arm-none-eabi/lib/thumb/v7e-m+fp/hard/libc_nano.a(libc_a-memmove.o)
 .debug_abbrev  0x00007c55       0x14 /usr/lib/gcc/arm-none-eabi/13.2.1/../../../arm-none-eabi/lib/thumb/v7e-m+fp/hard/libc_nano.a(libc_a-memchr.o)
 .debug_abbrev  0x00007c69      0x284 /usr/lib/gcc/arm-none-eabi/13.2.1/../../../arm-none-eabi/lib/thumb/v7e-m+fp/hard/libc_nano.a(libc_a-nano-vfprintf_i.o)

.debug_loclists
                0x00000000     0x62a5
 .debug_loclists
                0x00000000      0x8be /home/hexin/code/MA/RIOT/examples/timecast/bin/nrf52840dk/application_timecast/main.o
 .debug_loclists
                0x000008be      0x3ae /home/hexin/code/MA/RIOT/examples/timecast/bin/nrf52840dk/application_timecast/packet.o
 .debug_loclists
                0x00000c6c      0xdb6 /home/hexin/code/MA/RIOT/examples/timecast/bin/nrf52840dk/application_timecast/protocol.o
 .debug_loclists
                0x00001a22       0x72 /home/hexin/code/MA/RIOT/examples/timecast/bin/nrf52840dk/application_timecast/radio_util.o
 .debug_loclists
                0x00001a94      0x534 /home/hexin/code/MA/RIOT/examples/timecast/bin/nrf52840dk/application_timecast/store.o
 .debug_loclists
                0x00001fc8      0x2fe /home/hexin/code/MA/RIOT/examples/timecast/bin/nrf52840dk/application_timecast/tta_driver.o
 .debug_loclists
                0x000022c6       0x36 /home/hexin/code/MA/RIOT/examples/timecast/bin/nrf52840dk/auto_init/auto_init.o
 .debug_loclists
                0x000022fc       0x22 /home/hexin/code/MA/RIOT/examples/timecast/bin/nrf52840dk/board_common_init/board_common.o
 .debug_loclists
                0x0000231e      0x3b4 /home/hexin/code/MA/RIOT/examples/timecast/bin/nrf52840dk/core/sched.o
 .debug_loclists
                0x000026d2      0x6fb /home/hexin/code/MA/RIOT/examples/timecast/bin/nrf52840dk/core/thread.o
 .debug_loclists
                0x00002dcd       0x3f /home/hexin/code/MA/RIOT/examples/timecast/bin/nrf52840dk/core_lib/init.o
 .debug_loclists
                0x00002e0c       0x53 /home/hexin/code/MA/RIOT/examples/timecast/bin/nrf52840dk/core_lib/panic.o
 .debug_loclists
                0x00002e5f      0x12f /home/hexin/code/MA/RIOT/examples/timecast/bin/nrf52840dk/cortexm_common/cortexm_init.o
 .debug_loclists
                0x00002f8e       0x22 /home/hexin/code/MA/RIOT/examples/timecast/bin/nrf52840dk/cortexm_common/panic.o
 .debug_loclists
                0x00002fb0      0x1bf /home/hexin/code/MA/RIOT/examples/timecast/bin/nrf52840dk/cortexm_common/thread_arch.o
 .debug_loclists
                0x0000316f       0x22 /home/hexin/code/MA/RIOT/examples/timecast/bin/nrf52840dk/cortexm_common/vectors_cortexm.o
 .debug_loclists
                0x00003191       0x65 /home/hexin/code/MA/RIOT/examples/timecast/bin/nrf52840dk/cortexm_common_periph/pm.o
 .debug_loclists
                0x000031f6       0x22 /home/hexin/code/MA/RIOT/examples/timecast/bin/nrf52840dk/cpu/cpu.o
 .debug_loclists
                0x00003218      0x26b /home/hexin/code/MA/RIOT/examples/timecast/bin/nrf52840dk/cpu/spi_twi_irq.o
 .debug_loclists
                0x00003483       0x90 /home/hexin/code/MA/RIOT/examples/timecast/bin/nrf52840dk/cpu_common/clock.o
 .debug_loclists
                0x00003513      0x3c0 /home/hexin/code/MA/RIOT/examples/timecast/bin/nrf52840dk/newlib_syscalls_default/syscalls.o
 .debug_loclists
                0x000038d3       0x22 /home/hexin/code/MA/RIOT/examples/timecast/bin/nrf52840dk/nrf52_vectors/vectors_nrf52840xxaa.o
 .debug_loclists
                0x000038f5      0x136 /home/hexin/code/MA/RIOT/examples/timecast/bin/nrf52840dk/nrf5x_common_periph/gpio.o
 .debug_loclists
                0x00003a2b      0x27a /home/hexin/code/MA/RIOT/examples/timecast/bin/nrf52840dk/nrf5x_common_periph/uart.o
 .debug_loclists
                0x00003ca5       0x22 /home/hexin/code/MA/RIOT/examples/timecast/bin/nrf52840dk/periph_common/init.o
 .debug_loclists
                0x00003cc7       0x22 /home/hexin/code/MA/RIOT/examples/timecast/bin/nrf52840dk/periph_common/init_leds.o
 .debug_loclists
                0x00003ce9       0x3f /home/hexin/code/MA/RIOT/examples/timecast/bin/nrf52840dk/stdio/stdio.o
 .debug_loclists
                0x00003d28       0xbb /home/hexin/code/MA/RIOT/examples/timecast/bin/nrf52840dk/stdio_uart/stdio_uart.o
 .debug_loclists
                0x00003de3       0x65 /usr/lib/gcc/arm-none-eabi/13.2.1/../../../arm-none-eabi/lib/thumb/v7e-m+fp/hard/libc_nano.a(libc_a-init.o)
 .debug_loclists
                0x00003e48      0x1f6 /usr/lib/gcc/arm-none-eabi/13.2.1/../../../arm-none-eabi/lib/thumb/v7e-m+fp/hard/libc_nano.a(libc_a-puts.o)
 .debug_loclists
                0x0000403e      0x1d0 /usr/lib/gcc/arm-none-eabi/13.2.1/../../../arm-none-eabi/lib/thumb/v7e-m+fp/hard/libc_nano.a(libc_a-findfp.o)
 .debug_loclists
                0x0000420e      0x1c2 /usr/lib/gcc/arm-none-eabi/13.2.1/../../../arm-none-eabi/lib/thumb/v7e-m+fp/hard/libc_nano.a(libc_a-memset.o)
 .debug_loclists
                0x000043d0      0x2f3 /usr/lib/gcc/arm-none-eabi/13.2.1/../../../arm-none-eabi/lib/thumb/v7e-m+fp/hard/libc_nano.a(libc_a-fflush.o)
 .debug_loclists
                0x000046c3      0x263 /usr/lib/gcc/arm-none-eabi/13.2.1/../../../arm-none-eabi/lib/thumb/v7e-m+fp/hard/libc_nano.a(libc_a-mallocr.o)
 .debug_loclists
                0x00004926      0x164 /usr/lib/gcc/arm-none-eabi/13.2.1/../../../arm-none-eabi/lib/thumb/v7e-m+fp/hard/libc_nano.a(libc_a-freer.o)
 .debug_loclists
                0x00004a8a       0x87 /usr/lib/gcc/arm-none-eabi/13.2.1/../../../arm-none-eabi/lib/thumb/v7e-m+fp/hard/libc_nano.a(libc_a-fwalk.o)
 .debug_loclists
                0x00004b11       0x61 /usr/lib/gcc/arm-none-eabi/13.2.1/../../../arm-none-eabi/lib/thumb/v7e-m+fp/hard/libc_nano.a(libc_a-wsetup.o)
 .debug_loclists
                0x00004b72      0x102 /usr/lib/gcc/arm-none-eabi/13.2.1/../../../arm-none-eabi/lib/thumb/v7e-m+fp/hard/libc_nano.a(libc_a-reallocr.o)
 .debug_loclists
                0x00004c74      0x1b4 /usr/lib/gcc/arm-none-eabi/13.2.1/../../../arm-none-eabi/lib/thumb/v7e-m+fp/hard/libc_nano.a(libc_a-makebuf.o)
 .debug_loclists
                0x00004e28       0x3c /usr/lib/gcc/arm-none-eabi/13.2.1/../../../arm-none-eabi/lib/thumb/v7e-m+fp/hard/libc_nano.a(libc_a-printf.o)
 .debug_loclists
                0x00004e64      0x5fd /usr/lib/gcc/arm-none-eabi/13.2.1/../../../arm-none-eabi/lib/thumb/v7e-m+fp/hard/libc_nano.a(libc_a-nano-vfprintf.o)
 .debug_loclists
                0x00005461      0x104 /usr/lib/gcc/arm-none-eabi/13.2.1/../../../arm-none-eabi/lib/thumb/v7e-m+fp/hard/libc_nano.a(libc_a-wbuf.o)
 .debug_loclists
                0x00005565      0x23b /usr/lib/gcc/arm-none-eabi/13.2.1/../../../arm-none-eabi/lib/thumb/v7e-m+fp/hard/libc_nano.a(libc_a-stdio.o)
 .debug_loclists
                0x000057a0       0x59 /usr/lib/gcc/arm-none-eabi/13.2.1/../../../arm-none-eabi/lib/thumb/v7e-m+fp/hard/libc_nano.a(libc_a-msizer.o)
 .debug_loclists
                0x000057f9      0x42a /usr/lib/gcc/arm-none-eabi/13.2.1/../../../arm-none-eabi/lib/thumb/v7e-m+fp/hard/libc_nano.a(libc_a-fvwrite.o)
 .debug_loclists
                0x00005c23      0x233 /usr/lib/gcc/arm-none-eabi/13.2.1/../../../arm-none-eabi/lib/thumb/v7e-m+fp/hard/libc_nano.a(libc_a-memmove.o)
 .debug_loclists
                0x00005e56      0x44f /usr/lib/gcc/arm-none-eabi/13.2.1/../../../arm-none-eabi/lib/thumb/v7e-m+fp/hard/libc_nano.a(libc_a-nano-vfprintf_i.o)

.debug_aranges  0x00000000      0xc28
 .debug_aranges
                0x00000000       0x68 /home/hexin/code/MA/RIOT/examples/timecast/bin/nrf52840dk/application_timecast/main.o
 .debug_aranges
                0x00000068       0x48 /home/hexin/code/MA/RIOT/examples/timecast/bin/nrf52840dk/application_timecast/packet.o
 .debug_aranges
                0x000000b0      0x150 /home/hexin/code/MA/RIOT/examples/timecast/bin/nrf52840dk/application_timecast/protocol.o
 .debug_aranges
                0x00000200       0x40 /home/hexin/code/MA/RIOT/examples/timecast/bin/nrf52840dk/application_timecast/radio_util.o
 .debug_aranges
                0x00000240       0x70 /home/hexin/code/MA/RIOT/examples/timecast/bin/nrf52840dk/application_timecast/store.o
 .debug_aranges
                0x000002b0       0x78 /home/hexin/code/MA/RIOT/examples/timecast/bin/nrf52840dk/application_timecast/tta_driver.o
 .debug_aranges
                0x00000328       0x20 /home/hexin/code/MA/RIOT/examples/timecast/bin/nrf52840dk/auto_init/auto_init.o
 .debug_aranges
                0x00000348       0x28 /home/hexin/code/MA/RIOT/examples/timecast/bin/nrf52840dk/board_common_init/board_common.o
 .debug_aranges
                0x00000370       0x50 /home/hexin/code/MA/RIOT/examples/timecast/bin/nrf52840dk/core/sched.o
 .debug_aranges
                0x000003c0       0x78 /home/hexin/code/MA/RIOT/examples/timecast/bin/nrf52840dk/core/thread.o
 .debug_aranges
                0x00000438       0x38 /home/hexin/code/MA/RIOT/examples/timecast/bin/nrf52840dk/core_lib/init.o
 .debug_aranges
                0x00000470       0x38 /home/hexin/code/MA/RIOT/examples/timecast/bin/nrf52840dk/core_lib/panic.o
 .debug_aranges
                0x000004a8       0x30 /home/hexin/code/MA/RIOT/examples/timecast/bin/nrf52840dk/cortexm_common/cortexm_init.o
 .debug_aranges
                0x000004d8       0x28 /home/hexin/code/MA/RIOT/examples/timecast/bin/nrf52840dk/cortexm_common/panic.o
 .debug_aranges
                0x00000500       0x68 /home/hexin/code/MA/RIOT/examples/timecast/bin/nrf52840dk/cortexm_common/thread_arch.o
 .debug_aranges
                0x00000568       0x70 /home/hexin/code/MA/RIOT/examples/timecast/bin/nrf52840dk/cortexm_common/vectors_cortexm.o
 .debug_aranges
                0x000005d8       0x30 /home/hexin/code/MA/RIOT/examples/timecast/bin/nrf52840dk/cortexm_common_periph/pm.o
 .debug_aranges
                0x00000608       0x30 /home/hexin/code/MA/RIOT/examples/timecast/bin/nrf52840dk/cpu/cpu.o
 .debug_aranges
                0x00000638       0x80 /home/hexin/code/MA/RIOT/examples/timecast/bin/nrf52840dk/cpu/spi_twi_irq.o
 .debug_aranges
                0x000006b8       0x48 /home/hexin/code/MA/RIOT/examples/timecast/bin/nrf52840dk/cpu_common/clock.o
 .debug_aranges
                0x00000700       0xc0 /home/hexin/code/MA/RIOT/examples/timecast/bin/nrf52840dk/newlib_syscalls_default/syscalls.o
 .debug_aranges
                0x000007c0       0x28 /home/hexin/code/MA/RIOT/examples/timecast/bin/nrf52840dk/nrf52_vectors/vectors_nrf52840xxaa.o
 .debug_aranges
                0x000007e8       0x50 /home/hexin/code/MA/RIOT/examples/timecast/bin/nrf52840dk/nrf5x_common_periph/gpio.o
 .debug_aranges
                0x00000838       0x60 /home/hexin/code/MA/RIOT/examples/timecast/bin/nrf52840dk/nrf5x_common_periph/uart.o
 .debug_aranges
                0x00000898       0x28 /home/hexin/code/MA/RIOT/examples/timecast/bin/nrf52840dk/periph_common/init.o
 .debug_aranges
                0x000008c0       0x28 /home/hexin/code/MA/RIOT/examples/timecast/bin/nrf52840dk/periph_common/init_leds.o
 .debug_aranges
                0x000008e8       0x30 /home/hexin/code/MA/RIOT/examples/timecast/bin/nrf52840dk/stdio/stdio.o
 .debug_aranges
                0x00000918       0x38 /home/hexin/code/MA/RIOT/examples/timecast/bin/nrf52840dk/stdio_uart/stdio_uart.o
 .debug_aranges
                0x00000950       0x18 /usr/lib/gcc/arm-none-eabi/13.2.1/../../../arm-none-eabi/lib/thumb/v7e-m+fp/hard/libc_nano.a(libc_a-impure.o)
 .debug_aranges
                0x00000968       0x20 /usr/lib/gcc/arm-none-eabi/13.2.1/../../../arm-none-eabi/lib/thumb/v7e-m+fp/hard/libc_nano.a(libc_a-init.o)
 .debug_aranges
                0x00000988       0x20 /usr/lib/gcc/arm-none-eabi/13.2.1/../../../arm-none-eabi/lib/thumb/v7e-m+fp/hard/libc_nano.a(libc_a-puts.o)
 .debug_aranges
                0x000009a8       0x20 /usr/lib/gcc/arm-none-eabi/13.2.1/../../../arm-none-eabi/lib/thumb/v7e-m+fp/hard/libc_nano.a(libc_a-findfp.o)
 .debug_aranges
                0x000009c8       0x20 /usr/lib/gcc/arm-none-eabi/13.2.1/../../../arm-none-eabi/lib/thumb/v7e-m+fp/hard/libc_nano.a(libc_a-memset.o)
 .debug_aranges
                0x000009e8       0x20 /usr/lib/gcc/arm-none-eabi/13.2.1/../../../arm-none-eabi/lib/thumb/v7e-m+fp/hard/libc_nano.a(libc_a-fflush.o)
 .debug_aranges
                0x00000a08       0x20 /usr/lib/gcc/arm-none-eabi/13.2.1/../../../arm-none-eabi/lib/thumb/v7e-m+fp/hard/libc_nano.a(libc_a-mallocr.o)
 .debug_aranges
                0x00000a28       0x20 /usr/lib/gcc/arm-none-eabi/13.2.1/../../../arm-none-eabi/lib/thumb/v7e-m+fp/hard/libc_nano.a(libc_a-freer.o)
 .debug_aranges
                0x00000a48       0x20 /usr/lib/gcc/arm-none-eabi/13.2.1/../../../arm-none-eabi/lib/thumb/v7e-m+fp/hard/libc_nano.a(libc_a-fwalk.o)
 .debug_aranges
                0x00000a68       0x20 /usr/lib/gcc/arm-none-eabi/13.2.1/../../../arm-none-eabi/lib/thumb/v7e-m+fp/hard/libc_nano.a(libc_a-wsetup.o)
 .debug_aranges
                0x00000a88       0x20 /usr/lib/gcc/arm-none-eabi/13.2.1/../../../arm-none-eabi/lib/thumb/v7e-m+fp/hard/libc_nano.a(libc_a-memcpy.o)
 .debug_aranges
                0x00000aa8       0x20 /usr/lib/gcc/arm-none-eabi/13.2.1/../../../arm-none-eabi/lib/thumb/v7e-m+fp/hard/libc_nano.a(libc_a-reallocr.o)
 .debug_aranges
                0x00000ac8       0x20 /usr/lib/gcc/arm-none-eabi/13.2.1/../../../arm-none-eabi/lib/thumb/v7e-m+fp/hard/libc_nano.a(libc_a-mlock.o)
 .debug_aranges
                0x00000ae8       0x20 /usr/lib/gcc/arm-none-eabi/13.2.1/../../../arm-none-eabi/lib/thumb/v7e-m+fp/hard/libc_nano.a(libc_a-makebuf.o)
 .debug_aranges
                0x00000b08       0x20 /usr/lib/gcc/arm-none-eabi/13.2.1/../../../arm-none-eabi/lib/thumb/v7e-m+fp/hard/libc_nano.a(libc_a-printf.o)
 .debug_aranges
                0x00000b28       0x20 /usr/lib/gcc/arm-none-eabi/13.2.1/../../../arm-none-eabi/lib/thumb/v7e-m+fp/hard/libc_nano.a(libc_a-nano-vfprintf.o)
 .debug_aranges
                0x00000b48       0x20 /usr/lib/gcc/arm-none-eabi/13.2.1/../../../arm-none-eabi/lib/thumb/v7e-m+fp/hard/libc_nano.a(libc_a-wbuf.o)
 .debug_aranges
                0x00000b68       0x20 /usr/lib/gcc/arm-none-eabi/13.2.1/../../../arm-none-eabi/lib/thumb/v7e-m+fp/hard/libc_nano.a(libc_a-stdio.o)
 .debug_aranges
                0x00000b88       0x20 /usr/lib/gcc/arm-none-eabi/13.2.1/../../../arm-none-eabi/lib/thumb/v7e-m+fp/hard/libc_nano.a(libc_a-msizer.o)
 .debug_aranges
                0x00000ba8       0x20 /usr/lib/gcc/arm-none-eabi/13.2.1/../../../arm-none-eabi/lib/thumb/v7e-m+fp/hard/libc_nano.a(libc_a-fvwrite.o)
 .debug_aranges
                0x00000bc8       0x20 /usr/lib/gcc/arm-none-eabi/13.2.1/../../../arm-none-eabi/lib/thumb/v7e-m+fp/hard/libc_nano.a(libc_a-memmove.o)
 .debug_aranges
                0x00000be8       0x20 /usr/lib/gcc/arm-none-eabi/13.2.1/../../../arm-none-eabi/lib/thumb/v7e-m+fp/hard/libc_nano.a(libc_a-memchr.o)
 .debug_aranges
                0x00000c08       0x20 /usr/lib/gcc/arm-none-eabi/13.2.1/../../../arm-none-eabi/lib/thumb/v7e-m+fp/hard/libc_nano.a(libc_a-nano-vfprintf_i.o)

.debug_rnglists
                0x00000000      0xe23
 .debug_rnglists
                0x00000000      0x1b3 /home/hexin/code/MA/RIOT/examples/timecast/bin/nrf52840dk/application_timecast/main.o
 .debug_rnglists
                0x000001b3       0x3d /home/hexin/code/MA/RIOT/examples/timecast/bin/nrf52840dk/application_timecast/packet.o
 .debug_rnglists
                0x000001f0      0x1b3 /home/hexin/code/MA/RIOT/examples/timecast/bin/nrf52840dk/application_timecast/protocol.o
 .debug_rnglists
                0x000003a3       0x2b /home/hexin/code/MA/RIOT/examples/timecast/bin/nrf52840dk/application_timecast/radio_util.o
 .debug_rnglists
                0x000003ce       0x4f /home/hexin/code/MA/RIOT/examples/timecast/bin/nrf52840dk/application_timecast/store.o
 .debug_rnglists
                0x0000041d       0xad /home/hexin/code/MA/RIOT/examples/timecast/bin/nrf52840dk/application_timecast/tta_driver.o
 .debug_rnglists
                0x000004ca       0x22 /home/hexin/code/MA/RIOT/examples/timecast/bin/nrf52840dk/auto_init/auto_init.o
 .debug_rnglists
                0x000004ec       0x19 /home/hexin/code/MA/RIOT/examples/timecast/bin/nrf52840dk/board_common_init/board_common.o
 .debug_rnglists
                0x00000505       0xf5 /home/hexin/code/MA/RIOT/examples/timecast/bin/nrf52840dk/core/sched.o
 .debug_rnglists
                0x000005fa       0xe9 /home/hexin/code/MA/RIOT/examples/timecast/bin/nrf52840dk/core/thread.o
 .debug_rnglists
                0x000006e3       0x49 /home/hexin/code/MA/RIOT/examples/timecast/bin/nrf52840dk/core_lib/init.o
 .debug_rnglists
                0x0000072c       0x25 /home/hexin/code/MA/RIOT/examples/timecast/bin/nrf52840dk/core_lib/panic.o
 .debug_rnglists
                0x00000751       0x5e /home/hexin/code/MA/RIOT/examples/timecast/bin/nrf52840dk/cortexm_common/cortexm_init.o
 .debug_rnglists
                0x000007af       0x19 /home/hexin/code/MA/RIOT/examples/timecast/bin/nrf52840dk/cortexm_common/panic.o
 .debug_rnglists
                0x000007c8       0x70 /home/hexin/code/MA/RIOT/examples/timecast/bin/nrf52840dk/cortexm_common/thread_arch.o
 .debug_rnglists
                0x00000838       0x5b /home/hexin/code/MA/RIOT/examples/timecast/bin/nrf52840dk/cortexm_common/vectors_cortexm.o
 .debug_rnglists
                0x00000893       0x1f /home/hexin/code/MA/RIOT/examples/timecast/bin/nrf52840dk/cortexm_common_periph/pm.o
 .debug_rnglists
                0x000008b2       0x1f /home/hexin/code/MA/RIOT/examples/timecast/bin/nrf52840dk/cpu/cpu.o
 .debug_rnglists
                0x000008d1       0x8e /home/hexin/code/MA/RIOT/examples/timecast/bin/nrf52840dk/cpu/spi_twi_irq.o
 .debug_rnglists
                0x0000095f       0x31 /home/hexin/code/MA/RIOT/examples/timecast/bin/nrf52840dk/cpu_common/clock.o
 .debug_rnglists
                0x00000990       0xb2 /home/hexin/code/MA/RIOT/examples/timecast/bin/nrf52840dk/newlib_syscalls_default/syscalls.o
 .debug_rnglists
                0x00000a42       0x19 /home/hexin/code/MA/RIOT/examples/timecast/bin/nrf52840dk/nrf52_vectors/vectors_nrf52840xxaa.o
 .debug_rnglists
                0x00000a5b       0x9d /home/hexin/code/MA/RIOT/examples/timecast/bin/nrf52840dk/nrf5x_common_periph/gpio.o
 .debug_rnglists
                0x00000af8       0x78 /home/hexin/code/MA/RIOT/examples/timecast/bin/nrf52840dk/nrf5x_common_periph/uart.o
 .debug_rnglists
                0x00000b70       0x19 /home/hexin/code/MA/RIOT/examples/timecast/bin/nrf52840dk/periph_common/init.o
 .debug_rnglists
                0x00000b89       0x19 /home/hexin/code/MA/RIOT/examples/timecast/bin/nrf52840dk/periph_common/init_leds.o
 .debug_rnglists
                0x00000ba2       0x1f /home/hexin/code/MA/RIOT/examples/timecast/bin/nrf52840dk/stdio/stdio.o
 .debug_rnglists