Archive member included to satisfy reference by file (symbol)

/usr/lib/gcc/arm-none-eabi/13.2.1/../../../arm-none-eabi/lib/thumb/v7e-m+fp/hard/libc_nano.a(libc_a-impure.o)
                              /home/hexin/code/MA/RIOT/examples/timecast/bin/nrf52840dk/newlib_syscalls_default/syscalls.o (_impure_ptr)
/usr/lib/gcc/arm-none-eabi/13.2.1/../../../arm-none-eabi/lib/thumb/v7e-m+fp/hard/libc_nano.a(libc_a-init.o)
                              /home/hexin/code/MA/RIOT/examples/timecast/bin/nrf52840dk/cortexm_common/vectors_cortexm.o (__libc_init_array)
/usr/lib/gcc/arm-none-eabi/13.2.1/../../../arm-none-eabi/lib/thumb/v7e-m+fp/hard/libc_nano.a(libc_a-puts.o)
                              /home/hexin/code/MA/RIOT/examples/timecast/bin/nrf52840dk/application_timecast/main.o (puts)
/usr/lib/gcc/arm-none-eabi/13.2.1/../../../arm-none-eabi/lib/thumb/v7e-m+fp/hard/libc_nano.a(libc_a-findfp.o)
                              /home/hexin/code/MA/RIOT/examples/timecast/bin/nrf52840dk/newlib_syscalls_default/syscalls.o (__sinit)
/usr/lib/gcc/arm-none-eabi/13.2.1/../../../arm-none-eabi/lib/thumb/v7e-m+fp/hard/libc_nano.a(libc_a-memset.o)
                              /home/hexin/code/MA/RIOT/examples/timecast/bin/nrf52840dk/application_timecast/main.o (memset)
/usr/lib/gcc/arm-none-eabi/13.2.1/../../../arm-none-eabi/lib/thumb/v7e-m+fp/hard/libc_nano.a(libc_a-fflush.o)
                              /usr/lib/gcc/arm-none-eabi/13.2.1/../../../arm-none-eabi/lib/thumb/v7e-m+fp/hard/libc_nano.a(libc_a-findfp.o) (_fflush_r)
/usr/lib/gcc/arm-none-eabi/13.2.1/../../../arm-none-eabi/lib/thumb/v7e-m+fp/hard/libc_nano.a(libc_a-errno.o)
                              /home/hexin/code/MA/RIOT/examples/timecast/bin/nrf52840dk/newlib_syscalls_default/syscalls.o (__errno)
/usr/lib/gcc/arm-none-eabi/13.2.1/../../../arm-none-eabi/lib/thumb/v7e-m+fp/hard/libc_nano.a(libc_a-realloc.o)
                              /home/hexin/code/MA/RIOT/examples/timecast/bin/nrf52840dk/malloc_thread_safe/malloc_wrappers.o (realloc)
/usr/lib/gcc/arm-none-eabi/13.2.1/../../../arm-none-eabi/lib/thumb/v7e-m+fp/hard/libc_nano.a(libc_a-mstats.o)
                              /home/hexin/code/MA/RIOT/examples/timecast/bin/nrf52840dk/newlib_syscalls_default/syscalls.o (mallinfo)
/usr/lib/gcc/arm-none-eabi/13.2.1/../../../arm-none-eabi/lib/thumb/v7e-m+fp/hard/libc_nano.a(libc_a-mallocr.o)
                              /usr/lib/gcc/arm-none-eabi/13.2.1/../../../arm-none-eabi/lib/thumb/v7e-m+fp/hard/libc_nano.a(libc_a-findfp.o) (_malloc_r)
/usr/lib/gcc/arm-none-eabi/13.2.1/../../../arm-none-eabi/lib/thumb/v7e-m+fp/hard/libc_nano.a(libc_a-freer.o)
                              /usr/lib/gcc/arm-none-eabi/13.2.1/../../../arm-none-eabi/lib/thumb/v7e-m+fp/hard/libc_nano.a(libc_a-fflush.o) (_free_r)
/usr/lib/gcc/arm-none-eabi/13.2.1/../../../arm-none-eabi/lib/thumb/v7e-m+fp/hard/libc_nano.a(libc_a-fwalk.o)
                              /usr/lib/gcc/arm-none-eabi/13.2.1/../../../arm-none-eabi/lib/thumb/v7e-m+fp/hard/libc_nano.a(libc_a-findfp.o) (_fwalk_sglue)
/usr/lib/gcc/arm-none-eabi/13.2.1/../../../arm-none-eabi/lib/thumb/v7e-m+fp/hard/libc_nano.a(libc_a-wsetup.o)
                              /usr/lib/gcc/arm-none-eabi/13.2.1/../../../arm-none-eabi/lib/thumb/v7e-m+fp/hard/libc_nano.a(libc_a-puts.o) (__swsetup_r)
/usr/lib/gcc/arm-none-eabi/13.2.1/../../../arm-none-eabi/lib/thumb/v7e-m+fp/hard/libc_nano.a(libc_a-memcpy.o)
                              /home/hexin/code/MA/RIOT/examples/timecast/bin/nrf52840dk/application_timecast/main.o (memcpy)
/usr/lib/gcc/arm-none-eabi/13.2.1/../../../arm-none-eabi/lib/thumb/v7e-m+fp/hard/libc_nano.a(libc_a-malloc.o)
                              /home/hexin/code/MA/RIOT/examples/timecast/bin/nrf52840dk/malloc_thread_safe/malloc_wrappers.o (malloc)
/usr/lib/gcc/arm-none-eabi/13.2.1/../../../arm-none-eabi/lib/thumb/v7e-m+fp/hard/libc_nano.a(libc_a-fprintf.o)
                              /usr/lib/gcc/arm-none-eabi/13.2.1/../../../arm-none-eabi/lib/thumb/v7e-m+fp/hard/libc_nano.a(libc_a-mstats.o) (fiprintf)
/usr/lib/gcc/arm-none-eabi/13.2.1/../../../arm-none-eabi/lib/thumb/v7e-m+fp/hard/libc_nano.a(libc_a-reallocr.o)
                              /usr/lib/gcc/arm-none-eabi/13.2.1/../../../arm-none-eabi/lib/thumb/v7e-m+fp/hard/libc_nano.a(libc_a-realloc.o) (_realloc_r)
/usr/lib/gcc/arm-none-eabi/13.2.1/../../../arm-none-eabi/lib/thumb/v7e-m+fp/hard/libc_nano.a(libc_a-mlock.o)
                              /usr/lib/gcc/arm-none-eabi/13.2.1/../../../arm-none-eabi/lib/thumb/v7e-m+fp/hard/libc_nano.a(libc_a-mallocr.o) (__malloc_lock)
/usr/lib/gcc/arm-none-eabi/13.2.1/../../../arm-none-eabi/lib/thumb/v7e-m+fp/hard/libc_nano.a(libc_a-makebuf.o)
                              /usr/lib/gcc/arm-none-eabi/13.2.1/../../../arm-none-eabi/lib/thumb/v7e-m+fp/hard/libc_nano.a(libc_a-wsetup.o) (__smakebuf_r)
/usr/lib/gcc/arm-none-eabi/13.2.1/../../../arm-none-eabi/lib/thumb/v7e-m+fp/hard/libc_nano.a(libc_a-mallinfor.o)
[...]
Memory Configuration

Name             Origin             Length             Attributes
rom              0x00000000         0x00100000         xr
ram              0x20000000         0x00040000         w!xr
bkup_ram         0x00000000         0x00000000         w!xr
rom_aux          0x00100000         0x00000000         xr
*default*        0x00000000         0xffffffff

Linker script and memory map

LOAD /home/hexin/code/MA/RIOT/examples/timecast/bin/nrf52840dk/application_timecast/main.o
LOAD /home/hexin/code/MA/RIOT/examples/timecast/bin/nrf52840dk/application_timecast/packet.o
LOAD /home/hexin/code/MA/RIOT/examples/timecast/bin/nrf52840dk/application_timecast/protocol.o
LOAD /home/hexin/code/MA/RIOT/examples/timecast/bin/nrf52840dk/application_timecast/radio_util.o
LOAD /home/hexin/code/MA/RIOT/examples/timecast/bin/nrf52840dk/application_timecast/store.o
LOAD /home/hexin/code/MA/RIOT/examples/timecast/bin/nrf52840dk/application_timecast/tta_driver.o
LOAD /home/hexin/code/MA/RIOT/examples/timecast/bin/nrf52840dk/auto_init/auto_init.o
LOAD /home/hexin/code/MA/RIOT/examples/timecast/bin/nrf52840dk/board/mtd.o
LOAD /home/hexin/code/MA/RIOT/examples/timecast/bin/nrf52840dk/board_common_init/board_common.o
LOAD /home/hexin/code/MA/RIOT/examples/timecast/bin/nrf52840dk/core/cond.o
LOAD /home/hexin/code/MA/RIOT/examples/timecast/bin/nrf52840dk/core/msg.o
LOAD /home/hexin/code/MA/RIOT/examples/timecast/bin/nrf52840dk/core/mutex.o
LOAD /home/hexin/code/MA/RIOT/examples/timecast/bin/nrf52840dk/core/sched.o
LOAD /home/hexin/code/MA/RIOT/examples/timecast/bin/nrf52840dk/core/thread.o
LOAD /home/hexin/code/MA/RIOT/examples/timecast/bin/nrf52840dk/core_lib/assert.o
LOAD /home/hexin/code/MA/RIOT/examples/timecast/bin/nrf52840dk/core_lib/atomic_c11.o
LOAD /home/hexin/code/MA/RIOT/examples/timecast/bin/nrf52840dk/core_lib/atomic_sync.o
LOAD /home/hexin/code/MA/RIOT/examples/timecast/bin/nrf52840dk/core_lib/bitarithm.o
LOAD /home/hexin/code/MA/RIOT/examples/timecast/bin/nrf52840dk/core_lib/clist.o
LOAD /home/hexin/code/MA/RIOT/examples/timecast/bin/nrf52840dk/core_lib/init.o
LOAD /home/hexin/code/MA/RIOT/examples/timecast/bin/nrf52840dk/core_lib/panic.o
LOAD /home/hexin/code/MA/RIOT/examples/timecast/bin/nrf52840dk/core_lib/priority_queue.o
LOAD /home/hexin/code/MA/RIOT/examples/timecast/bin/nrf52840dk/core_lib/ringbuffer.o
LOAD /home/hexin/code/MA/RIOT/examples/timecast/bin/nrf52840dk/core_lib/rmutex.o
LOAD /home/hexin/code/MA/RIOT/examples/timecast/bin/nrf52840dk/cortexm_common/cortexm_init.o
LOAD /home/hexin/code/MA/RIOT/examples/timecast/bin/nrf52840dk/cortexm_common/mpu.o
LOAD /home/hexin/code/MA/RIOT/examples/timecast/bin/nrf52840dk/cortexm_common/panic.o
LOAD /home/hexin/code/MA/RIOT/examples/timecast/bin/nrf52840dk/cortexm_common/thread_arch.o
LOAD /home/hexin/code/MA/RIOT/examples/timecast/bin/nrf52840dk/cortexm_common/vectors_cortexm.o
LOAD /home/hexin/code/MA/RIOT/examples/timecast/bin/nrf52840dk/cortexm_common_periph/pm.o
LOAD /home/hexin/code/MA/RIOT/examples/timecast/bin/nrf52840dk/cpu/cpu.o
LOAD /home/hexin/code/MA/RIOT/examples/timecast/bin/nrf52840dk/cpu/spi_twi_irq.o
LOAD /home/hexin/code/MA/RIOT/examples/timecast/bin/nrf52840dk/cpu_common/clock.o
LOAD /home/hexin/code/MA/RIOT/examples/timecast/bin/nrf52840dk/div/div.o
LOAD /home/hexin/code/MA/RIOT/examples/timecast/bin/nrf52840dk/libc/string.o
LOAD /home/hexin/code/MA/RIOT/examples/timecast/bin/nrf52840dk/malloc_thread_safe/malloc_wrappers.o
LOAD /home/hexin/code/MA/RIOT/examples/timecast/bin/nrf52840dk/newlib_syscalls_default/syscalls.o
LOAD /home/hexin/code/MA/RIOT/examples/timecast/bin/nrf52840dk/nrf52_vectors/vectors_nrf52840xxaa.o
LOAD /home/hexin/code/MA/RIOT/examples/timecast/bin/nrf52840dk/nrf5x_common_periph/gpio.o
LOAD /home/hexin/code/MA/RIOT/examples/timecast/bin/nrf52840dk/nrf5x_common_periph/pm.o
LOAD /home/hexin/code/MA/RIOT/examples/timecast/bin/nrf52840dk/nrf5x_common_periph/uart.o
LOAD /home/hexin/code/MA/RIOT/examples/timecast/bin/nrf52840dk/periph_common/gpio.o
LOAD /home/hexin/code/MA/RIOT/examples/timecast/bin/nrf52840dk/periph_common/init.o
LOAD /home/hexin/code/MA/RIOT/examples/timecast/bin/nrf52840dk/periph_common/init_leds.o
LOAD /home/hexin/code/MA/RIOT/examples/timecast/bin/nrf52840dk/periph_common/pm.o
LOAD /home/hexin/code/MA/RIOT/examples/timecast/bin/nrf52840dk/stdio/stdio.o
LOAD /home/hexin/code/MA/RIOT/examples/timecast/bin/nrf52840dk/stdio_uart/stdio_uart.o
LOAD /usr/lib/gcc/arm-none-eabi/13.2.1/../../../arm-none-eabi/lib/thumb/v7e-m+fp/hard/libm.a
LOAD /usr/lib/gcc/arm-none-eabi/13.2.1/thumb/v7e-m+fp/hard/libgcc.a
                0x00000000                        _rom_start_addr = 0x0
                0x20000000                        _ram_start_addr = 0x20000000
                0x00100000                        _rom_length = 0x100000
                0x00040000                        _ram_length = 0x40000
LOAD /usr/lib/gcc/arm-none-eabi/13.2.1/../../../arm-none-eabi/lib/thumb/v7e-m+fp/hard/libc_nano.a
                0x00100000                        _slot_aux_offset = 0x100000
                0x00000000                        _slot_aux_len = 0x0
START GROUP
LOAD /usr/lib/gcc/arm-none-eabi/13.2.1/thumb/v7e-m+fp/hard/libgcc.a
LOAD /usr/lib/gcc/arm-none-eabi/13.2.1/../../../arm-none-eabi/lib/thumb/v7e-m+fp/hard/libg_nano.a
LOAD /usr/lib/gcc/arm-none-eabi/13.2.1/../../../arm-none-eabi/lib/thumb/v7e-m+fp/hard/libc_nano.a
END GROUP
START GROUP
LOAD /usr/lib/gcc/arm-none-eabi/13.2.1/thumb/v7e-m+fp/hard/libgcc.a
LOAD /usr/lib/gcc/arm-none-eabi/13.2.1/../../../arm-none-eabi/lib/thumb/v7e-m+fp/hard/libc_nano.a
END GROUP
                0x00000000                        _rom_offset = DEFINED (_rom_offset)?_rom_offset:0x0
                0x00000000                        _slot_aux_len = DEFINED (_slot_aux_len)?_slot_aux_len:0x0
                0x00100000                        _fw_rom_length = DEFINED (_fw_rom_length)?_fw_rom_length:((_rom_length - _rom_offset) - _slot_aux_len)
                0x00000001                        ASSERT ((_fw_rom_length <= ((_rom_length - _rom_offset) - _slot_aux_len)), Specified firmware size does not fit in ROM)
                0x00000001                        ASSERT ((_fw_rom_length <= _rom_length), Specified firmware size does not fit in ROM)
                0x00000000                        _backup_ram_start_addr = DEFINED (_backup_ram_start_addr)?_backup_ram_start_addr:0x0
                0x00000000                        _backup_ram_len = DEFINED (_backup_ram_len)?_backup_ram_len:0x0

.text           0x00000000     0x4e90
                0x00000000                        . = ALIGN (0x4)
                0x00000000                        _sfixed = .
                0x00000000                        _isr_vectors = DEFINED (_isr_vectors)?_isr_vectors:.
 *(SORT_BY_NAME(.vectors*))
 .vectors.0     0x00000000       0x40 /home/hexin/code/MA/RIOT/examples/timecast/bin/nrf52840dk/cortexm_common/vectors_cortexm.o
                0x00000000                cortex_vector_base
 .vectors.1     0x00000040       0xc0 /home/hexin/code/MA/RIOT/examples/timecast/bin/nrf52840dk/nrf52_vectors/vectors_nrf52840xxaa.o
                0x00000040                vector_cpu
 *(.text .text.* .gnu.linkonce.t.*)
 .text._wait_until_ticks
                0x00000100       0x28 /home/hexin/code/MA/RIOT/examples/timecast/bin/nrf52840dk/application_timecast/main.o
 .text._drain_tx_until_done
                0x00000128       0x38 /home/hexin/code/MA/RIOT/examples/timecast/bin/nrf52840dk/application_timecast/main.o
 .text._try_rx_enable
                0x00000160       0x24 /home/hexin/code/MA/RIOT/examples/timecast/bin/nrf52840dk/application_timecast/main.o
 .text._class_to_payload_len
                0x00000184       0x1a /home/hexin/code/MA/RIOT/examples/timecast/bin/nrf52840dk/application_timecast/main.o
 .text._payload_len_to_class
                0x0000019e       0x22 /home/hexin/code/MA/RIOT/examples/timecast/bin/nrf52840dk/application_timecast/main.o
 .text._on_tta_event
                0x000001c0      0x1ec /home/hexin/code/MA/RIOT/examples/timecast/bin/nrf52840dk/application_timecast/main.o
 .text._commit_schedule.part.0
                0x000003ac       0x94 /home/hexin/code/MA/RIOT/examples/timecast/bin/nrf52840dk/application_timecast/main.o
 .text._wait_for_arm.constprop.0
                0x00000440       0x20 /home/hexin/code/MA/RIOT/examples/timecast/bin/nrf52840dk/application_timecast/main.o
 .text._pre_commit_finish_slot.isra.0
                0x00000460       0x2c /home/hexin/code/MA/RIOT/examples/timecast/bin/nrf52840dk/application_timecast/main.o
 .text._drain_rx_until_idle.isra.0
                0x0000048c       0x30 /home/hexin/code/MA/RIOT/examples/timecast/bin/nrf52840dk/application_timecast/main.o
 .text._refresh_local_payload
                0x000004bc       0x90 /home/hexin/code/MA/RIOT/examples/timecast/bin/nrf52840dk/application_timecast/main.o
 .text.startup.main
                0x0000054c      0xdac /home/hexin/code/MA/RIOT/examples/timecast/bin/nrf52840dk/application_timecast/main.o
                0x0000054c                main
 .text.timecast_packet_encode_p1_sync
                0x000012f8       0x4e /home/hexin/code/MA/RIOT/examples/timecast/bin/nrf52840dk/application_timecast/packet.o
                0x000012f8                timecast_packet_encode_p1_sync
 .text.timecast_packet_decode_p1_sync
                0x00001346       0x58 /home/hexin/code/MA/RIOT/examples/timecast/bin/nrf52840dk/application_timecast/packet.o
                0x00001346                timecast_packet_decode_p1_sync
 .text.timecast_packet_encode_p2_data
                0x0000139e       0x68 /home/hexin/code/MA/RIOT/examples/timecast/bin/nrf52840dk/application_timecast/packet.o
                0x0000139e                timecast_packet_encode_p2_data
 .text.timecast_packet_decode_p2_data
                0x00001406       0x60 /home/hexin/code/MA/RIOT/examples/timecast/bin/nrf52840dk/application_timecast/packet.o
                0x00001406                timecast_packet_decode_p2_data
 .text.timecast_packet_encode_pre_p2_ctrl
                0x00001466        0xe /home/hexin/code/MA/RIOT/examples/timecast/bin/nrf52840dk/application_timecast/packet.o
                0x00001466                timecast_packet_encode_pre_p2_ctrl
 .text.timecast_packet_decode_pre_p2_ctrl
                0x00001474       0x14 /home/hexin/code/MA/RIOT/examples/timecast/bin/nrf52840dk/application_timecast/packet.o
                0x00001474                timecast_packet_decode_pre_p2_ctrl
 .text.timecast_packet_encode_pre_commit
                0x00001488       0x34 /home/hexin/code/MA/RIOT/examples/timecast/bin/nrf52840dk/application_timecast/packet.o
                0x00001488                timecast_packet_encode_pre_commit
 .text.timecast_packet_decode_pre_commit
                0x000014bc       0x42 /home/hexin/code/MA/RIOT/examples/timecast/bin/nrf52840dk/application_timecast/packet.o
                0x000014bc                timecast_packet_decode_pre_commit
 .text._pre_p2_store_p2_payload_len
                0x000014fe       0x40 /home/hexin/code/MA/RIOT/examples/timecast/bin/nrf52840dk/application_timecast/protocol.o
 .text._p2_start_common
                0x0000153e       0x44 /home/hexin/code/MA/RIOT/examples/timecast/bin/nrf52840dk/application_timecast/protocol.o
 .text.timecast_protocol_init
                0x00001582       0x24 /home/hexin/code/MA/RIOT/examples/timecast/bin/nrf52840dk/application_timecast/protocol.o
                0x00001582                timecast_protocol_init
 .text.timecast_protocol_p1_start
                0x000015a6       0x78 /home/hexin/code/MA/RIOT/examples/timecast/bin/nrf52840dk/application_timecast/protocol.o
                0x000015a6                timecast_protocol_p1_start
 .text.timecast_protocol_p1_is_active
                0x0000161e       0x16 /home/hexin/code/MA/RIOT/examples/timecast/bin/nrf52840dk/application_timecast/protocol.o
                0x0000161e                timecast_protocol_p1_is_active
 .text.timecast_protocol_p1_has_tref
                0x00001634        0xc /home/hexin/code/MA/RIOT/examples/timecast/bin/nrf52840dk/application_timecast/protocol.o
                0x00001634                timecast_protocol_p1_has_tref
 .text.timecast_protocol_p1_should_tx
                0x00001640       0x14 /home/hexin/code/MA/RIOT/examples/timecast/bin/nrf52840dk/application_timecast/protocol.o
                0x00001640                timecast_protocol_p1_should_tx
 .text.timecast_protocol_p1_get_slot_idx
                0x00001654        0x8 /home/hexin/code/MA/RIOT/examples/timecast/bin/nrf52840dk/application_timecast/protocol.o
                0x00001654                timecast_protocol_p1_get_slot_idx
 .text.timecast_protocol_p1_get_slot_start_local_ticks
                0x0000165c       0x20 /home/hexin/code/MA/RIOT/examples/timecast/bin/nrf52840dk/application_timecast/protocol.o
                0x0000165c                timecast_protocol_p1_get_slot_start_local_ticks
 .text.timecast_protocol_p1_prepare_tx
                0x0000167c       0x5a /home/hexin/code/MA/RIOT/examples/timecast/bin/nrf52840dk/application_timecast/protocol.o
                0x0000167c                timecast_protocol_p1_prepare_tx
 .text.timecast_protocol_p1_handle_rx
                0x000016d6       0x9a /home/hexin/code/MA/RIOT/examples/timecast/bin/nrf52840dk/application_timecast/protocol.o
                0x000016d6                timecast_protocol_p1_handle_rx
 .text.timecast_protocol_p1_finish_slot
                0x00001770       0x50 /home/hexin/code/MA/RIOT/examples/timecast/bin/nrf52840dk/application_timecast/protocol.o
                0x00001770                timecast_protocol_p1_finish_slot
 .text.timecast_protocol_p1_get_tref_local_ticks
                0x000017c0        0x6 /home/hexin/code/MA/RIOT/examples/timecast/bin/nrf52840dk/application_timecast/protocol.o
                0x000017c0                timecast_protocol_p1_get_tref_local_ticks
 .text.timecast_protocol_p1_get_next_phase_start_local_ticks
                0x000017c6        0x6 /home/hexin/code/MA/RIOT/examples/timecast/bin/nrf52840dk/application_timecast/protocol.o
                0x000017c6                timecast_protocol_p1_get_next_phase_start_local_ticks
 .text.timecast_protocol_pre_p2_start
                0x000017cc       0x90 /home/hexin/code/MA/RIOT/examples/timecast/bin/nrf52840dk/application_timecast/protocol.o
                0x000017cc                timecast_protocol_pre_p2_start
 .text.timecast_protocol_pre_p2_is_active
                0x0000185c       0x16 /home/hexin/code/MA/RIOT/examples/timecast/bin/nrf52840dk/application_timecast/protocol.o
                0x0000185c                timecast_protocol_pre_p2_is_active
 .text.timecast_protocol_pre_p2_is_complete
                0x00001872        0xc /home/hexin/code/MA/RIOT/examples/timecast/bin/nrf52840dk/application_timecast/protocol.o
                0x00001872                timecast_protocol_pre_p2_is_complete
 .text.timecast_protocol_pre_p2_is_tx_slot
                0x0000187e       0x14 /home/hexin/code/MA/RIOT/examples/timecast/bin/nrf52840dk/application_timecast/protocol.o
                0x0000187e                timecast_protocol_pre_p2_is_tx_slot
 .text.timecast_protocol_pre_p2_get_slot_idx
                0x00001892        0x8 /home/hexin/code/MA/RIOT/examples/timecast/bin/nrf52840dk/application_timecast/protocol.o
                0x00001892                timecast_protocol_pre_p2_get_slot_idx
 .text.timecast_protocol_pre_p2_get_subslot_idx
                0x0000189a        0x8 /home/hexin/code/MA/RIOT/examples/timecast/bin/nrf52840dk/application_timecast/protocol.o
                0x0000189a                timecast_protocol_pre_p2_get_subslot_idx
 .text.timecast_protocol_pre_p2_get_owner_node_id
                0x000018a2       0x1e /home/hexin/code/MA/RIOT/examples/timecast/bin/nrf52840dk/application_timecast/protocol.o
                0x000018a2                timecast_protocol_pre_p2_get_owner_node_id
 .text.timecast_protocol_pre_p2_get_subslot_start_local_ticks
                0x000018c0       0x22 /home/hexin/code/MA/RIOT/examples/timecast/bin/nrf52840dk/application_timecast/protocol.o
                0x000018c0                timecast_protocol_pre_p2_get_subslot_start_local_ticks
 .text.timecast_protocol_pre_p2_get_p2_start_local_ticks
                0x000018e2        0x6 /home/hexin/code/MA/RIOT/examples/timecast/bin/nrf52840dk/application_timecast/protocol.o
                0x000018e2                timecast_protocol_pre_p2_get_p2_start_local_ticks
 .text.timecast_protocol_pre_p2_has_p2_payload_len
                0x000018e8       0x1c /home/hexin/code/MA/RIOT/examples/timecast/bin/nrf52840dk/application_timecast/protocol.o
                0x000018e8                timecast_protocol_pre_p2_has_p2_payload_len
 .text.timecast_protocol_pre_p2_prepare_tx
                0x00001904       0x36 /home/hexin/code/MA/RIOT/examples/timecast/bin/nrf52840dk/application_timecast/protocol.o
                0x00001904                timecast_protocol_pre_p2_prepare_tx
 .text.timecast_protocol_pre_p2_handle_rx
                0x0000193a       0x86 /home/hexin/code/MA/RIOT/examples/timecast/bin/nrf52840dk/application_timecast/protocol.o
                0x0000193a                timecast_protocol_pre_p2_handle_rx
 .text.timecast_protocol_pre_p2_finish_subslot
                0x000019c0       0x66 /home/hexin/code/MA/RIOT/examples/timecast/bin/nrf52840dk/application_timecast/protocol.o
                0x000019c0                timecast_protocol_pre_p2_finish_subslot
 .text.timecast_protocol_p2_start_pre_p2
                0x00001a26       0x6a /home/hexin/code/MA/RIOT/examples/timecast/bin/nrf52840dk/application_timecast/protocol.o
                0x00001a26                timecast_protocol_p2_start_pre_p2
 .text.timecast_protocol_p2_is_active
                0x00001a90       0x16 /home/hexin/code/MA/RIOT/examples/timecast/bin/nrf52840dk/application_timecast/protocol.o
                0x00001a90                timecast_protocol_p2_is_active
 .text.timecast_protocol_p2_is_tx_slot
                0x00001aa6       0x14 /home/hexin/code/MA/RIOT/examples/timecast/bin/nrf52840dk/application_timecast/protocol.o
                0x00001aa6                timecast_protocol_p2_is_tx_slot
 .text.timecast_protocol_p2_get_slot_idx
                0x00001aba        0x8 /home/hexin/code/MA/RIOT/examples/timecast/bin/nrf52840dk/application_timecast/protocol.o
                0x00001aba                timecast_protocol_p2_get_slot_idx
 .text.timecast_protocol_p2_get_subslot_idx
                0x00001ac2        0x8 /home/hexin/code/MA/RIOT/examples/timecast/bin/nrf52840dk/application_timecast/protocol.o
                0x00001ac2                timecast_protocol_p2_get_subslot_idx
 .text.timecast_protocol_p2_get_node_list_len
                0x00001aca        0x8 /home/hexin/code/MA/RIOT/examples/timecast/bin/nrf52840dk/application_timecast/protocol.o
                0x00001aca                timecast_protocol_p2_get_node_list_len
 .text.timecast_protocol_p2_get_owner_node_id
                0x00001ad2       0x1e /home/hexin/code/MA/RIOT/examples/timecast/bin/nrf52840dk/application_timecast/protocol.o
                0x00001ad2                timecast_protocol_p2_get_owner_node_id
 .text.timecast_protocol_p2_get_subslot_start_local_ticks
                0x00001af0       0x38 /home/hexin/code/MA/RIOT/examples/timecast/bin/nrf52840dk/application_timecast/protocol.o
                0x00001af0                timecast_protocol_p2_get_subslot_start_local_ticks
 .text.timecast_protocol_p2_get_subslot_ticks
                0x00001b28       0x26 /home/hexin/code/MA/RIOT/examples/timecast/bin/nrf52840dk/application_timecast/protocol.o
                0x00001b28                timecast_protocol_p2_get_subslot_ticks
 .text.timecast_protocol_p2_get_slot_ticks
                0x00001b4e       0x1a /home/hexin/code/MA/RIOT/examples/timecast/bin/nrf52840dk/application_timecast/protocol.o
                0x00001b4e                timecast_protocol_p2_get_slot_ticks
 .text.timecast_protocol_p2_prepare_tx
                0x00001b68       0x80 /home/hexin/code/MA/RIOT/examples/timecast/bin/nrf52840dk/application_timecast/protocol.o
                0x00001b68                timecast_protocol_p2_prepare_tx
 .text.timecast_protocol_p2_handle_rx
                0x00001be8       0xfe /home/hexin/code/MA/RIOT/examples/timecast/bin/nrf52840dk/application_timecast/protocol.o
                0x00001be8                timecast_protocol_p2_handle_rx
 .text.timecast_protocol_p2_finish_subslot
                0x00001ce6       0x6a /home/hexin/code/MA/RIOT/examples/timecast/bin/nrf52840dk/application_timecast/protocol.o
                0x00001ce6                timecast_protocol_p2_finish_subslot
 .text.radio_util_ppi_anchor_init
                0x00001d50       0x6c /home/hexin/code/MA/RIOT/examples/timecast/bin/nrf52840dk/application_timecast/radio_util.o
                0x00001d50                radio_util_ppi_anchor_init
 .text.radio_util_init
                0x00001dbc        0x4 /home/hexin/code/MA/RIOT/examples/timecast/bin/nrf52840dk/application_timecast/radio_util.o
                0x00001dbc                radio_util_init
 .text.radio_util_get_last_address_time_ticks
                0x00001dc0        0xc /home/hexin/code/MA/RIOT/examples/timecast/bin/nrf52840dk/application_timecast/radio_util.o
                0x00001dc0                radio_util_get_last_address_time_ticks
 .text.radio_util_ppi_anchor_arm
                0x00001dcc       0x40 /home/hexin/code/MA/RIOT/examples/timecast/bin/nrf52840dk/application_timecast/radio_util.o
                0x00001dcc                radio_util_ppi_anchor_arm
 .text.timecast_store_clear
                0x00001e0c       0x1a /home/hexin/code/MA/RIOT/examples/timecast/bin/nrf52840dk/application_timecast/store.o
                0x00001e0c                timecast_store_clear
 .text.timecast_store_init
                0x00001e26        0xa /home/hexin/code/MA/RIOT/examples/timecast/bin/nrf52840dk/application_timecast/store.o
                0x00001e26                timecast_store_init
 .text.timecast_store_mark_participant
                0x00001e30       0x26 /home/hexin/code/MA/RIOT/examples/timecast/bin/nrf52840dk/application_timecast/store.o
                0x00001e30                timecast_store_mark_participant
 .text.timecast_store_write
                0x00001e56       0x4e /home/hexin/code/MA/RIOT/examples/timecast/bin/nrf52840dk/application_timecast/store.o
                0x00001e56                timecast_store_write
 .text.timecast_store_import
                0x00001ea4       0x4e /home/hexin/code/MA/RIOT/examples/timecast/bin/nrf52840dk/application_timecast/store.o
                0x00001ea4                timecast_store_import
 .text.timecast_store_get
                0x00001ef2       0x14 /home/hexin/code/MA/RIOT/examples/timecast/bin/nrf52840dk/application_timecast/store.o
                0x00001ef2                timecast_store_get
 .text.timecast_store_has_data
                0x00001f06       0x14 /home/hexin/code/MA/RIOT/examples/timecast/bin/nrf52840dk/application_timecast/store.o
                0x00001f06                timecast_store_has_data
 .text.timecast_store_present_count
                0x00001f1a        0x6 /home/hexin/code/MA/RIOT/examples/timecast/bin/nrf52840dk/application_timecast/store.o
                0x00001f1a                timecast_store_present_count
 .text.timecast_store_participant_count
                0x00001f20        0x6 /home/hexin/code/MA/RIOT/examples/timecast/bin/nrf52840dk/application_timecast/store.o
                0x00001f20                timecast_store_participant_count
 *fill*         0x00001f26        0x2 
 .text._defer_event_from_isr
                0x00001f28       0x74 /home/hexin/code/MA/RIOT/examples/timecast/bin/nrf52840dk/application_timecast/tta_driver.o
 .text._wait_radio_disabled.constprop.0
                0x00001f9c       0x34 /home/hexin/code/MA/RIOT/examples/timecast/bin/nrf52840dk/application_timecast/tta_driver.o
 .text.isr_radio
                0x00001fd0       0xd0 /home/hexin/code/MA/RIOT/examples/timecast/bin/nrf52840dk/application_timecast/tta_driver.o
                0x00001fd0                isr_radio
 .text.tta_driver_init
                0x000020a0       0x7c /home/hexin/code/MA/RIOT/examples/timecast/bin/nrf52840dk/application_timecast/tta_driver.o
                0x000020a0                tta_driver_init
 .text.tta_driver_set_event_cb
                0x0000211c       0x14 /home/hexin/code/MA/RIOT/examples/timecast/bin/nrf52840dk/application_timecast/tta_driver.o
                0x0000211c                tta_driver_set_event_cb
 .text.tta_driver_start
                0x00002130       0xbc /home/hexin/code/MA/RIOT/examples/timecast/bin/nrf52840dk/application_timecast/tta_driver.o
                0x00002130                tta_driver_start
 .text.tta_driver_rx_enable
                0x000021ec       0x6c /home/hexin/code/MA/RIOT/examples/timecast/bin/nrf52840dk/application_timecast/tta_driver.o
                0x000021ec                tta_driver_rx_enable
 .text.tta_driver_rx_disable
                0x00002258       0x40 /home/hexin/code/MA/RIOT/examples/timecast/bin/nrf52840dk/application_timecast/tta_driver.o
                0x00002258                tta_driver_rx_disable
 .text.tta_driver_tx
                0x00002298      0x154 /home/hexin/code/MA/RIOT/examples/timecast/bin/nrf52840dk/application_timecast/tta_driver.o
                0x00002298                tta_driver_tx
 .text.tta_driver_process
                0x000023ec       0x80 /home/hexin/code/MA/RIOT/examples/timecast/bin/nrf52840dk/application_timecast/tta_driver.o
                0x000023ec                tta_driver_process
 .text.tta_driver_get_stats
                0x0000246c       0x38 /home/hexin/code/MA/RIOT/examples/timecast/bin/nrf52840dk/application_timecast/tta_driver.o
                0x0000246c                tta_driver_get_stats
 .text.auto_init
                0x000024a4       0x24 /home/hexin/code/MA/RIOT/examples/timecast/bin/nrf52840dk/auto_init/auto_init.o
                0x000024a4                auto_init
 .text.board_init
                0x000024c8        0x2 /home/hexin/code/MA/RIOT/examples/timecast/bin/nrf52840dk/board_common_init/board_common.o
                0x000024c8                board_init
 .text.clist_remove.isra.0
                0x000024ca       0x3c /home/hexin/code/MA/RIOT/examples/timecast/bin/nrf52840dk/core/sched.o
 *fill*         0x00002506        0x2 
 .text.sched_run
                0x00002508       0x74 /home/hexin/code/MA/RIOT/examples/timecast/bin/nrf52840dk/core/sched.o
                0x00002508                sched_run
 .text.sched_set_status
                0x0000257c       0x78 /home/hexin/code/MA/RIOT/examples/timecast/bin/nrf52840dk/core/sched.o
                0x0000257c                sched_set_status
 .text.sched_switch
                0x000025f4       0x3c /home/hexin/code/MA/RIOT/examples/timecast/bin/nrf52840dk/core/sched.o
                0x000025f4                sched_switch
 .text.sched_task_exit
                0x00002630       0x40 /home/hexin/code/MA/RIOT/examples/timecast/bin/nrf52840dk/core/sched.o
                0x00002630                sched_task_exit
 .text.thread_create
                0x00002670       0xc0 /home/hexin/code/MA/RIOT/examples/timecast/bin/nrf52840dk/core/thread.o
                0x00002670                thread_create
 .text.main_trampoline
                0x00002730       0x18 /home/hexin/code/MA/RIOT/examples/timecast/bin/nrf52840dk/core_lib/init.o
 .text.kernel_init
                0x00002748       0x34 /home/hexin/code/MA/RIOT/examples/timecast/bin/nrf52840dk/core_lib/init.o
                0x00002748                kernel_init
 .text.early_init
                0x0000277c        0xe /home/hexin/code/MA/RIOT/examples/timecast/bin/nrf52840dk/core_lib/init.o
                0x0000277c                early_init
 .text.panic_app
                0x0000278a        0x2 /home/hexin/code/MA/RIOT/examples/timecast/bin/nrf52840dk/core_lib/panic.o
                0x0000278a                panic_app
 .text.core_panic
                0x0000278c       0x3c /home/hexin/code/MA/RIOT/examples/timecast/bin/nrf52840dk/core_lib/panic.o
                0x0000278c                core_panic
 .text.cortexm_init
                0x000027c8       0x40 /home/hexin/code/MA/RIOT/examples/timecast/bin/nrf52840dk/cortexm_common/cortexm_init.o
                0x000027c8                cortexm_init
 .text.panic_arch
                0x00002808        0x2 /home/hexin/code/MA/RIOT/examples/timecast/bin/nrf52840dk/cortexm_common/panic.o
                0x00002808                panic_arch
 *fill*         0x0000280a        0x2 
 .text.thread_stack_init
                0x0000280c       0x68 /home/hexin/code/MA/RIOT/examples/timecast/bin/nrf52840dk/cortexm_common/thread_arch.o
                0x0000280c                thread_stack_init
 .text.cpu_switch_context_exit
                0x00002874       0x2c /home/hexin/code/MA/RIOT/examples/timecast/bin/nrf52840dk/cortexm_common/thread_arch.o
                0x00002874                cpu_switch_context_exit
 .text.isr_pendsv
                0x000028a0       0x4c /home/hexin/code/MA/RIOT/examples/timecast/bin/nrf52840dk/cortexm_common/thread_arch.o
                0x000028a0                isr_pendsv
 .text.isr_svc  0x000028ec       0x10 /home/hexin/code/MA/RIOT/examples/timecast/bin/nrf52840dk/cortexm_common/thread_arch.o
                0x000028ec                isr_svc
 .text.sched_arch_idle
                0x000028fc        0xc /home/hexin/code/MA/RIOT/examples/timecast/bin/nrf52840dk/cortexm_common/thread_arch.o
                0x000028fc                sched_arch_idle
 .text.nmi_handler
                0x00002908       0x10 /home/hexin/code/MA/RIOT/examples/timecast/bin/nrf52840dk/cortexm_common/vectors_cortexm.o
                0x00002908                nmi_handler
 .text.hard_fault_default
                0x00002918       0x10 /home/hexin/code/MA/RIOT/examples/timecast/bin/nrf52840dk/cortexm_common/vectors_cortexm.o
                0x00002918                hard_fault_default
 .text.mem_manage_default
                0x00002928       0x10 /home/hexin/code/MA/RIOT/examples/timecast/bin/nrf52840dk/cortexm_common/vectors_cortexm.o
                0x00002928                mem_manage_default
 .text.bus_fault_default
                0x00002938       0x10 /home/hexin/code/MA/RIOT/examples/timecast/bin/nrf52840dk/cortexm_common/vectors_cortexm.o
                0x00002938                bus_fault_default
 .text.usage_fault_default
                0x00002948       0x10 /home/hexin/code/MA/RIOT/examples/timecast/bin/nrf52840dk/cortexm_common/vectors_cortexm.o
                0x00002948                usage_fault_default
 .text.debug_mon_default
                0x00002958       0x10 /home/hexin/code/MA/RIOT/examples/timecast/bin/nrf52840dk/cortexm_common/vectors_cortexm.o
                0x00002958                debug_mon_default
 .text.dummy_handler_default
                0x00002968       0x10 /home/hexin/code/MA/RIOT/examples/timecast/bin/nrf52840dk/cortexm_common/vectors_cortexm.o
                0x00002968                dummy_handler_default
                0x00002968                isr_systick
 .text.pre_startup
                0x00002978        0x2 /home/hexin/code/MA/RIOT/examples/timecast/bin/nrf52840dk/cortexm_common/vectors_cortexm.o
                0x00002978                pre_startup
 .text.post_startup
                0x0000297a        0x2 /home/hexin/code/MA/RIOT/examples/timecast/bin/nrf52840dk/cortexm_common/vectors_cortexm.o
                0x0000297a                post_startup
 .text.reset_handler_default
                0x0000297c       0x78 /home/hexin/code/MA/RIOT/examples/timecast/bin/nrf52840dk/cortexm_common/vectors_cortexm.o
                0x0000297c                reset_handler_default
 .text.pm_reboot
                0x000029f4       0x24 /home/hexin/code/MA/RIOT/examples/timecast/bin/nrf52840dk/cortexm_common_periph/pm.o
                0x000029f4                pm_reboot
 .text.ftpan_32
                0x00002a18       0x36 /home/hexin/code/MA/RIOT/examples/timecast/bin/nrf52840dk/cpu/cpu.o
 *fill*         0x00002a4e        0x2 
 .text.cpu_init
                0x00002a50       0x74 /home/hexin/code/MA/RIOT/examples/timecast/bin/nrf52840dk/cpu/cpu.o
                0x00002a50                cpu_init
 .text.cortexm_isr_end
                0x00002ac4       0x1c /home/hexin/code/MA/RIOT/examples/timecast/bin/nrf52840dk/cpu/spi_twi_irq.o
 .text.isr_spi0_twi0
                0x00002ae0       0x1c /home/hexin/code/MA/RIOT/examples/timecast/bin/nrf52840dk/cpu/spi_twi_irq.o
                0x00002ae0                isr_spi0_twi0
 .text.isr_spi1_twi1
                0x00002afc       0x1c /home/hexin/code/MA/RIOT/examples/timecast/bin/nrf52840dk/cpu/spi_twi_irq.o
                0x00002afc                isr_spi1_twi1
 .text.isr_spi2
                0x00002b18       0x1c /home/hexin/code/MA/RIOT/examples/timecast/bin/nrf52840dk/cpu/spi_twi_irq.o
                0x00002b18                isr_spi2
 .text.isr_spi3
                0x00002b34       0x1c /home/hexin/code/MA/RIOT/examples/timecast/bin/nrf52840dk/cpu/spi_twi_irq.o
                0x00002b34                isr_spi3
 .text.clock_init_hf
                0x00002b50        0x2 /home/hexin/code/MA/RIOT/examples/timecast/bin/nrf52840dk/cpu_common/clock.o
                0x00002b50                clock_init_hf
 *fill*         0x00002b52        0x2 
 .text._init    0x00002b54        0xc /home/hexin/code/MA/RIOT/examples/timecast/bin/nrf52840dk/newlib_syscalls_default/syscalls.o
                0x00002b54                _init
 .text._fini    0x00002b60        0x2 /home/hexin/code/MA/RIOT/examples/timecast/bin/nrf52840dk/newlib_syscalls_default/syscalls.o
                0x00002b60                _fini
 *fill*         0x00002b62        0x2 
 .text._sbrk_r  0x00002b64       0x3c /home/hexin/code/MA/RIOT/examples/timecast/bin/nrf52840dk/newlib_syscalls_default/syscalls.o
                0x00002b64                _sbrk_r
 .text._read_r  0x00002ba0        0x8 /home/hexin/code/MA/RIOT/examples/timecast/bin/nrf52840dk/newlib_syscalls_default/syscalls.o
                0x00002ba0                _read_r
 .text._write_r
                0x00002ba8        0x8 /home/hexin/code/MA/RIOT/examples/timecast/bin/nrf52840dk/newlib_syscalls_default/syscalls.o
                0x00002ba8                _write_r
 .text._close_r
                0x00002bb0        0xa /home/hexin/code/MA/RIOT/examples/timecast/bin/nrf52840dk/newlib_syscalls_default/syscalls.o
                0x00002bb0                _close_r
 .text._lseek_r
                0x00002bba        0xa /home/hexin/code/MA/RIOT/examples/timecast/bin/nrf52840dk/newlib_syscalls_default/syscalls.o
                0x00002bba                _lseek_r
 .text._fstat_r
                0x00002bc4        0xa /home/hexin/code/MA/RIOT/examples/timecast/bin/nrf52840dk/newlib_syscalls_default/syscalls.o
                0x00002bc4                _fstat_r
 .text._isatty_r
                0x00002bce       0x10 /home/hexin/code/MA/RIOT/examples/timecast/bin/nrf52840dk/newlib_syscalls_default/syscalls.o
                0x00002bce                _isatty_r
 .text.dummy_handler
                0x00002bde        0x4 /home/hexin/code/MA/RIOT/examples/timecast/bin/nrf52840dk/nrf52_vectors/vectors_nrf52840xxaa.o
                0x00002bde                isr_pwm1
                0x00002bde                isr_lpcomp
                0x00002bde                isr_timer0
                0x00002bde                isr_qspi
                0x00002bde                isr_swi1
                0x00002bde                isr_spi0
                0x00002bde                isr_ccm_aar
                0x00002bde                isr_swi5
                0x00002bde                isr_pwm3
                0x00002bde                isr_timer1
                0x00002bde                isr_spi1_twi0
                0x00002bde                isr_i2s
                0x00002bde                isr_twi0
                0x00002bde                isr_usbd
                0x00002bde                isr_timer4
                0x00002bde                dummy_handler
                0x00002bde                isr_wdt
                0x00002bde                isr_qdec
                0x00002bde                isr_gpiote
                0x00002bde                isr_rtc2
                0x00002bde                isr_rtc0
                0x00002bde                isr_swi2
                0x00002bde                isr_cryptocell
                0x00002bde                isr_pdm
                0x00002bde                isr_swi4
                0x00002bde                isr_timer2
                0x00002bde                isr_nfct
                0x00002bde                isr_pwm0
                0x00002bde                isr_ecb
                0x00002bde                isr_timer3
                0x00002bde                isr_swi0
                0x00002bde                isr_mwu
                0x00002bde                isr_rtc1
                0x00002bde                isr_fpu
                0x00002bde                isr_rng
                0x00002bde                isr_saadc
                0x00002bde                isr_swi3
                0x00002bde                isr_power_clock
                0x00002bde                isr_pwm2
                0x00002bde                isr_temp
 *fill*         0x00002be2        0x2 
 .text.gpio_init
                0x00002be4       0x3c /home/hexin/code/MA/RIOT/examples/timecast/bin/nrf52840dk/nrf5x_common_periph/gpio.o
                0x00002be4                gpio_init
 .text.irq_handler
                0x00002c20       0x54 /home/hexin/code/MA/RIOT/examples/timecast/bin/nrf52840dk/nrf5x_common_periph/uart.o
 .text.uart_init
                0x00002c74      0x1b8 /home/hexin/code/MA/RIOT/examples/timecast/bin/nrf52840dk/nrf5x_common_periph/uart.o
                0x00002c74                uart_init
 .text.uart_write
                0x00002e2c       0x84 /home/hexin/code/MA/RIOT/examples/timecast/bin/nrf52840dk/nrf5x_common_periph/uart.o
                0x00002e2c                uart_write
 .text.isr_uart0
                0x00002eb0        0x6 /home/hexin/code/MA/RIOT/examples/timecast/bin/nrf52840dk/nrf5x_common_periph/uart.o
                0x00002eb0                isr_uart0
 .text.isr_uarte1
                0x00002eb6        0x6 /home/hexin/code/MA/RIOT/examples/timecast/bin/nrf52840dk/nrf5x_common_periph/uart.o
                0x00002eb6                isr_uarte1
 .text.periph_init
                0x00002ebc        0x2 /home/hexin/code/MA/RIOT/examples/timecast/bin/nrf52840dk/periph_common/init.o
                0x00002ebc                periph_init
 .text.led_init
                0x00002ebe       0x48 /home/hexin/code/MA/RIOT/examples/timecast/bin/nrf52840dk/periph_common/init_leds.o
                0x00002ebe                led_init
 .text.stdio_read
                0x00002f06        0x6 /home/hexin/code/MA/RIOT/examples/timecast/bin/nrf52840dk/stdio/stdio.o
                0x00002f06                stdio_read
 .text.stdio_init
                0x00002f0c        0xe /home/hexin/code/MA/RIOT/examples/timecast/bin/nrf52840dk/stdio_uart/stdio_uart.o
                0x00002f0c                stdio_init
 .text.stdio_write
                0x00002f1a       0x12 /home/hexin/code/MA/RIOT/examples/timecast/bin/nrf52840dk/stdio_uart/stdio_uart.o
                0x00002f1a                stdio_write
 .text          0x00002f2c       0x50 /usr/lib/gcc/arm-none-eabi/13.2.1/../../../arm-none-eabi/lib/thumb/v7e-m+fp/hard/libc_nano.a(libc_a-init.o)
                0x00002f2c                __libc_init_array
 .text          0x00002f7c       0xa0 /usr/lib/gcc/arm-none-eabi/13.2.1/../../../arm-none-eabi/lib/thumb/v7e-m+fp/hard/libc_nano.a(libc_a-puts.o)
                0x00002f7c                _puts_r
                0x0000300c                puts
 .text          0x0000301c      0x224 /usr/lib/gcc/arm-none-eabi/13.2.1/../../../arm-none-eabi/lib/thumb/v7e-m+fp/hard/libc_nano.a(libc_a-findfp.o)
                0x0000314c                __sfp
                0x000031f0                __sinit
                0x00003210                __sfp_lock_acquire
                0x00003214                __sfp_lock_release
                0x00003218                __fp_lock_all
                0x0000322c                __fp_unlock_all
 .text          0x00003240       0xa4 /usr/lib/gcc/arm-none-eabi/13.2.1/../../../arm-none-eabi/lib/thumb/v7e-m+fp/hard/libc_nano.a(libc_a-memset.o)
                0x00003240                memset
 .text          0x000032e4      0x1a8 /usr/lib/gcc/arm-none-eabi/13.2.1/../../../arm-none-eabi/lib/thumb/v7e-m+fp/hard/libc_nano.a(libc_a-fflush.o)
                0x000032e4                __sflush_r
                0x00003408                _fflush_r
                0x00003440                fflush
 .text          0x0000348c      0x148 /usr/lib/gcc/arm-none-eabi/13.2.1/../../../arm-none-eabi/lib/thumb/v7e-m+fp/hard/libc_nano.a(libc_a-mallocr.o)
                0x000034d4                _malloc_r
 .text          0x000035d4       0xbc /usr/lib/gcc/arm-none-eabi/13.2.1/../../../arm-none-eabi/lib/thumb/v7e-m+fp/hard/libc_nano.a(libc_a-freer.o)
                0x000035d4                _free_r
 .text          0x00003690       0x44 /usr/lib/gcc/arm-none-eabi/13.2.1/../../../arm-none-eabi/lib/thumb/v7e-m+fp/hard/libc_nano.a(libc_a-fwalk.o)
                0x00003690                _fwalk_sglue
 .text          0x000036d4       0xc4 /usr/lib/gcc/arm-none-eabi/13.2.1/../../../arm-none-eabi/lib/thumb/v7e-m+fp/hard/libc_nano.a(libc_a-wsetup.o)
                0x000036d4                __swsetup_r
 .text          0x00003798      0x134 /usr/lib/gcc/arm-none-eabi/13.2.1/../../../arm-none-eabi/lib/thumb/v7e-m+fp/hard/libc_nano.a(libc_a-memcpy.o)
                0x00003798                memcpy
 .text          0x000038cc       0x64 /usr/lib/gcc/arm-none-eabi/13.2.1/../../../arm-none-eabi/lib/thumb/v7e-m+fp/hard/libc_nano.a(libc_a-reallocr.o)
                0x000038cc                _realloc_r
 .text          0x00003930        0x8 /usr/lib/gcc/arm-none-eabi/13.2.1/../../../arm-none-eabi/lib/thumb/v7e-m+fp/hard/libc_nano.a(libc_a-mlock.o)
                0x00003930                __malloc_lock
                0x00003934                __malloc_unlock
 .text          0x00003938      0x114 /usr/lib/gcc/arm-none-eabi/13.2.1/../../../arm-none-eabi/lib/thumb/v7e-m+fp/hard/libc_nano.a(libc_a-makebuf.o)
                0x00003938                __smakebuf_r
                0x000039fc                __swhatbuf_r
 .text          0x00003a4c       0x48 /usr/lib/gcc/arm-none-eabi/13.2.1/../../../arm-none-eabi/lib/thumb/v7e-m+fp/hard/libc_nano.a(libc_a-printf.o)
                0x00003a4c                _printf_r
                0x00003a4c                _iprintf_r
                0x00003a6c                printf
                0x00003a6c                iprintf
 .text          0x00003a94      0x314 /usr/lib/gcc/arm-none-eabi/13.2.1/../../../arm-none-eabi/lib/thumb/v7e-m+fp/hard/libc_nano.a(libc_a-nano-vfprintf.o)
                0x00003ad0                __sfputs_r
                0x00003b00                __sprint_r
                0x00003b20                _vfiprintf_r
                0x00003b20                _vfprintf_r
                0x00003d8c                vfiprintf
                0x00003d8c                vfprintf
 .text          0x00003da8       0xa0 /usr/lib/gcc/arm-none-eabi/13.2.1/../../../arm-none-eabi/lib/thumb/v7e-m+fp/hard/libc_nano.a(libc_a-wbuf.o)
                0x00003da8                __swbuf_r
                0x00003e30                __swbuf
 .text          0x00003e48       0x94 /usr/lib/gcc/arm-none-eabi/13.2.1/../../../arm-none-eabi/lib/thumb/v7e-m+fp/hard/libc_nano.a(libc_a-stdio.o)
                0x00003e48                __sread
                0x00003e6c                __seofread
                0x00003e70                __swrite
                0x00003eb0                __sseek
                0x00003ed4                __sclose
 .text          0x00003edc       0x10 /usr/lib/gcc/arm-none-eabi/13.2.1/../../../arm-none-eabi/lib/thumb/v7e-m+fp/hard/libc_nano.a(libc_a-msizer.o)
                0x00003edc                _malloc_usable_size_r
 .text          0x00003eec      0x300 /usr/lib/gcc/arm-none-eabi/13.2.1/../../../arm-none-eabi/lib/thumb/v7e-m+fp/hard/libc_nano.a(libc_a-fvwrite.o)
                0x00003eec                __sfvwrite_r
 .text          0x000041ec      0x100 /usr/lib/gcc/arm-none-eabi/13.2.1/../../../arm-none-eabi/lib/thumb/v7e-m+fp/hard/libc_nano.a(libc_a-memmove.o)
                0x000041ec                memmove
 *fill*         0x000042ec        0x4 
 .text          0x000042f0       0xa0 /usr/lib/gcc/arm-none-eabi/13.2.1/../../../arm-none-eabi/lib/thumb/v7e-m+fp/hard/libc_nano.a(libc_a-memchr.o)
                0x000042f0                memchr
 .text          0x00004390      0x3a8 /usr/lib/gcc/arm-none-eabi/13.2.1/../../../arm-none-eabi/lib/thumb/v7e-m+fp/hard/libc_nano.a(libc_a-nano-vfprintf_i.o)
                0x00004390                _printf_common
                0x000044b4                _printf_i
 *(.glue_7t)
 .glue_7t       0x00004738        0x0 linker stubs
 *(.glue_7)
 .glue_7        0x00004738        0x0 linker stubs
 *(.rodata .rodata* .gnu.linkonce.r.*)
 .rodata._on_tta_event.str1.1
                0x00004738      0x6fa /home/hexin/code/MA/RIOT/examples/timecast/bin/nrf52840dk/application_timecast/main.o
                                 0x18 (size before relaxing)
 .rodata.main.str1.1
                0x00004e32      0x5f3 /home/hexin/code/MA/RIOT/examples/timecast/bin/nrf52840dk/application_timecast/main.o
 .rodata.lut.0  0x00004e32       0x11 /home/hexin/code/MA/RIOT/examples/timecast/bin/nrf52840dk/application_timecast/main.o
 .rodata.tta_driver_tx.str1.1
                0x00004e43        0x7 /home/hexin/code/MA/RIOT/examples/timecast/bin/nrf52840dk/application_timecast/tta_driver.o
 .rodata.main_trampoline.str1.1
                0x00004e43       0x3f /home/hexin/code/MA/RIOT/examples/timecast/bin/nrf52840dk/core_lib/init.o
 .rodata.kernel_init.str1.1
                0x00004e43        0x5 /home/hexin/code/MA/RIOT/examples/timecast/bin/nrf52840dk/core_lib/init.o
 .rodata.core_panic.str1.1
                0x00004e43       0x2e /home/hexin/code/MA/RIOT/examples/timecast/bin/nrf52840dk/core_lib/panic.o
 .rodata.nmi_handler.str1.1
                0x00004e43        0xc /home/hexin/code/MA/RIOT/examples/timecast/bin/nrf52840dk/cortexm_common/vectors_cortexm.o
 .rodata.hard_fault_default.str1.1
                0x00004e43       0x13 /home/hexin/code/MA/RIOT/examples/timecast/bin/nrf52840dk/cortexm_common/vectors_cortexm.o
 .rodata.mem_manage_default.str1.1
                0x00004e43       0x13 /home/hexin/code/MA/RIOT/examples/timecast/bin/nrf52840dk/cortexm_common/vectors_cortexm.o
 .rodata.bus_fault_default.str1.1
                0x00004e43       0x12 /home/hexin/code/MA/RIOT/examples/timecast/bin/nrf52840dk/cortexm_common/vectors_cortexm.o
 .rodata.usage_fault_default.str1.1
                0x00004e43       0x14 /home/hexin/code/MA/RIOT/examples/timecast/bin/nrf52840dk/cortexm_common/vectors_cortexm.o
 .rodata.debug_mon_default.str1.1
                0x00004e43       0x12 /home/hexin/code/MA/RIOT/examples/timecast/bin/nrf52840dk/cortexm_common/vectors_cortexm.o
 .rodata.dummy_handler_default.str1.1
                0x00004e43        0xe /home/hexin/code/MA/RIOT/examples/timecast/bin/nrf52840dk/cortexm_common/vectors_cortexm.o
 *fill*         0x00004e43        0x1 
 .rodata.uart_config
                0x00004e44       0x10 /home/hexin/code/MA/RIOT/examples/timecast/bin/nrf52840dk/nrf5x_common_periph/uart.o
 .rodata.str1.4
                0x00004e54       0x39 /usr/lib/gcc/arm-none-eabi/13.2.1/../../../arm-none-eabi/lib/thumb/v7e-m+fp/hard/libc_nano.a(libc_a-nano-vfprintf.o)
                                 0x13 (size before relaxing)
 .rodata.str1.4
                0x00004e8d       0x25 /usr/lib/gcc/arm-none-eabi/13.2.1/../../../arm-none-eabi/lib/thumb/v7e-m+fp/hard/libc_nano.a(libc_a-nano-vfprintf_i.o)
 *(SORT_BY_NAME(.roxfa.*))
 *fill*         0x00004e8d        0x3 
 .roxfa.auto_init_xfa.0_
                0x00004e90        0x0 /home/hexin/code/MA/RIOT/examples/timecast/bin/nrf52840dk/auto_init/auto_init.o
                0x00004e90                auto_init_xfa
 .roxfa.auto_init_xfa.9_
                0x00004e90        0x0 /home/hexin/code/MA/RIOT/examples/timecast/bin/nrf52840dk/auto_init/auto_init.o
                0x00004e90                auto_init_xfa_end
 *(.ARM.extab* .gnu.linkonce.armextab.*)
                0x00004e90                        . = ALIGN (0x4)
 *(.init)
                0x00004e90                        . = ALIGN (0x4)
                0x00004e90                        __preinit_array_start = .
 *(.preinit_array)
                0x00004e90                        __preinit_array_end = .
                0x00004e90                        . = ALIGN (0x4)
                0x00004e90                        __init_array_start = .
 *(SORT_BY_NAME(.init_array.*))
 *(.init_array)
                0x00004e90                        __init_array_end = .
                0x00004e90                        . = ALIGN (0x4)
 *crtbegin.o(.ctors)
 *(EXCLUDE_FILE(*crtend.o) .ctors)
 *(SORT_BY_NAME(.ctors.*))
 *crtend.o(.ctors)
                0x00004e90                        . = ALIGN (0x4)
 *(.fini)
                0x00004e90                        . = ALIGN (0x4)
                0x00004e90                        __fini_array_start = .
 *(.fini_array)
 *(SORT_BY_NAME(.fini_array.*))
                0x00004e90                        __fini_array_end = .
 *crtbegin.o(.dtors)
 *(EXCLUDE_FILE(*crtend.o) .dtors)
 *(SORT_BY_NAME(.dtors.*))
 *crtend.o(.dtors)
                0x00004e90                        . = ALIGN (0x4)
                0x00004e90                        _efixed = .

.vfp11_veneer   0x00004e90        0x0
 .vfp11_veneer  0x00004e90        0x0 linker stubs

.v4_bx          0x00004e90        0x0
 .v4_bx         0x00004e90        0x0 linker stubs

.iplt           0x00004e90        0x0
 .iplt          0x00004e90        0x0 /home/hexin/code/MA/RIOT/examples/timecast/bin/nrf52840dk/application_timecast/main.o

.igot.plt       0x00004e90        0x0
 .igot.plt      0x00004e90        0x0 /home/hexin/code/MA/RIOT/examples/timecast/bin/nrf52840dk/application_timecast/main.o

.tdata          0x00004e90        0x0
                0x00004e90                        __tdata_start = .
 *(.tdata .tdata.* .gnu.linkonce.td.*)
                0x00004e90                        __tdata_end = .
                0x00004e90                        __tdata_source = LOADADDR (.tdata)
                0x00000000                        __tdata_size = SIZEOF (.tdata)

.tbss           0x00004e90        0x0
 *(.tbss .tbss.* .gnu.linkonce.tb.*)
 *(.tcommon)
                0x00004e90                        __tbss_end = .
                0x00000000                        __tls_size = (__tbss_end - __tdata_start)
                0x00000000                        __tbss_size = (__tls_size - __tdata_size)
                [!provide]                        PROVIDE (__tbss_offset = (ADDR (.tbss) - ADDR (.tdata)))
                [!provide]                        PROVIDE (__tls_align = MAX (ALIGNOF (.tdata), ALIGNOF (.tbss)))
                [!provide]                        PROVIDE (__arm32_tls_tcb_offset = MAX (0x8, __tls_align))
                [!provide]                        PROVIDE (__arm64_tls_tcb_offset = MAX (0x10, __tls_align))
                [!provide]                        PROVIDE (__exidx_start = .)

.ARM.exidx      0x00004e90        0x8
 *(.ARM.exidx* .gnu.linkonce.armexidx.*)
 .ARM.exidx     0x00004e90        0x8 /usr/lib/gcc/arm-none-eabi/13.2.1/../../../arm-none-eabi/lib/thumb/v7e-m+fp/hard/libc_nano.a(libc_a-memcpy.o)
 .ARM.exidx     0x00004e98        0x0 /usr/lib/gcc/arm-none-eabi/13.2.1/../../../arm-none-eabi/lib/thumb/v7e-m+fp/hard/libc_nano.a(libc_a-memchr.o)
                                  0x8 (size before relaxing)
                [!provide]                        PROVIDE (__exidx_end = .)
                0x00004e98                        . = ALIGN (0x4)

.eh_frame       0x00004e98       0x68
 *(.eh_frame)
 .eh_frame      0x00004e98       0x2c /usr/lib/gcc/arm-none-eabi/13.2.1/../../../arm-none-eabi/lib/thumb/v7e-m+fp/hard/libc_nano.a(libc_a-memcpy.o)
 .eh_frame      0x00004ec4       0x3c /usr/lib/gcc/arm-none-eabi/13.2.1/../../../arm-none-eabi/lib/thumb/v7e-m+fp/hard/libc_nano.a(libc_a-memchr.o)
                                 0x50 (size before relaxing)

.rel.dyn        0x00004f00        0x0
 .rel.iplt      0x00004f00        0x0 /home/hexin/code/MA/RIOT/examples/timecast/bin/nrf52840dk/application_timecast/main.o
                0x00004f00                        . = ALIGN (0x4)
                0x00004f00                        _etext = .

.stack          0x20000000      0x200
 *(.puf)
                0x20000000                        . = ALIGN (0x8)
                0x20000000                        _sstack = .
 *(.isr_stack)
 .isr_stack     0x20000000      0x200 /home/hexin/code/MA/RIOT/examples/timecast/bin/nrf52840dk/cortexm_common/vectors_cortexm.o
                0x20000000                isr_stack
                0x20000200                        . = ALIGN (0x8)
                0x20000200                        _estack = .

.relocate       0x20000200       0x98 load address 0x00004f00
                0x20000200                        . = ALIGN (0x4)
                0x20000200                        _srelocate = .
 *(.ramfunc .ramfunc.*)
 *(.data .data.*)
 .data.g_proto_cfg
                0x20000200       0x30 /home/hexin/code/MA/RIOT/examples/timecast/bin/nrf52840dk/application_timecast/main.o
 .data.g_force_initial_pre
                0x20000230        0x1 /home/hexin/code/MA/RIOT/examples/timecast/bin/nrf52840dk/application_timecast/main.o
 *fill*         0x20000231        0x3 
 .data.heap_top
                0x20000234        0x4 /home/hexin/code/MA/RIOT/examples/timecast/bin/nrf52840dk/newlib_syscalls_default/syscalls.o
 .data          0x20000238       0x50 /usr/lib/gcc/arm-none-eabi/13.2.1/../../../arm-none-eabi/lib/thumb/v7e-m+fp/hard/libc_nano.a(libc_a-impure.o)
                0x20000238                _impure_ptr
                0x2000023c                _impure_data
 .data          0x20000288        0xc /usr/lib/gcc/arm-none-eabi/13.2.1/../../../arm-none-eabi/lib/thumb/v7e-m+fp/hard/libc_nano.a(libc_a-findfp.o)
                0x20000288                __sglue
 *(SORT_BY_NAME(.xfa.*))
 *(.openocd .openocd.*)
 .openocd       0x20000294        0x1 /home/hexin/code/MA/RIOT/examples/timecast/bin/nrf52840dk/core/sched.o
                0x20000294                max_threads
                0x20000298                        . = ALIGN (0x4)
 *fill*         0x20000295        0x3 
                0x20000298                        _erelocate = .

.bss            0x20000298     0x1f84 load address 0x00004f98
                0x20000298                        . = ALIGN (0x4)
                0x20000298                        _sbss = .
                0x20000298                        _szero = .
 *(.bss .bss.*)
 .bss.g_pre_commit
                0x20000298       0x18 /home/hexin/code/MA/RIOT/examples/timecast/bin/nrf52840dk/application_timecast/main.o
 .bss.g_round_pre_commit_slot_ticks
                0x200002b0        0x4 /home/hexin/code/MA/RIOT/examples/timecast/bin/nrf52840dk/application_timecast/main.o
 .bss.g_round_pre_commit_enabled
                0x200002b4        0x1 /home/hexin/code/MA/RIOT/examples/timecast/bin/nrf52840dk/application_timecast/main.o
 .bss.g_round_pre_commit_applied
                0x200002b5        0x1 /home/hexin/code/MA/RIOT/examples/timecast/bin/nrf52840dk/application_timecast/main.o
 .bss.g_round_pre_requested
                0x200002b6        0x1 /home/hexin/code/MA/RIOT/examples/timecast/bin/nrf52840dk/application_timecast/main.o
 .bss.g_run_pre_next_round
                0x200002b7        0x1 /home/hexin/code/MA/RIOT/examples/timecast/bin/nrf52840dk/application_timecast/main.o
 .bss.g_run_pre_local
                0x200002b8        0x1 /home/hexin/code/MA/RIOT/examples/timecast/bin/nrf52840dk/application_timecast/main.o
 .bss.g_update_request_latched
                0x200002b9        0x1 /home/hexin/code/MA/RIOT/examples/timecast/bin/nrf52840dk/application_timecast/main.o
 .bss.g_round_schedule_class
                0x200002ba        0x4 /home/hexin/code/MA/RIOT/examples/timecast/bin/nrf52840dk/application_timecast/main.o
 .bss.g_local_committed_payload
                0x200002be       0x6e /home/hexin/code/MA/RIOT/examples/timecast/bin/nrf52840dk/application_timecast/main.o
 .bss.g_local_committed_payload_len
                0x2000032c        0x1 /home/hexin/code/MA/RIOT/examples/timecast/bin/nrf52840dk/application_timecast/main.o
 .bss.g_local_desired_class
                0x2000032d        0x1 /home/hexin/code/MA/RIOT/examples/timecast/bin/nrf52840dk/application_timecast/main.o
 .bss.g_committed_class
                0x2000032e        0x4 /home/hexin/code/MA/RIOT/examples/timecast/bin/nrf52840dk/application_timecast/main.o
 *fill*         0x20000332        0x2 
 .bss.g_round_p2_start_ticks
                0x20000334        0x4 /home/hexin/code/MA/RIOT/examples/timecast/bin/nrf52840dk/application_timecast/main.o
 .bss.g_round_start_stats
                0x20000338       0x14 /home/hexin/code/MA/RIOT/examples/timecast/bin/nrf52840dk/application_timecast/main.o
 .bss.g_p1_tx_cal_pending
                0x2000034c        0x1 /home/hexin/code/MA/RIOT/examples/timecast/bin/nrf52840dk/application_timecast/main.o
 *fill*         0x2000034d        0x3 
 .bss.g_p1_tx_slot_start_ticks
                0x20000350        0x4 /home/hexin/code/MA/RIOT/examples/timecast/bin/nrf52840dk/application_timecast/main.o
 .bss.g_p1_offset_sample_count
                0x20000354        0x4 /home/hexin/code/MA/RIOT/examples/timecast/bin/nrf52840dk/application_timecast/main.o
 .bss.g_round_count
                0x20000358        0x4 /home/hexin/code/MA/RIOT/examples/timecast/bin/nrf52840dk/application_timecast/main.o
 .bss.g_proto   0x2000035c       0xd8 /home/hexin/code/MA/RIOT/examples/timecast/bin/nrf52840dk/application_timecast/main.o
 .bss.g_store   0x20000434      0x1ca /home/hexin/code/MA/RIOT/examples/timecast/bin/nrf52840dk/application_timecast/main.o
 *fill*         0x200005fe        0x2 
 .bss._ppi_anchor_inited
                0x20000600        0x4 /home/hexin/code/MA/RIOT/examples/timecast/bin/nrf52840dk/application_timecast/radio_util.o
 .bss._evt_tail
                0x20000604        0x4 /home/hexin/code/MA/RIOT/examples/timecast/bin/nrf52840dk/application_timecast/tta_driver.o
 .bss._evt_head
                0x20000608        0x4 /home/hexin/code/MA/RIOT/examples/timecast/bin/nrf52840dk/application_timecast/tta_driver.o
 .bss._evt_queue
                0x2000060c     0x1180 /home/hexin/code/MA/RIOT/examples/timecast/bin/nrf52840dk/application_timecast/tta_driver.o
 .bss._stat_evt_drop
                0x2000178c        0x4 /home/hexin/code/MA/RIOT/examples/timecast/bin/nrf52840dk/application_timecast/tta_driver.o
 .bss._stat_tx_done
                0x20001790        0x4 /home/hexin/code/MA/RIOT/examples/timecast/bin/nrf52840dk/application_timecast/tta_driver.o
 .bss._stat_rx_crc_fail
                0x20001794        0x4 /home/hexin/code/MA/RIOT/examples/timecast/bin/nrf52840dk/application_timecast/tta_driver.o
 .bss._stat_rx_crc_ok
                0x20001798        0x4 /home/hexin/code/MA/RIOT/examples/timecast/bin/nrf52840dk/application_timecast/tta_driver.o
 .bss._stat_rx_address
                0x2000179c        0x4 /home/hexin/code/MA/RIOT/examples/timecast/bin/nrf52840dk/application_timecast/tta_driver.o
 .bss._tx_armed_at_ticks
                0x200017a0        0x4 /home/hexin/code/MA/RIOT/examples/timecast/bin/nrf52840dk/application_timecast/tta_driver.o
 .bss._rx_address_seen
                0x200017a4        0x4 /home/hexin/code/MA/RIOT/examples/timecast/bin/nrf52840dk/application_timecast/tta_driver.o
 .bss._rx_active
                0x200017a8        0x4 /home/hexin/code/MA/RIOT/examples/timecast/bin/nrf52840dk/application_timecast/tta_driver.o
 .bss._tx_active
                0x200017ac        0x4 /home/hexin/code/MA/RIOT/examples/timecast/bin/nrf52840dk/application_timecast/tta_driver.o
 .bss._tx_scheduled
                0x200017b0        0x4 /home/hexin/code/MA/RIOT/examples/timecast/bin/nrf52840dk/application_timecast/tta_driver.o
 .bss._rx_packet
                0x200017b4      0x104 /home/hexin/code/MA/RIOT/examples/timecast/bin/nrf52840dk/application_timecast/tta_driver.o
 .bss._radio_packet
                0x200018b8      0x104 /home/hexin/code/MA/RIOT/examples/timecast/bin/nrf52840dk/application_timecast/tta_driver.o
 .bss._started  0x200019bc        0x4 /home/hexin/code/MA/RIOT/examples/timecast/bin/nrf52840dk/application_timecast/tta_driver.o
 .bss._event_arg
                0x200019c0        0x4 /home/hexin/code/MA/RIOT/examples/timecast/bin/nrf52840dk/application_timecast/tta_driver.o
 .bss._event_cb
                0x200019c4        0x4 /home/hexin/code/MA/RIOT/examples/timecast/bin/nrf52840dk/application_timecast/tta_driver.o
 .bss.runqueue_bitcache
                0x200019c8        0x4 /home/hexin/code/MA/RIOT/examples/timecast/bin/nrf52840dk/core/sched.o
 .bss.sched_runqueues
                0x200019cc       0x40 /home/hexin/code/MA/RIOT/examples/timecast/bin/nrf52840dk/core/sched.o
                0x200019cc                sched_runqueues
 .bss.sched_context_switch_request
                0x20001a0c        0x4 /home/hexin/code/MA/RIOT/examples/timecast/bin/nrf52840dk/core/sched.o
                0x20001a0c                sched_context_switch_request
 .bss.sched_active_thread
                0x20001a10        0x4 /home/hexin/code/MA/RIOT/examples/timecast/bin/nrf52840dk/core/sched.o
                0x20001a10                sched_active_thread
 .bss.sched_num_threads
                0x20001a14        0x4 /home/hexin/code/MA/RIOT/examples/timecast/bin/nrf52840dk/core/sched.o
                0x20001a14                sched_num_threads
 .bss.sched_threads
                0x20001a18       0x84 /home/hexin/code/MA/RIOT/examples/timecast/bin/nrf52840dk/core/sched.o
                0x20001a18                sched_threads
 .bss.sched_active_pid
                0x20001a9c        0x2 /home/hexin/code/MA/RIOT/examples/timecast/bin/nrf52840dk/core/sched.o
                0x20001a9c                sched_active_pid
 .bss.main_stack
                0x20001a9e      0x600 /home/hexin/code/MA/RIOT/examples/timecast/bin/nrf52840dk/core_lib/init.o
 *fill*         0x2000209e        0x2 
 .bss.crashed   0x200020a0        0x4 /home/hexin/code/MA/RIOT/examples/timecast/bin/nrf52840dk/core_lib/panic.o
 .bss._irq_arg  0x200020a4       0x10 /home/hexin/code/MA/RIOT/examples/timecast/bin/nrf52840dk/cpu/spi_twi_irq.o
 .bss._irq      0x200020b4       0x10 /home/hexin/code/MA/RIOT/examples/timecast/bin/nrf52840dk/cpu/spi_twi_irq.o
 .bss.rx_buf    0x200020c4        0x2 /home/hexin/code/MA/RIOT/examples/timecast/bin/nrf52840dk/nrf5x_common_periph/uart.o
 *fill*         0x200020c6        0x2 
 .bss.isr_ctx   0x200020c8       0x10 /home/hexin/code/MA/RIOT/examples/timecast/bin/nrf52840dk/nrf5x_common_periph/uart.o
 .bss           0x200020d8      0x13c /usr/lib/gcc/arm-none-eabi/13.2.1/../../../arm-none-eabi/lib/thumb/v7e-m+fp/hard/libc_nano.a(libc_a-findfp.o)
                0x200020d8                __sf
                0x20002210                __stdio_exit_handler
 .bss           0x20002214        0x8 /usr/lib/gcc/arm-none-eabi/13.2.1/../../../arm-none-eabi/lib/thumb/v7e-m+fp/hard/libc_nano.a(libc_a-mallocr.o)
                0x20002214                __malloc_sbrk_start
                0x20002218                __malloc_free_list
 *(COMMON)
                0x2000221c                        . = ALIGN (0x4)
                0x2000221c                        _ebss = .
                0x2000221c                        _ezero = .

.noinit         0x2000221c        0x0 load address 0x00004f98
                0x2000221c                        __noinit_start = .
 *(.noinit)
                0x2000221c                        . = ALIGN (0x4)
                0x2000221c                        __noinit_end = .
                0x2000221c                        . = ALIGN (0x4)
                0x2000221c                        _sheap = .
                0x20040000                        _eheap = (ORIGIN (ram) + LENGTH (ram))
                0x20000000                        _sram = ORIGIN (ram)
                0x20040000                        _eram = (ORIGIN (ram) + LENGTH (ram))
                0x00004f98                        _sbackup_data_load = LOADADDR (.backup.data)

.backup.data    0x00000000        0x0 load address 0x00004f98
                0x00000000                        _sbackup_data = .
 *(.backup.data)
                0x00000000                        _ebackup_data = .
                0x00000000                        . = ALIGN (0x4)

.backup.bss     0x00000000        0x0 load address 0x00004f98
                0x00000000                        _sbackup_bss = .
 *(.backup.bss)
                0x00000000                        _ebackup_bss = .
                0x00000000                        . = ALIGN (0x4)

.heap3          0x00000000        0x0 load address 0x00004f98
                0x00000000                        _sheap1 = .
                0x00000000                        _eheap1 = (ORIGIN (bkup_ram) + LENGTH (bkup_ram))

.flash_writable
 *(SORT_BY_NAME(.flash_writable.*))
OUTPUT(/home/hexin/code/MA/RIOT/examples/timecast/bin/nrf52840dk/timecast.elf elf32-littlearm)
LOAD linker stubs

.debug_info     0x00000000    0x28538
 .debug_info    0x00000000     0x44ad /home/hexin/code/MA/RIOT/examples/timecast/bin/nrf52840dk/application_timecast/main.o
 .debug_info    0x000044ad      0x74c /home/hexin/code/MA/RIOT/examples/timecast/bin/nrf52840dk/application_timecast/packet.o
 .debug_info    0x00004bf9     0x1c73 /home/hexin/code/MA/RIOT/examples/timecast/bin/nrf52840dk/application_timecast/protocol.o
 .debug_info    0x0000686c      0xbb3 /home/hexin/code/MA/RIOT/examples/timecast/bin/nrf52840dk/application_timecast/radio_util.o
 .debug_info    0x0000741f      0x561 /home/hexin/code/MA/RIOT/examples/timecast/bin/nrf52840dk/application_timecast/store.o
 .debug_info    0x00007980     0x193c /home/hexin/code/MA/RIOT/examples/timecast/bin/nrf52840dk/application_timecast/tta_driver.o
 .debug_info    0x000092bc      0x17a /home/hexin/code/MA/RIOT/examples/timecast/bin/nrf52840dk/auto_init/auto_init.o
 .debug_info    0x00009436     0x14ee /home/hexin/code/MA/RIOT/examples/timecast/bin/nrf52840dk/board_common_init/board_common.o
 .debug_info    0x0000a924      0xf58 /home/hexin/code/MA/RIOT/examples/timecast/bin/nrf52840dk/core/sched.o
 .debug_info    0x0000b87c     0x13ea /home/hexin/code/MA/RIOT/examples/timecast/bin/nrf52840dk/core/thread.o
 .debug_info    0x0000cc66      0x3de /home/hexin/code/MA/RIOT/examples/timecast/bin/nrf52840dk/core_lib/init.o
 .debug_info    0x0000d044      0x339 /home/hexin/code/MA/RIOT/examples/timecast/bin/nrf52840dk/core_lib/panic.o
 .debug_info    0x0000d37d      0x7de /home/hexin/code/MA/RIOT/examples/timecast/bin/nrf52840dk/cortexm_common/cortexm_init.o
 .debug_info    0x0000db5b      0x132 /home/hexin/code/MA/RIOT/examples/timecast/bin/nrf52840dk/cortexm_common/panic.o
 .debug_info    0x0000dc8d      0x9ec /home/hexin/code/MA/RIOT/examples/timecast/bin/nrf52840dk/cortexm_common/thread_arch.o
 .debug_info    0x0000e679      0x66f /home/hexin/code/MA/RIOT/examples/timecast/bin/nrf52840dk/cortexm_common/vectors_cortexm.o
 .debug_info    0x0000ece8      0x4a1 /home/hexin/code/MA/RIOT/examples/timecast/bin/nrf52840dk/cortexm_common_periph/pm.o
 .debug_info    0x0000f189     0x1cf4 /home/hexin/code/MA/RIOT/examples/timecast/bin/nrf52840dk/cpu/cpu.o
 .debug_info    0x00010e7d     0x135e /home/hexin/code/MA/RIOT/examples/timecast/bin/nrf52840dk/cpu/spi_twi_irq.o
 .debug_info    0x000121db     0x19ad /home/hexin/code/MA/RIOT/examples/timecast/bin/nrf52840dk/cpu_common/clock.o
 .debug_info    0x00013b88     0x1380 /home/hexin/code/MA/RIOT/examples/timecast/bin/nrf52840dk/newlib_syscalls_default/syscalls.o
 .debug_info    0x00014f08      0x187 /home/hexin/code/MA/RIOT/examples/timecast/bin/nrf52840dk/nrf52_vectors/vectors_nrf52840xxaa.o
 .debug_info    0x0001508f     0x190e /home/hexin/code/MA/RIOT/examples/timecast/bin/nrf52840dk/nrf5x_common_periph/gpio.o
 .debug_info    0x0001699d     0x1f92 /home/hexin/code/MA/RIOT/examples/timecast/bin/nrf52840dk/nrf5x_common_periph/uart.o
 .debug_info    0x0001892f     0x14fd /home/hexin/code/MA/RIOT/examples/timecast/bin/nrf52840dk/periph_common/init.o
 .debug_info    0x00019e2c     0x16b4 /home/hexin/code/MA/RIOT/examples/timecast/bin/nrf52840dk/periph_common/init_leds.o
 .debug_info    0x0001b4e0      0x2ab /home/hexin/code/MA/RIOT/examples/timecast/bin/nrf52840dk/stdio/stdio.o
 .debug_info    0x0001b78b     0x1798 /home/hexin/code/MA/RIOT/examples/timecast/bin/nrf52840dk/stdio_uart/stdio_uart.o
 .debug_info    0x0001cf23      0x70b /usr/lib/gcc/arm-none-eabi/13.2.1/../../../arm-none-eabi/lib/thumb/v7e-m+fp/hard/libc_nano.a(libc_a-impure.o)
 .debug_info    0x0001d62e      0x10b /usr/lib/gcc/arm-none-eabi/13.2.1/../../../arm-none-eabi/lib/thumb/v7e-m+fp/hard/libc_nano.a(libc_a-init.o)
 .debug_info    0x0001d739      0x8f8 /usr/lib/gcc/arm-none-eabi/13.2.1/../../../arm-none-eabi/lib/thumb/v7e-m+fp/hard/libc_nano.a(libc_a-puts.o)
 .debug_info    0x0001e031      0xe8c /usr/lib/gcc/arm-none-eabi/13.2.1/../../../arm-none-eabi/lib/thumb/v7e-m+fp/hard/libc_nano.a(libc_a-findfp.o)
 .debug_info    0x0001eebd      0x135 /usr/lib/gcc/arm-none-eabi/13.2.1/../../../arm-none-eabi/lib/thumb/v7e-m+fp/hard/libc_nano.a(libc_a-memset.o)
 .debug_info    0x0001eff2      0xa33 /usr/lib/gcc/arm-none-eabi/13.2.1/../../../arm-none-eabi/lib/thumb/v7e-m+fp/hard/libc_nano.a(libc_a-fflush.o)
 .debug_info    0x0001fa25      0x9b6 /usr/lib/gcc/arm-none-eabi/13.2.1/../../../arm-none-eabi/lib/thumb/v7e-m+fp/hard/libc_nano.a(libc_a-mallocr.o)
 .debug_info    0x000203db      0x87f /usr/lib/gcc/arm-none-eabi/13.2.1/../../../arm-none-eabi/lib/thumb/v7e-m+fp/hard/libc_nano.a(libc_a-freer.o)
 .debug_info    0x00020c5a      0x7c8 /usr/lib/gcc/arm-none-eabi/13.2.1/../../../arm-none-eabi/lib/thumb/v7e-m+fp/hard/libc_nano.a(libc_a-fwalk.o)
 .debug_info    0x00021422      0x7b1 /usr/lib/gcc/arm-none-eabi/13.2.1/../../../arm-none-eabi/lib/thumb/v7e-m+fp/hard/libc_nano.a(libc_a-wsetup.o)
 .debug_info    0x00021bd3       0x33 /usr/lib/gcc/arm-none-eabi/13.2.1/../../../arm-none-eabi/lib/thumb/v7e-m+fp/hard/libc_nano.a(libc_a-memcpy.o)
 .debug_info    0x00021c06      0x8cd /usr/lib/gcc/arm-none-eabi/13.2.1/../../../arm-none-eabi/lib/thumb/v7e-m+fp/hard/libc_nano.a(libc_a-reallocr.o)
 .debug_info    0x000224d3      0x71c /usr/lib/gcc/arm-none-eabi/13.2.1/../../../arm-none-eabi/lib/thumb/v7e-m+fp/hard/libc_nano.a(libc_a-mlock.o)
 .debug_info    0x00022bef      0xbe6 /usr/lib/gcc/arm-none-eabi/13.2.1/../../../arm-none-eabi/lib/thumb/v7e-m+fp/hard/libc_nano.a(libc_a-makebuf.o)
 .debug_info    0x000237d5      0x837 /usr/lib/gcc/arm-none-eabi/13.2.1/../../../arm-none-eabi/lib/thumb/v7e-m+fp/hard/libc_nano.a(libc_a-printf.o)
 .debug_info    0x0002400c     0x108a /usr/lib/gcc/arm-none-eabi/13.2.1/../../../arm-none-eabi/lib/thumb/v7e-m+fp/hard/libc_nano.a(libc_a-nano-vfprintf.o)
 .debug_info    0x00025096      0x863 /usr/lib/gcc/arm-none-eabi/13.2.1/../../../arm-none-eabi/lib/thumb/v7e-m+fp/hard/libc_nano.a(libc_a-wbuf.o)
 .debug_info    0x000258f9      0xa80 /usr/lib/gcc/arm-none-eabi/13.2.1/../../../arm-none-eabi/lib/thumb/v7e-m+fp/hard/libc_nano.a(libc_a-stdio.o)
 .debug_info    0x00026379      0x78a /usr/lib/gcc/arm-none-eabi/13.2.1/../../../arm-none-eabi/lib/thumb/v7e-m+fp/hard/libc_nano.a(libc_a-msizer.o)
 .debug_info    0x00026b03      0xaf1 /usr/lib/gcc/arm-none-eabi/13.2.1/../../../arm-none-eabi/lib/thumb/v7e-m+fp/hard/libc_nano.a(libc_a-fvwrite.o)
 .debug_info    0x000275f4      0x148 /usr/lib/gcc/arm-none-eabi/13.2.1/../../../arm-none-eabi/lib/thumb/v7e-m+fp/hard/libc_nano.a(libc_a-memmove.o)
 .debug_info    0x0002773c       0x25 /usr/lib/gcc/arm-none-eabi/13.2.1/../../../arm-none-eabi/lib/thumb/v7e-m+fp/hard/libc_nano.a(libc_a-memchr.o)
 .debug_info    0x00027761      0xdd7 /usr/lib/gcc/arm-none-eabi/13.2.1/../../../arm-none-eabi/lib/thumb/v7e-m+fp/hard/libc_nano.a(libc_a-nano-vfprintf_i.o)

.debug_abbrev   0x00000000     0x7f31
 .debug_abbrev  0x00000000      0x566 /home/hexin/code/MA/RIOT/examples/timecast/bin/nrf52840dk/application_timecast/main.o
 .debug_abbrev  0x00000566      0x1fc /home/hexin/code/MA/RIOT/examples/timecast/bin/nrf52840dk/application_timecast/packet.o
 .debug_abbrev  0x00000762      0x410 /home/hexin/code/MA/RIOT/examples/timecast/bin/nrf52840dk/application_timecast/protocol.o
 .debug_abbrev  0x00000b72      0x23b /home/hexin/code/MA/RIOT/examples/timecast/bin/nrf52840dk/application_timecast/radio_util.o
 .debug_abbrev  0x00000dad      0x213 /home/hexin/code/MA/RIOT/examples/timecast/bin/nrf52840dk/application_timecast/store.o
 .debug_abbrev  0x00000fc0      0x59f /home/hexin/code/MA/RIOT/examples/timecast/bin/nrf52840dk/application_timecast/tta_driver.o
 .debug_abbrev  0x0000155f      0x121 /home/hexin/code/MA/RIOT/examples/timecast/bin/nrf52840dk/auto_init/auto_init.o
 .debug_abbrev  0x00001680      0x1c9 /home/hexin/code/MA/RIOT/examples/timecast/bin/nrf52840dk/board_common_init/board_common.o
 .debug_abbrev  0x00001849      0x4c9 /home/hexin/code/MA/RIOT/examples/timecast/bin/nrf52840dk/core/sched.o
 .debug_abbrev  0x00001d12      0x508 /home/hexin/code/MA/RIOT/examples/timecast/bin/nrf52840dk/core/thread.o
 .debug_abbrev  0x0000221a      0x28b /home/hexin/code/MA/RIOT/examples/timecast/bin/nrf52840dk/core_lib/init.o
 .debug_abbrev  0x000024a5      0x224 /home/hexin/code/MA/RIOT/examples/timecast/bin/nrf52840dk/core_lib/panic.o
 .debug_abbrev  0x000026c9      0x2f1 /home/hexin/code/MA/RIOT/examples/timecast/bin/nrf52840dk/cortexm_common/cortexm_init.o
 .debug_abbrev  0x000029ba       0xf2 /home/hexin/code/MA/RIOT/examples/timecast/bin/nrf52840dk/cortexm_common/panic.o
 .debug_abbrev  0x00002aac      0x48d /home/hexin/code/MA/RIOT/examples/timecast/bin/nrf52840dk/cortexm_common/thread_arch.o
 .debug_abbrev  0x00002f39      0x2f0 /home/hexin/code/MA/RIOT/examples/timecast/bin/nrf52840dk/cortexm_common/vectors_cortexm.o
 .debug_abbrev  0x00003229      0x218 /home/hexin/code/MA/RIOT/examples/timecast/bin/nrf52840dk/cortexm_common_periph/pm.o
 .debug_abbrev  0x00003441      0x25b /home/hexin/code/MA/RIOT/examples/timecast/bin/nrf52840dk/cpu/cpu.o
 .debug_abbrev  0x0000369c      0x3cc /home/hexin/code/MA/RIOT/examples/timecast/bin/nrf52840dk/cpu/spi_twi_irq.o
 .debug_abbrev  0x00003a68      0x28b /home/hexin/code/MA/RIOT/examples/timecast/bin/nrf52840dk/cpu_common/clock.o
 .debug_abbrev  0x00003cf3      0x4c9 /home/hexin/code/MA/RIOT/examples/timecast/bin/nrf52840dk/newlib_syscalls_default/syscalls.o
 .debug_abbrev  0x000041bc      0x14f /home/hexin/code/MA/RIOT/examples/timecast/bin/nrf52840dk/nrf52_vectors/vectors_nrf52840xxaa.o
 .debug_abbrev  0x0000430b      0x2b5 /home/hexin/code/MA/RIOT/examples/timecast/bin/nrf52840dk/nrf5x_common_periph/gpio.o
 .debug_abbrev  0x000045c0      0x4ae /home/hexin/code/MA/RIOT/examples/timecast/bin/nrf52840dk/nrf5x_common_periph/uart.o
 .debug_abbrev  0x00004a6e      0x1e3 /home/hexin/code/MA/RIOT/examples/timecast/bin/nrf52840dk/periph_common/init.o
 .debug_abbrev  0x00004c51      0x21b /home/hexin/code/MA/RIOT/examples/timecast/bin/nrf52840dk/periph_common/init_leds.o
 .debug_abbrev  0x00004e6c      0x1ce /home/hexin/code/MA/RIOT/examples/timecast/bin/nrf52840dk/stdio/stdio.o
 .debug_abbrev  0x0000503a      0x345 /home/hexin/code/MA/RIOT/examples/timecast/bin/nrf52840dk/stdio_uart/stdio_uart.o
 .debug_abbrev  0x0000537f      0x149 /usr/lib/gcc/arm-none-eabi/13.2.1/../../../arm-none-eabi/lib/thumb/v7e-m+fp/hard/libc_nano.a(libc_a-impure.o)
 .debug_abbrev  0x000054c8       0xc9 /usr/lib/gcc/arm-none-eabi/13.2.1/../../../arm-none-eabi/lib/thumb/v7e-m+fp/hard/libc_nano.a(libc_a-init.o)
 .debug_abbrev  0x00005591      0x29c /usr/lib/gcc/arm-none-eabi/13.2.1/../../../arm-none-eabi/lib/thumb/v7e-m+fp/hard/libc_nano.a(libc_a-puts.o)
 .debug_abbrev  0x0000582d      0x408 /usr/lib/gcc/arm-none-eabi/13.2.1/../../../arm-none-eabi/lib/thumb/v7e-m+fp/hard/libc_nano.a(libc_a-findfp.o)
 .debug_abbrev  0x00005c35       0xb7 /usr/lib/gcc/arm-none-eabi/13.2.1/../../../arm-none-eabi/lib/thumb/v7e-m+fp/hard/libc_nano.a(libc_a-memset.o)
 .debug_abbrev  0x00005cec      0x2e4 /usr/lib/gcc/arm-none-eabi/13.2.1/../../../arm-none-eabi/lib/thumb/v7e-m+fp/hard/libc_nano.a(libc_a-fflush.o)
 .debug_abbrev  0x00005fd0      0x24a /usr/lib/gcc/arm-none-eabi/13.2.1/../../../arm-none-eabi/lib/thumb/v7e-m+fp/hard/libc_nano.a(libc_a-mallocr.o)
 .debug_abbrev  0x0000621a      0x249 /usr/lib/gcc/arm-none-eabi/13.2.1/../../../arm-none-eabi/lib/thumb/v7e-m+fp/hard/libc_nano.a(libc_a-freer.o)
 .debug_abbrev  0x00006463      0x19b /usr/lib/gcc/arm-none-eabi/13.2.1/../../../arm-none-eabi/lib/thumb/v7e-m+fp/hard/libc_nano.a(libc_a-fwalk.o)
 .debug_abbrev  0x000065fe      0x1e2 /usr/lib/gcc/arm-none-eabi/13.2.1/../../../arm-none-eabi/lib/thumb/v7e-m+fp/hard/libc_nano.a(libc_a-wsetup.o)
 .debug_abbrev  0x000067e0       0x28 /usr/lib/gcc/arm-none-eabi/13.2.1/../../../arm-none-eabi/lib/thumb/v7e-m+fp/hard/libc_nano.a(libc_a-memcpy.o)
 .debug_abbrev  0x00006808      0x20c /usr/lib/gcc/arm-none-eabi/13.2.1/../../../arm-none-eabi/lib/thumb/v7e-m+fp/hard/libc_nano.a(libc_a-reallocr.o)
 .debug_abbrev  0x00006a14      0x192 /usr/lib/gcc/arm-none-eabi/13.2.1/../../../arm-none-eabi/lib/thumb/v7e-m+fp/hard/libc_nano.a(libc_a-mlock.o)
 .debug_abbrev  0x00006ba6      0x29d /usr/lib/gcc/arm-none-eabi/13.2.1/../../../arm-none-eabi/lib/thumb/v7e-m+fp/hard/libc_nano.a(libc_a-makebuf.o)
 .debug_abbrev  0x00006e43      0x21a /usr/lib/gcc/arm-none-eabi/13.2.1/../../../arm-none-eabi/lib/thumb/v7e-m+fp/hard/libc_nano.a(libc_a-printf.o)
 .debug_abbrev  0x0000705d      0x36e /usr/lib/gcc/arm-none-eabi/13.2.1/../../../arm-none-eabi/lib/thumb/v7e-m+fp/hard/libc_nano.a(libc_a-nano-vfprintf.o)
 .debug_abbrev  0x000073cb      0x236 /usr/lib/gcc/arm-none-eabi/13.2.1/../../../arm-none-eabi/lib/thumb/v7e-m+fp/hard/libc_nano.a(libc_a-wbuf.o)
 .debug_abbrev  0x00007601      0x224 /usr/lib/gcc/arm-none-eabi/13.2.1/../../../arm-none-eabi/lib/thumb/v7e-m+fp/hard/libc_nano.a(libc_a-stdio.o)
 .debug_abbrev  0x00007825      0x196 /usr/lib/gcc/arm-none-eabi/13.2.1/../../../arm-none-eabi/lib/thumb/v7e-m+fp/hard/libc_nano.a(libc_a-msizer.o)
 .debug_abbrev  0x000079bb      0x21b /usr/lib/gcc/arm-none-eabi/13.2.1/../../../arm-none-eabi/lib/thumb/v7e-m+fp/hard/libc_nano.a(libc_a-fvwrite.o)
 .debug_abbrev  0x00007bd6       0xc3 /usr/lib/gcc/arm-none-eabi/13.2.1/../../../arm-none-eabi/lib/thumb/v7e-m+fp/hard/libc_nano.a(libc_a-memmove.o)
 .debug_abbrev  0x00007c99       0x14 /usr/lib/gcc/arm-none-eabi/13.2.1/../../../arm-none-eabi/lib/thumb/v7e-m+fp/hard/libc_nano.a(libc_a-memchr.o)
 .debug_abbrev  0x00007cad      0x284 /usr/lib/gcc/arm-none-eabi/13.2.1/../../../arm-none-eabi/lib/thumb/v7e-m+fp/hard/libc_nano.a(libc_a-nano-vfprintf_i.o)

.debug_loclists
                0x00000000     0x7091
 .debug_loclists
                0x00000000     0x156b /home/hexin/code/MA/RIOT/examples/timecast/bin/nrf52840dk/application_timecast/main.o
 .debug_loclists
                0x0000156b      0x544 /home/hexin/code/MA/RIOT/examples/timecast/bin/nrf52840dk/application_timecast/packet.o
 .debug_loclists
                0x00001aaf      0xe54 /home/hexin/code/MA/RIOT/examples/timecast/bin/nrf52840dk/application_timecast/protocol.o
 .debug_loclists
                0x00002903       0x72 /home/hexin/code/MA/RIOT/examples/timecast/bin/nrf52840dk/application_timecast/radio_util.o
 .debug_loclists
                0x00002975      0x426 /home/hexin/code/MA/RIOT/examples/timecast/bin/nrf52840dk/application_timecast/store.o
 .debug_loclists
                0x00002d9b      0x317 /home/hexin/code/MA/RIOT/examples/timecast/bin/nrf52840dk/application_timecast/tta_driver.o
 .debug_loclists
                0x000030b2       0x36 /home/hexin/code/MA/RIOT/examples/timecast/bin/nrf52840dk/auto_init/auto_init.o
 .debug_loclists
                0x000030e8       0x22 /home/hexin/code/MA/RIOT/examples/timecast/bin/nrf52840dk/board_common_init/board_common.o
 .debug_loclists
                0x0000310a      0x3b4 /home/hexin/code/MA/RIOT/examples/timecast/bin/nrf52840dk/core/sched.o
 .debug_loclists
                0x000034be      0x6fb /home/hexin/code/MA/RIOT/examples/timecast/bin/nrf52840dk/core/thread.o
 .debug_loclists
                0x00003bb9       0x3f /home/hexin/code/MA/RIOT/examples/timecast/bin/nrf52840dk/core_lib/init.o
 .debug_loclists
                0x00003bf8       0x53 /home/hexin/code/MA/RIOT/examples/timecast/bin/nrf52840dk/core_lib/panic.o
 .debug_loclists
                0x00003c4b      0x12f /home/hexin/code/MA/RIOT/examples/timecast/bin/nrf52840dk/cortexm_common/cortexm_init.o
 .debug_loclists
                0x00003d7a       0x22 /home/hexin/code/MA/RIOT/examples/timecast/bin/nrf52840dk/cortexm_common/panic.o
 .debug_loclists
                0x00003d9c      0x1bf /home/hexin/code/MA/RIOT/examples/timecast/bin/nrf52840dk/cortexm_common/thread_arch.o
 .debug_loclists
                0x00003f5b       0x22 /home/hexin/code/MA/RIOT/examples/timecast/bin/nrf52840dk/cortexm_common/vectors_cortexm.o
 .debug_loclists
                0x00003f7d       0x65 /home/hexin/code/MA/RIOT/examples/timecast/bin/nrf52840dk/cortexm_common_periph/pm.o
 .debug_loclists
                0x00003fe2       0x22 /home/hexin/code/MA/RIOT/examples/timecast/bin/nrf52840dk/cpu/cpu.o
 .debug_loclists
                0x00004004      0x26b /home/hexin/code/MA/RIOT/examples/timecast/bin/nrf52840dk/cpu/spi_twi_irq.o
 .debug_loclists
                0x0000426f       0x90 /home/hexin/code/MA/RIOT/examples/timecast/bin/nrf52840dk/cpu_common/clock.o
 .debug_loclists
                0x000042ff      0x3c0 /home/hexin/code/MA/RIOT/examples/timecast/bin/nrf52840dk/newlib_syscalls_default/syscalls.o
 .debug_loclists
                0x000046bf       0x22 /home/hexin/code/MA/RIOT/examples/timecast/bin/nrf52840dk/nrf52_vectors/vectors_nrf52840xxaa.o
 .debug_loclists
                0x000046e1      0x136 /home/hexin/code/MA/RIOT/examples/timecast/bin/nrf52840dk/nrf5x_common_periph/gpio.o
 .debug_loclists
                0x00004817      0x27a /home/hexin/code/MA/RIOT/examples/timecast/bin/nrf52840dk/nrf5x_common_periph/uart.o
 .debug_loclists
                0x00004a91       0x22 /home/hexin/code/MA/RIOT/examples/timecast/bin/nrf52840dk/periph_common/init.o
 .debug_loclists
                0x00004ab3       0x22 /home/hexin/code/MA/RIOT/examples/timecast/bin/nrf52840dk/periph_common/init_leds.o
 .debug_loclists
                0x00004ad5       0x3f /home/hexin/code/MA/RIOT/examples/timecast/bin/nrf52840dk/stdio/stdio.o
 .debug_loclists
                0x00004b14       0xbb /home/hexin/code/MA/RIOT/examples/timecast/bin/nrf52840dk/stdio_uart/stdio_uart.o
 .debug_loclists
                0x00004bcf       0x65 /usr/lib/gcc/arm-none-eabi/13.2.1/../../../arm-none-eabi/lib/thumb/v7e-m+fp/hard/libc_nano.a(libc_a-init.o)
 .debug_loclists
                0x00004c34      0x1f6 /usr/lib/gcc/arm-none-eabi/13.2.1/../../../arm-none-eabi/lib/thumb/v7e-m+fp/hard/libc_nano.a(libc_a-puts.o)
 .debug_loclists
                0x00004e2a      0x1d0 /usr/lib/gcc/arm-none-eabi/13.2.1/../../../arm-none-eabi/lib/thumb/v7e-m+fp/hard/libc_nano.a(libc_a-findfp.o)
 .debug_loclists
                0x00004ffa      0x1c2 /usr/lib/gcc/arm-none-eabi/13.2.1/../../../arm-none-eabi/lib/thumb/v7e-m+fp/hard/libc_nano.a(libc_a-memset.o)
 .debug_loclists
                0x000051bc      0x2f3 /usr/lib/gcc/arm-none-eabi/13.2.1/../../../arm-none-eabi/lib/thumb/v7e-m+fp/hard/libc_nano.a(libc_a-fflush.o)
 .debug_loclists
                0x000054af      0x263 /usr/lib/gcc/arm-none-eabi/13.2.1/../../../arm-none-eabi/lib/thumb/v7e-m+fp/hard/libc_nano.a(libc_a-mallocr.o)
 .debug_loclists
                0x00005712      0x164 /usr/lib/gcc/arm-none-eabi/13.2.1/../../../arm-none-eabi/lib/thumb/v7e-m+fp/hard/libc_nano.a(libc_a-freer.o)
 .debug_loclists
                0x00005876       0x87 /usr/lib/gcc/arm-none-eabi/13.2.1/../../../arm-none-eabi/lib/thumb/v7e-m+fp/hard/libc_nano.a(libc_a-fwalk.o)
 .debug_loclists
                0x000058fd       0x61 /usr/lib/gcc/arm-none-eabi/13.2.1/../../../arm-none-eabi/lib/thumb/v7e-m+fp/hard/libc_nano.a(libc_a-wsetup.o)
 .debug_loclists
                0x0000595e      0x102 /usr/lib/gcc/arm-none-eabi/13.2.1/../../../arm-none-eabi/lib/thumb/v7e-m+fp/hard/libc_nano.a(libc_a-reallocr.o)
 .debug_loclists
                0x00005a60      0x1b4 /usr/lib/gcc/arm-none-eabi/13.2.1/../../../arm-none-eabi/lib/thumb/v7e-m+fp/hard/libc_nano.a(libc_a-makebuf.o)
 .debug_loclists
                0x00005c14       0x3c /usr/lib/gcc/arm-none-eabi/13.2.1/../../../arm-none-eabi/lib/thumb/v7e-m+fp/hard/libc_nano.a(libc_a-printf.o)
 .debug_loclists
                0x00005c50      0x5fd /usr/lib/gcc/arm-none-eabi/13.2.1/../../../arm-none-eabi/lib/thumb/v7e-m+fp/hard/libc_nano.a(libc_a-nano-vfprintf.o)
 .debug_loclists
                0x0000624d      0x104 /usr/lib/gcc/arm-none-eabi/13.2.1/../../../arm-none-eabi/lib/thumb/v7e-m+fp/hard/libc_nano.a(libc_a-wbuf.o)
 .debug_loclists
                0x00006351      0x23b /usr/lib/gcc/arm-none-eabi/13.2.1/../../../arm-none-eabi/lib/thumb/v7e-m+fp/hard/libc_nano.a(libc_a-stdio.o)
 .debug_loclists
                0x0000658c       0x59 /usr/lib/gcc/arm-none-eabi/13.2.1/../../../arm-none-eabi/lib/thumb/v7e-m+fp/hard/libc_nano.a(libc_a-msizer.o)
 .debug_loclists
                0x000065e5      0x42a /usr/lib/gcc/arm-none-eabi/13.2.1/../../../arm-none-eabi/lib/thumb/v7e-m+fp/hard/libc_nano.a(libc_a-fvwrite.o)
 .debug_loclists
                0x00006a0f      0x233 /usr/lib/gcc/arm-none-eabi/13.2.1/../../../arm-none-eabi/lib/thumb/v7e-m+fp/hard/libc_nano.a(libc_a-memmove.o)
 .debug_loclists
                0x00006c42      0x44f /usr/lib/gcc/arm-none-eabi/13.2.1/../../../arm-none-eabi/lib/thumb/v7e-m+fp/hard/libc_nano.a(libc_a-nano-vfprintf_i.o)

.debug_aranges  0x00000000      0xc50
 .debug_aranges
                0x00000000       0x80 /home/hexin/code/MA/RIOT/examples/timecast/bin/nrf52840dk/application_timecast/main.o
 .debug_aranges
                0x00000080       0x58 /home/hexin/code/MA/RIOT/examples/timecast/bin/nrf52840dk/application_timecast/packet.o
 .debug_aranges
                0x000000d8      0x160 /home/hexin/code/MA/RIOT/examples/timecast/bin/nrf52840dk/application_timecast/protocol.o
 .debug_aranges
                0x00000238       0x40 /home/hexin/code/MA/RIOT/examples/timecast/bin/nrf52840dk/application_timecast/radio_util.o
 .debug_aranges
                0x00000278       0x60 /home/hexin/code/MA/RIOT/examples/timecast/bin/nrf52840dk/application_timecast/store.o
 .debug_aranges
                0x000002d8       0x78 /home/hexin/code/MA/RIOT/examples/timecast/bin/nrf52840dk/application_timecast/tta_driver.o
 .debug_aranges
                0x00000350       0x20 /home/hexin/code/MA/RIOT/examples/timecast/bin/nrf52840dk/auto_init/auto_init.o
 .debug_aranges
                0x00000370       0x28 /home/hexin/code/MA/RIOT/examples/timecast/bin/nrf52840dk/board_common_init/board_common.o
 .debug_aranges
                0x00000398       0x50 /home/hexin/code/MA/RIOT/examples/timecast/bin/nrf52840dk/core/sched.o
 .debug_aranges
                0x000003e8       0x78 /home/hexin/code/MA/RIOT/examples/timecast/bin/nrf52840dk/core/thread.o
 .debug_aranges
                0x00000460       0x38 /home/hexin/code/MA/RIOT/examples/timecast/bin/nrf52840dk/core_lib/init.o
 .debug_aranges
                0x00000498       0x38 /home/hexin/code/MA/RIOT/examples/timecast/bin/nrf52840dk/core_lib/panic.o
 .debug_aranges
                0x000004d0       0x30 /home/hexin/code/MA/RIOT/examples/timecast/bin/nrf52840dk/cortexm_common/cortexm_init.o
 .debug_aranges
                0x00000500       0x28 /home/hexin/code/MA/RIOT/examples/timecast/bin/nrf52840dk/cortexm_common/panic.o
 .debug_aranges
                0x00000528       0x68 /home/hexin/code/MA/RIOT/examples/timecast/bin/nrf52840dk/cortexm_common/thread_arch.o
 .debug_aranges
                0x00000590       0x70 /home/hexin/code/MA/RIOT/examples/timecast/bin/nrf52840dk/cortexm_common/vectors_cortexm.o
 .debug_aranges
                0x00000600       0x30 /home/hexin/code/MA/RIOT/examples/timecast/bin/nrf52840dk/cortexm_common_periph/pm.o
 .debug_aranges
                0x00000630       0x30 /home/hexin/code/MA/RIOT/examples/timecast/bin/nrf52840dk/cpu/cpu.o
 .debug_aranges
                0x00000660       0x80 /home/hexin/code/MA/RIOT/examples/timecast/bin/nrf52840dk/cpu/spi_twi_irq.o
 .debug_aranges
                0x000006e0       0x48 /home/hexin/code/MA/RIOT/examples/timecast/bin/nrf52840dk/cpu_common/clock.o
 .debug_aranges
                0x00000728       0xc0 /home/hexin/code/MA/RIOT/examples/timecast/bin/nrf52840dk/newlib_syscalls_default/syscalls.o
 .debug_aranges
                0x000007e8       0x28 /home/hexin/code/MA/RIOT/examples/timecast/bin/nrf52840dk/nrf52_vectors/vectors_nrf52840xxaa.o
 .debug_aranges
                0x00000810       0x50 /home/hexin/code/MA/RIOT/examples/timecast/bin/nrf52840dk/nrf5x_common_periph/gpio.o
 .debug_aranges
                0x00000860       0x60 /home/hexin/code/MA/RIOT/examples/timecast/bin/nrf52840dk/nrf5x_common_periph/uart.o
 .debug_aranges
                0x000008c0       0x28 /home/hexin/code/MA/RIOT/examples/timecast/bin/nrf52840dk/periph_common/init.o
 .debug_aranges
                0x000008e8       0x28 /home/hexin/code/MA/RIOT/examples/timecast/bin/nrf52840dk/periph_common/init_leds.o
 .debug_aranges
                0x00000910       0x30 /home/hexin/code/MA/RIOT/examples/timecast/bin/nrf52840dk/stdio/stdio.o
 .debug_aranges
                0x00000940       0x38 /home/hexin/code/MA/RIOT/examples/timecast/bin/nrf52840dk/stdio_uart/stdio_uart.o
 .debug_aranges
                0x00000978       0x18 /usr/lib/gcc/arm-none-eabi/13.2.1/../../../arm-none-eabi/lib/thumb/v7e-m+fp/hard/libc_nano.a(libc_a-impure.o)
 .debug_aranges
                0x00000990       0x20 /usr/lib/gcc/arm-none-eabi/13.2.1/../../../arm-none-eabi/lib/thumb/v7e-m+fp/hard/libc_nano.a(libc_a-init.o)
 .debug_aranges
                0x000009b0       0x20 /usr/lib/gcc/arm-none-eabi/13.2.1/../../../arm-none-eabi/lib/thumb/v7e-m+fp/hard/libc_nano.a(libc_a-puts.o)
 .debug_aranges
                0x000009d0       0x20 /usr/lib/gcc/arm-none-eabi/13.2.1/../../../arm-none-eabi/lib/thumb/v7e-m+fp/hard/libc_nano.a(libc_a-findfp.o)
 .debug_aranges
                0x000009f0       0x20 /usr/lib/gcc/arm-none-eabi/13.2.1/../../../arm-none-eabi/lib/thumb/v7e-m+fp/hard/libc_nano.a(libc_a-memset.o)
 .debug_aranges
                0x00000a10       0x20 /usr/lib/gcc/arm-none-eabi/13.2.1/../../../arm-none-eabi/lib/thumb/v7e-m+fp/hard/libc_nano.a(libc_a-fflush.o)
 .debug_aranges
                0x00000a30       0x20 /usr/lib/gcc/arm-none-eabi/13.2.1/../../../arm-none-eabi/lib/thumb/v7e-m+fp/hard/libc_nano.a(libc_a-mallocr.o)
 .debug_aranges
                0x00000a50       0x20 /usr/lib/gcc/arm-none-eabi/13.2.1/../../../arm-none-eabi/lib/thumb/v7e-m+fp/hard/libc_nano.a(libc_a-freer.o)
 .debug_aranges
                0x00000a70       0x20 /usr/lib/gcc/arm-none-eabi/13.2.1/../../../arm-none-eabi/lib/thumb/v7e-m+fp/hard/libc_nano.a(libc_a-fwalk.o)
 .debug_aranges
                0x00000a90       0x20 /usr/lib/gcc/arm-none-eabi/13.2.1/../../../arm-none-eabi/lib/thumb/v7e-m+fp/hard/libc_nano.a(libc_a-wsetup.o)
 .debug_aranges
                0x00000ab0       0x20 /usr/lib/gcc/arm-none-eabi/13.2.1/../../../arm-none-eabi/lib/thumb/v7e-m+fp/hard/libc_nano.a(libc_a-memcpy.o)
 .debug_aranges
                0x00000ad0       0x20 /usr/lib/gcc/arm-none-eabi/13.2.1/../../../arm-none-eabi/lib/thumb/v7e-m+fp/hard/libc_nano.a(libc_a-reallocr.o)
 .debug_aranges
                0x00000af0       0x20 /usr/lib/gcc/arm-none-eabi/13.2.1/../../../arm-none-eabi/lib/thumb/v7e-m+fp/hard/libc_nano.a(libc_a-mlock.o)
 .debug_aranges
                0x00000b10       0x20 /usr/lib/gcc/arm-none-eabi/13.2.1/../../../arm-none-eabi/lib/thumb/v7e-m+fp/hard/libc_nano.a(libc_a-makebuf.o)
 .debug_aranges
                0x00000b30       0x20 /usr/lib/gcc/arm-none-eabi/13.2.1/../../../arm-none-eabi/lib/thumb/v7e-m+fp/hard/libc_nano.a(libc_a-printf.o)
 .debug_aranges
                0x00000b50       0x20 /usr/lib/gcc/arm-none-eabi/13.2.1/../../../arm-none-eabi/lib/thumb/v7e-m+fp/hard/libc_nano.a(libc_a-nano-vfprintf.o)
 .debug_aranges
                0x00000b70       0x20 /usr/lib/gcc/arm-none-eabi/13.2.1/../../../arm-none-eabi/lib/thumb/v7e-m+fp/hard/libc_nano.a(libc_a-wbuf.o)
 .debug_aranges
                0x00000b90       0x20 /usr/lib/gcc/arm-none-eabi/13.2.1/../../../arm-none-eabi/lib/thumb/v7e-m+fp/hard/libc_nano.a(libc_a-stdio.o)
 .debug_aranges
                0x00000bb0       0x20 /usr/lib/gcc/arm-none-eabi/13.2.1/../../../arm-none-eabi/lib/thumb/v7e-m+fp/hard/libc_nano.a(libc_a-msizer.o)
 .debug_aranges
                0x00000bd0       0x20 /usr/lib/gcc/arm-none-eabi/13.2.1/../../../arm-none-eabi/lib/thumb/v7e-m+fp/hard/libc_nano.a(libc_a-fvwrite.o)
 .debug_aranges
                0x00000bf0       0x20 /usr/lib/gcc/arm-none-eabi/13.2.1/../../../arm-none-eabi/lib/thumb/v7e-m+fp/hard/libc_nano.a(libc_a-memmove.o)
 .debug_aranges
                0x00000c10       0x20 /usr/lib/gcc/arm-none-eabi/13.2.1/../../../arm-none-eabi/lib/thumb/v7e-m+fp/hard/libc_nano.a(libc_a-memchr.o)
 .debug_aranges
                0x00000c30       0x20 /usr/lib/gcc/arm-none-eabi/13.2.1/../../../arm-none-eabi/lib/thumb/v7e-m+fp/hard/libc_nano.a(libc_a-nano-vfprintf_i.o)

.debug_rnglists
                0x00000000     0x1049
 .debug_rnglists
                0x00000000      0x3cc /home/hexin/code/MA/RIOT/examples/timecast/bin/nrf52840dk/application_timecast/main.o
 .debug_rnglists